-- The C compiler identification is GNU 13.2.0
-- The CXX compiler identification is GNU 13.2.0
-- Detecting C compiler ABI info
-- Detecting C compiler ABI info - done
-- Check for working C compiler: /usr/bin/cc - skipped
-- Detecting C compile features
-- Detecting C compile features - done
-- Detecting CXX compiler ABI info
-- Detecting CXX compiler ABI info - done
-- Check for working CXX compiler: /usr/bin/c++ - skipped
-- Detecting CXX compile features
-- Detecting CXX compile features - done
-- Found ament_cmake: 2.5.2 (/opt/ros/jazzy/share/ament_cmake/cmake)
-- Found Python3: /usr/bin/python3 (found version "3.12.3") found components: Interpreter 
-- Configuring done (0.7s)
-- Generating done (0.0s)
-- Build files have been written to: /ros_ws/src/build/libkdtp
[ 20%] [32mBuilding CXX object CMakeFiles/libkdtp.dir/src/dof.cc.o[0m
[ 40%] [32mBuilding CXX object CMakeFiles/libkdtp.dir/src/spline.cc.o[0m
[ 60%] [32mBuilding CXX object CMakeFiles/libkdtp.dir/src/localpath.cc.o[0m
[ 80%] [32mBuilding CXX object CMakeFiles/libkdtp.dir/src/poly.cc.o[0m
[100%] [32m[1mLinking CXX shared library liblibkdtp.so[0m
[100%] Built target libkdtp
