[0.008s] Invoking command in '/ros_ws/src/build/libkdtp': CMAKE_PREFIX_PATH=${CMAKE_PREFIX_PATH}:/opt/ros/jazzy /usr/bin/cmake /ros_ws/src/libkdtp -DCMAKE_INSTALL_PREFIX=/ros_ws/src/install/libkdtp
[0.044s] -- The C compiler identification is GNU 13.2.0
[0.092s] -- The CXX compiler identification is GNU 13.2.0
[0.104s] -- Detecting C compiler ABI info
[0.211s] -- Detecting C compiler ABI info - done
[0.230s] -- Check for working C compiler: /usr/bin/cc - skipped
[0.231s] -- Detecting C compile features
[0.232s] -- Detecting C compile features - done
[0.247s] -- Detecting CXX compiler ABI info
[0.341s] -- Detecting CXX compiler ABI info - done
[0.348s] -- Check for working CXX compiler: /usr/bin/c++ - skipped
[0.348s] -- Detecting CXX compile features
[0.348s] -- Detecting CXX compile features - done
[0.350s] -- Found ament_cmake: 2.5.2 (/opt/ros/jazzy/share/ament_cmake/cmake)
[0.566s] -- Found Python3: /usr/bin/python3 (found version "3.12.3") found components: Interpreter 
[0.734s] -- Configuring done (0.7s)
[0.736s] -- Generating done (0.0s)
[0.737s] -- Build files have been written to: /ros_ws/src/build/libkdtp
[0.741s] Invoked command in '/ros_ws/src/build/libkdtp' returned '0': CMAKE_PREFIX_PATH=${CMAKE_PREFIX_PATH}:/opt/ros/jazzy /usr/bin/cmake /ros_ws/src/libkdtp -DCMAKE_INSTALL_PREFIX=/ros_ws/src/install/libkdtp
[0.742s] Invoking command in '/ros_ws/src/build/libkdtp': CMAKE_PREFIX_PATH=${CMAKE_PREFIX_PATH}:/opt/ros/jazzy /usr/bin/cmake --build /ros_ws/src/build/libkdtp -- -j16 -l16
[0.767s] [ 20%] [32mBuilding CXX object CMakeFiles/libkdtp.dir/src/dof.cc.o[0m
[0.767s] [ 40%] [32mBuilding CXX object CMakeFiles/libkdtp.dir/src/spline.cc.o[0m
[0.768s] [ 60%] [32mBuilding CXX object CMakeFiles/libkdtp.dir/src/localpath.cc.o[0m
[0.768s] [ 80%] [32mBuilding CXX object CMakeFiles/libkdtp.dir/src/poly.cc.o[0m
[1.058s] [100%] [32m[1mLinking CXX shared library liblibkdtp.so[0m
[1.119s] [100%] Built target libkdtp
