-- The C compiler identification is GNU 13.2.0
-- The CXX compiler identification is GNU 13.2.0
-- Detecting C compiler ABI info
-- Detecting C compiler ABI info - done
-- Check for working C compiler: /usr/bin/cc - skipped
-- Detecting C compile features
-- Detecting C compile features - done
-- Detecting CXX compiler ABI info
-- Detecting CXX compiler ABI info - done
-- Check for working CXX compiler: /usr/bin/c++ - skipped
-- Detecting CXX compile features
-- Detecting CXX compile features - done
-- Found ament_cmake: 2.5.2 (/opt/ros/jazzy/share/ament_cmake/cmake)
-- Found Python3: /usr/bin/python3 (found version "3.12.3") found components: Interpreter 
-- Found rclcpp: 28.1.5 (/opt/ros/jazzy/share/rclcpp/cmake)
-- Found rosidl_generator_c: 4.6.4 (/opt/ros/jazzy/share/rosidl_generator_c/cmake)
-- Found rosidl_generator_cpp: 4.6.4 (/opt/ros/jazzy/share/rosidl_generator_cpp/cmake)
-- Using all available rosidl_typesupport_c: rosidl_typesupport_fastrtps_c;rosidl_typesupport_introspection_c
-- Using all available rosidl_typesupport_cpp: rosidl_typesupport_fastrtps_cpp;rosidl_typesupport_introspection_cpp
-- Found rmw_implementation_cmake: 7.3.1 (/opt/ros/jazzy/share/rmw_implementation_cmake/cmake)
-- Found rmw_fastrtps_cpp: 8.4.1 (/opt/ros/jazzy/share/rmw_fastrtps_cpp/cmake)
-- Found OpenSSL: /usr/lib/x86_64-linux-gnu/libcrypto.so (found version "3.0.13")  
-- Found FastRTPS: /opt/ros/jazzy/include (Required is at least version "2.13") 
-- Using RMW implementation 'rmw_fastrtps_cpp' as default
-- Found std_msgs: 5.3.5 (/opt/ros/jazzy/share/std_msgs/cmake)
-- Found geometry_msgs: 5.3.5 (/opt/ros/jazzy/share/geometry_msgs/cmake)
-- Found rosidl_default_generators: 1.6.0 (/opt/ros/jazzy/share/rosidl_default_generators/cmake)
-- Found rosidl_adapter: 4.6.4 (/opt/ros/jazzy/share/rosidl_adapter/cmake)
-- Found maneuver: 0.1.0 (/ros_ws/src/install/maneuver/share/maneuver/cmake)
-- Found ament_cmake_ros: 0.12.0 (/opt/ros/jazzy/share/ament_cmake_ros/cmake)
-- Using all available rosidl_typesupport_c: rosidl_typesupport_fastrtps_c;rosidl_typesupport_introspection_c
-- Using all available rosidl_typesupport_cpp: rosidl_typesupport_fastrtps_cpp;rosidl_typesupport_introspection_cpp
-- Found python_cmake_module: 0.11.1 (/opt/ros/jazzy/share/python_cmake_module/cmake)
-- Found PythonExtra: /usr/bin/python3  
-- Found Python3: /usr/bin/python3 (found version "3.12.3") found components: Interpreter Development NumPy Development.Module Development.Embed 
-- Configuring done (3.4s)
-- Generating done (0.0s)
-- Build files have been written to: /ros_ws/src/build/controller
[  1%] [34m[1mGenerating type hashes for ROS interfaces[0m
[  1%] Built target ament_cmake_python_copy_controller
running egg_info
creating controller.egg-info
writing controller.egg-info/PKG-INFO
writing dependency_links to controller.egg-info/dependency_links.txt
writing top-level names to controller.egg-info/top_level.txt
writing manifest file 'controller.egg-info/SOURCES.txt'
[  1%] Built target controller__rosidl_generator_type_description
[  2%] [34m[1mGenerating C code for ROS interfaces[0m
reading manifest file 'controller.egg-info/SOURCES.txt'
writing manifest file 'controller.egg-info/SOURCES.txt'
[  3%] [34m[1mGenerating C++ code for ROS interfaces[0m
[  3%] Built target ament_cmake_python_build_controller_egg
[  3%] Built target controller__cpp
[  4%] [32mBuilding C object CMakeFiles/controller__rosidl_generator_c.dir/rosidl_generator_c/controller/msg/detail/motor_speed__description.c.o[0m
[  6%] [32mBuilding C object CMakeFiles/controller__rosidl_generator_c.dir/rosidl_generator_c/controller/msg/detail/motor_speed__type_support.c.o[0m
[  8%] [32mBuilding C object CMakeFiles/controller__rosidl_generator_c.dir/rosidl_generator_c/controller/msg/detail/pose__description.c.o[0m
[  9%] [32mBuilding C object CMakeFiles/controller__rosidl_generator_c.dir/rosidl_generator_c/controller/msg/detail/pose__functions.c.o[0m
[ 10%] [32mBuilding C object CMakeFiles/controller__rosidl_generator_c.dir/rosidl_generator_c/controller/msg/detail/uvector__description.c.o[0m
[ 11%] [32mBuilding C object CMakeFiles/controller__rosidl_generator_c.dir/rosidl_generator_c/controller/msg/detail/uvector__functions.c.o[0m
[ 12%] [32mBuilding C object CMakeFiles/controller__rosidl_generator_c.dir/rosidl_generator_c/controller/msg/detail/uvector__type_support.c.o[0m
[ 13%] [32mBuilding C object CMakeFiles/controller__rosidl_generator_c.dir/rosidl_generator_c/controller/msg/detail/error_msg__description.c.o[0m
[ 16%] [32mBuilding C object CMakeFiles/controller__rosidl_generator_c.dir/rosidl_generator_c/controller/msg/detail/error_msg__functions.c.o[0m
[ 16%] [32mBuilding C object CMakeFiles/controller__rosidl_generator_c.dir/rosidl_generator_c/controller/msg/detail/pose__type_support.c.o[0m
[ 17%] [32mBuilding C object CMakeFiles/controller__rosidl_generator_c.dir/rosidl_generator_c/controller/srv/detail/angular_wrench__description.c.o[0m
[ 17%] [32mBuilding C object CMakeFiles/controller__rosidl_generator_c.dir/rosidl_generator_c/controller/msg/detail/motor_speed__functions.c.o[0m
[ 18%] [32mBuilding C object CMakeFiles/controller__rosidl_generator_c.dir/rosidl_generator_c/controller/srv/detail/angular_wrench__functions.c.o[0m
[ 20%] [32mBuilding C object CMakeFiles/controller__rosidl_generator_c.dir/rosidl_generator_c/controller/srv/detail/linear_wrench__description.c.o[0m
[ 20%] [32mBuilding C object CMakeFiles/controller__rosidl_generator_c.dir/rosidl_generator_c/controller/srv/detail/angular_wrench__type_support.c.o[0m
[ 22%] [32mBuilding C object CMakeFiles/controller__rosidl_generator_c.dir/rosidl_generator_c/controller/msg/detail/error_msg__type_support.c.o[0m
[ 23%] [32mBuilding C object CMakeFiles/controller__rosidl_generator_c.dir/rosidl_generator_c/controller/srv/detail/linear_wrench__functions.c.o[0m
[ 24%] [32mBuilding C object CMakeFiles/controller__rosidl_generator_c.dir/rosidl_generator_c/controller/srv/detail/linear_wrench__type_support.c.o[0m
[ 25%] [32m[1mLinking C shared library libcontroller__rosidl_generator_c.so[0m
[ 25%] Built target controller__rosidl_generator_c
[ 32%] [34m[1mGenerating C++ introspection for ROS interfaces[0m
[ 32%] [34m[1mGenerating C++ type support for eProsima Fast-RTPS[0m
[ 32%] [34m[1mGenerating C type support dispatch for ROS interfaces[0m
[ 32%] [34m[1mGenerating C++ type support dispatch for ROS interfaces[0m
[ 32%] [34m[1mGenerating C introspection for ROS interfaces[0m
[ 32%] [34m[1mGenerating C type support for eProsima Fast-RTPS[0m
[ 33%] [32mBuilding CXX object CMakeFiles/controller__rosidl_typesupport_c.dir/rosidl_typesupport_c/controller/srv/linear_wrench__type_support.cpp.o[0m
[ 37%] [32mBuilding CXX object CMakeFiles/controller__rosidl_typesupport_c.dir/rosidl_typesupport_c/controller/msg/uvector__type_support.cpp.o[0m
[ 37%] [32mBuilding CXX object CMakeFiles/controller__rosidl_typesupport_c.dir/rosidl_typesupport_c/controller/msg/pose__type_support.cpp.o[0m
[ 39%] [32mBuilding CXX object CMakeFiles/controller__rosidl_typesupport_c.dir/rosidl_typesupport_c/controller/srv/angular_wrench__type_support.cpp.o[0m
[ 39%] [32mBuilding CXX object CMakeFiles/controller__rosidl_typesupport_c.dir/rosidl_typesupport_c/controller/msg/error_msg__type_support.cpp.o[0m
[ 37%] [32mBuilding CXX object CMakeFiles/controller__rosidl_typesupport_c.dir/rosidl_typesupport_c/controller/msg/motor_speed__type_support.cpp.o[0m
[ 40%] [32m[1mLinking CXX shared library libcontroller__rosidl_typesupport_c.so[0m
[ 40%] Built target controller__rosidl_typesupport_c
[ 44%] [32mBuilding C object CMakeFiles/controller__rosidl_typesupport_introspection_c.dir/rosidl_typesupport_introspection_c/controller/srv/detail/angular_wrench__type_support.c.o[0m
[ 44%] [32mBuilding C object CMakeFiles/controller__rosidl_typesupport_introspection_c.dir/rosidl_typesupport_introspection_c/controller/srv/detail/linear_wrench__type_support.c.o[0m
[ 44%] [32mBuilding C object CMakeFiles/controller__rosidl_typesupport_introspection_c.dir/rosidl_typesupport_introspection_c/controller/msg/detail/error_msg__type_support.c.o[0m
[ 45%] [32mBuilding C object CMakeFiles/controller__rosidl_typesupport_introspection_c.dir/rosidl_typesupport_introspection_c/controller/msg/detail/motor_speed__type_support.c.o[0m
[ 47%] [32mBuilding C object CMakeFiles/controller__rosidl_typesupport_introspection_c.dir/rosidl_typesupport_introspection_c/controller/msg/detail/pose__type_support.c.o[0m
[ 47%] [32mBuilding C object CMakeFiles/controller__rosidl_typesupport_introspection_c.dir/rosidl_typesupport_introspection_c/controller/msg/detail/uvector__type_support.c.o[0m
[ 48%] [32m[1mLinking C shared library libcontroller__rosidl_typesupport_introspection_c.so[0m
[ 55%] [32mBuilding CXX object CMakeFiles/controller__rosidl_typesupport_fastrtps_cpp.dir/rosidl_typesupport_fastrtps_cpp/controller/msg/detail/dds_fastrtps/error_msg__type_support.cpp.o[0m
[ 55%] [32mBuilding CXX object CMakeFiles/controller__rosidl_typesupport_fastrtps_cpp.dir/rosidl_typesupport_fastrtps_cpp/controller/srv/detail/dds_fastrtps/linear_wrench__type_support.cpp.o[0m
[ 55%] [32mBuilding CXX object CMakeFiles/controller__rosidl_typesupport_fastrtps_cpp.dir/rosidl_typesupport_fastrtps_cpp/controller/msg/detail/dds_fastrtps/uvector__type_support.cpp.o[0m
[ 55%] [32mBuilding CXX object CMakeFiles/controller__rosidl_typesupport_fastrtps_cpp.dir/rosidl_typesupport_fastrtps_cpp/controller/msg/detail/dds_fastrtps/pose__type_support.cpp.o[0m
[ 55%] [32mBuilding CXX object CMakeFiles/controller__rosidl_typesupport_fastrtps_cpp.dir/rosidl_typesupport_fastrtps_cpp/controller/srv/detail/dds_fastrtps/angular_wrench__type_support.cpp.o[0m
[ 55%] [32mBuilding CXX object CMakeFiles/controller__rosidl_typesupport_fastrtps_cpp.dir/rosidl_typesupport_fastrtps_cpp/controller/msg/detail/dds_fastrtps/motor_speed__type_support.cpp.o[0m
[ 55%] Built target controller__rosidl_typesupport_introspection_c
[ 60%] [32mBuilding CXX object CMakeFiles/controller__rosidl_typesupport_cpp.dir/rosidl_typesupport_cpp/controller/msg/error_msg__type_support.cpp.o[0m
[ 60%] [32mBuilding CXX object CMakeFiles/controller__rosidl_typesupport_cpp.dir/rosidl_typesupport_cpp/controller/msg/pose__type_support.cpp.o[0m
[ 60%] [32mBuilding CXX object CMakeFiles/controller__rosidl_typesupport_cpp.dir/rosidl_typesupport_cpp/controller/msg/uvector__type_support.cpp.o[0m
[ 61%] [32mBuilding CXX object CMakeFiles/controller__rosidl_typesupport_cpp.dir/rosidl_typesupport_cpp/controller/srv/angular_wrench__type_support.cpp.o[0m
[ 61%] [32mBuilding CXX object CMakeFiles/controller__rosidl_typesupport_cpp.dir/rosidl_typesupport_cpp/controller/msg/motor_speed__type_support.cpp.o[0m
[ 62%] [32mBuilding CXX object CMakeFiles/controller__rosidl_typesupport_cpp.dir/rosidl_typesupport_cpp/controller/srv/linear_wrench__type_support.cpp.o[0m
[ 65%] [32mBuilding CXX object CMakeFiles/controller__rosidl_typesupport_fastrtps_c.dir/rosidl_typesupport_fastrtps_c/controller/msg/detail/pose__type_support_c.cpp.o[0m
[ 65%] [32mBuilding CXX object CMakeFiles/controller__rosidl_typesupport_fastrtps_c.dir/rosidl_typesupport_fastrtps_c/controller/msg/detail/motor_speed__type_support_c.cpp.o[0m
[ 66%] [32mBuilding CXX object CMakeFiles/controller__rosidl_typesupport_fastrtps_c.dir/rosidl_typesupport_fastrtps_c/controller/msg/detail/uvector__type_support_c.cpp.o[0m
[ 67%] [32mBuilding CXX object CMakeFiles/controller__rosidl_typesupport_introspection_cpp.dir/rosidl_typesupport_introspection_cpp/controller/msg/detail/motor_speed__type_support.cpp.o[0m
[ 68%] [32mBuilding CXX object CMakeFiles/controller__rosidl_typesupport_fastrtps_c.dir/rosidl_typesupport_fastrtps_c/controller/msg/detail/error_msg__type_support_c.cpp.o[0m
[ 69%] [32mBuilding CXX object CMakeFiles/controller__rosidl_typesupport_fastrtps_c.dir/rosidl_typesupport_fastrtps_c/controller/srv/detail/angular_wrench__type_support_c.cpp.o[0m
[ 70%] [32mBuilding CXX object CMakeFiles/controller__rosidl_typesupport_introspection_cpp.dir/rosidl_typesupport_introspection_cpp/controller/msg/detail/pose__type_support.cpp.o[0m
[ 72%] [32mBuilding CXX object CMakeFiles/controller__rosidl_typesupport_fastrtps_c.dir/rosidl_typesupport_fastrtps_c/controller/srv/detail/linear_wrench__type_support_c.cpp.o[0m
[ 73%] [32m[1mLinking CXX shared library libcontroller__rosidl_typesupport_cpp.so[0m
[ 74%] [32mBuilding CXX object CMakeFiles/controller__rosidl_typesupport_introspection_cpp.dir/rosidl_typesupport_introspection_cpp/controller/msg/detail/uvector__type_support.cpp.o[0m
[ 75%] [32mBuilding CXX object CMakeFiles/controller__rosidl_typesupport_introspection_cpp.dir/rosidl_typesupport_introspection_cpp/controller/msg/detail/error_msg__type_support.cpp.o[0m
[ 76%] [32mBuilding CXX object CMakeFiles/controller__rosidl_typesupport_introspection_cpp.dir/rosidl_typesupport_introspection_cpp/controller/srv/detail/angular_wrench__type_support.cpp.o[0m
[ 77%] [32mBuilding CXX object CMakeFiles/controller__rosidl_typesupport_introspection_cpp.dir/rosidl_typesupport_introspection_cpp/controller/srv/detail/linear_wrench__type_support.cpp.o[0m
[ 77%] Built target controller__rosidl_typesupport_cpp
[ 79%] [32m[1mLinking CXX shared library libcontroller__rosidl_typesupport_fastrtps_cpp.so[0m
[ 80%] [32mBuilding CXX object CMakeFiles/controller_node.dir/src/controller.cpp.o[0m
[ 80%] Built target controller__rosidl_typesupport_fastrtps_cpp
[ 81%] [32m[1mLinking CXX shared library libcontroller__rosidl_typesupport_introspection_cpp.so[0m
[ 82%] [32m[1mLinking CXX shared library libcontroller__rosidl_typesupport_fastrtps_c.so[0m
[ 82%] Built target controller__rosidl_typesupport_introspection_cpp
[ 82%] Built target controller__rosidl_typesupport_fastrtps_c
[ 82%] Built target controller
[ 83%] [34m[1mGenerating Python code for ROS interfaces[0m
[ 83%] Built target controller__py
[ 88%] [32mBuilding C object CMakeFiles/controller__rosidl_generator_py.dir/rosidl_generator_py/controller/srv/_angular_wrench_s.c.o[0m
[ 88%] [32mBuilding C object CMakeFiles/controller__rosidl_generator_py.dir/rosidl_generator_py/controller/msg/_pose_s.c.o[0m
[ 88%] [32mBuilding C object CMakeFiles/controller__rosidl_generator_py.dir/rosidl_generator_py/controller/msg/_motor_speed_s.c.o[0m
[ 88%] [32mBuilding C object CMakeFiles/controller__rosidl_generator_py.dir/rosidl_generator_py/controller/msg/_uvector_s.c.o[0m
[ 89%] [32mBuilding C object CMakeFiles/controller__rosidl_generator_py.dir/rosidl_generator_py/controller/srv/_linear_wrench_s.c.o[0m
[ 90%] [32mBuilding C object CMakeFiles/controller__rosidl_generator_py.dir/rosidl_generator_py/controller/msg/_error_msg_s.c.o[0m
[ 91%] [32m[1mLinking C shared library libcontroller__rosidl_generator_py.so[0m
[ 91%] Built target controller__rosidl_generator_py
[ 95%] [32mBuilding C object CMakeFiles/controller_s__rosidl_typesupport_introspection_c.dir/rosidl_generator_py/controller/_controller_s.ep.rosidl_typesupport_introspection_c.c.o[0m
[ 95%] [32mBuilding C object CMakeFiles/controller_s__rosidl_typesupport_c.dir/rosidl_generator_py/controller/_controller_s.ep.rosidl_typesupport_c.c.o[0m
[ 95%] [32mBuilding C object CMakeFiles/controller_s__rosidl_typesupport_fastrtps_c.dir/rosidl_generator_py/controller/_controller_s.ep.rosidl_typesupport_fastrtps_c.c.o[0m
[ 98%] [32m[1mLinking C shared module rosidl_generator_py/controller/controller_s__rosidl_typesupport_introspection_c.so[0m
[ 98%] [32m[1mLinking C shared module rosidl_generator_py/controller/controller_s__rosidl_typesupport_c.so[0m
[ 98%] [32m[1mLinking C shared module rosidl_generator_py/controller/controller_s__rosidl_typesupport_fastrtps_c.so[0m
[ 98%] Built target controller_s__rosidl_typesupport_c
[ 98%] Built target controller_s__rosidl_typesupport_fastrtps_c
[ 98%] Built target controller_s__rosidl_typesupport_introspection_c
[100%] [32m[1mLinking CXX executable controller_node[0m
[100%] Built target controller_node
-- Install configuration: ""
-- Installing: /ros_ws/src/install/controller/share/ament_index/resource_index/rosidl_interfaces/controller
-- Installing: /ros_ws/src/install/controller/share/controller/msg/MotorSpeed.json
-- Installing: /ros_ws/src/install/controller/share/controller/msg/Pose.json
-- Installing: /ros_ws/src/install/controller/share/controller/msg/Uvector.json
-- Installing: /ros_ws/src/install/controller/share/controller/msg/ErrorMsg.json
-- Installing: /ros_ws/src/install/controller/share/controller/srv/AngularWrench.json
-- Installing: /ros_ws/src/install/controller/share/controller/srv/LinearWrench.json
-- Installing: /ros_ws/src/install/controller/include/controller/controller
-- Installing: /ros_ws/src/install/controller/include/controller/controller/msg
-- Installing: /ros_ws/src/install/controller/include/controller/controller/msg/error_msg.h
-- Installing: /ros_ws/src/install/controller/include/controller/controller/msg/detail
-- Installing: /ros_ws/src/install/controller/include/controller/controller/msg/detail/error_msg__functions.h
-- Installing: /ros_ws/src/install/controller/include/controller/controller/msg/detail/uvector__type_support.c
-- Installing: /ros_ws/src/install/controller/include/controller/controller/msg/detail/motor_speed__functions.c
-- Installing: /ros_ws/src/install/controller/include/controller/controller/msg/detail/pose__type_support.h
-- Installing: /ros_ws/src/install/controller/include/controller/controller/msg/detail/pose__functions.c
-- Installing: /ros_ws/src/install/controller/include/controller/controller/msg/detail/pose__struct.h
-- Installing: /ros_ws/src/install/controller/include/controller/controller/msg/detail/motor_speed__functions.h
-- Installing: /ros_ws/src/install/controller/include/controller/controller/msg/detail/motor_speed__description.c
-- Installing: /ros_ws/src/install/controller/include/controller/controller/msg/detail/error_msg__type_support.c
-- Installing: /ros_ws/src/install/controller/include/controller/controller/msg/detail/uvector__struct.h
-- Installing: /ros_ws/src/install/controller/include/controller/controller/msg/detail/error_msg__struct.h
-- Installing: /ros_ws/src/install/controller/include/controller/controller/msg/detail/uvector__functions.c
-- Installing: /ros_ws/src/install/controller/include/controller/controller/msg/detail/error_msg__functions.c
-- Installing: /ros_ws/src/install/controller/include/controller/controller/msg/detail/motor_speed__type_support.c
-- Installing: /ros_ws/src/install/controller/include/controller/controller/msg/detail/uvector__description.c
-- Installing: /ros_ws/src/install/controller/include/controller/controller/msg/detail/pose__type_support.c
-- Installing: /ros_ws/src/install/controller/include/controller/controller/msg/detail/pose__functions.h
-- Installing: /ros_ws/src/install/controller/include/controller/controller/msg/detail/error_msg__type_support.h
-- Installing: /ros_ws/src/install/controller/include/controller/controller/msg/detail/uvector__functions.h
-- Installing: /ros_ws/src/install/controller/include/controller/controller/msg/detail/motor_speed__struct.h
-- Installing: /ros_ws/src/install/controller/include/controller/controller/msg/detail/uvector__type_support.h
-- Installing: /ros_ws/src/install/controller/include/controller/controller/msg/detail/motor_speed__type_support.h
-- Installing: /ros_ws/src/install/controller/include/controller/controller/msg/detail/pose__description.c
-- Installing: /ros_ws/src/install/controller/include/controller/controller/msg/detail/error_msg__description.c
-- Installing: /ros_ws/src/install/controller/include/controller/controller/msg/uvector.h
-- Installing: /ros_ws/src/install/controller/include/controller/controller/msg/pose.h
-- Installing: /ros_ws/src/install/controller/include/controller/controller/msg/motor_speed.h
-- Installing: /ros_ws/src/install/controller/include/controller/controller/msg/rosidl_generator_c__visibility_control.h
-- Installing: /ros_ws/src/install/controller/include/controller/controller/srv
-- Installing: /ros_ws/src/install/controller/include/controller/controller/srv/detail
-- Installing: /ros_ws/src/install/controller/include/controller/controller/srv/detail/angular_wrench__functions.h
-- Installing: /ros_ws/src/install/controller/include/controller/controller/srv/detail/angular_wrench__type_support.c
-- Installing: /ros_ws/src/install/controller/include/controller/controller/srv/detail/angular_wrench__description.c
-- Installing: /ros_ws/src/install/controller/include/controller/controller/srv/detail/linear_wrench__type_support.c
-- Installing: /ros_ws/src/install/controller/include/controller/controller/srv/detail/linear_wrench__struct.h
-- Installing: /ros_ws/src/install/controller/include/controller/controller/srv/detail/linear_wrench__type_support.h
-- Installing: /ros_ws/src/install/controller/include/controller/controller/srv/detail/angular_wrench__type_support.h
-- Installing: /ros_ws/src/install/controller/include/controller/controller/srv/detail/linear_wrench__functions.c
-- Installing: /ros_ws/src/install/controller/include/controller/controller/srv/detail/linear_wrench__description.c
-- Installing: /ros_ws/src/install/controller/include/controller/controller/srv/detail/angular_wrench__struct.h
-- Installing: /ros_ws/src/install/controller/include/controller/controller/srv/detail/angular_wrench__functions.c
-- Installing: /ros_ws/src/install/controller/include/controller/controller/srv/detail/linear_wrench__functions.h
-- Installing: /ros_ws/src/install/controller/include/controller/controller/srv/linear_wrench.h
-- Installing: /ros_ws/src/install/controller/include/controller/controller/srv/angular_wrench.h
-- Installing: /ros_ws/src/install/controller/share/controller/environment/library_path.sh
-- Installing: /ros_ws/src/install/controller/share/controller/environment/library_path.dsv
-- Installing: /ros_ws/src/install/controller/lib/libcontroller__rosidl_generator_c.so
-- Set non-toolchain portion of runtime path of "/ros_ws/src/install/controller/lib/libcontroller__rosidl_generator_c.so" to ""
-- Up-to-date: /ros_ws/src/install/controller/include/controller/controller
-- Up-to-date: /ros_ws/src/install/controller/include/controller/controller/msg
-- Installing: /ros_ws/src/install/controller/include/controller/controller/msg/rosidl_typesupport_fastrtps_c__visibility_control.h
-- Up-to-date: /ros_ws/src/install/controller/include/controller/controller/msg/detail
-- Installing: /ros_ws/src/install/controller/include/controller/controller/msg/detail/uvector__rosidl_typesupport_fastrtps_c.h
-- Installing: /ros_ws/src/install/controller/include/controller/controller/msg/detail/motor_speed__rosidl_typesupport_fastrtps_c.h
-- Installing: /ros_ws/src/install/controller/include/controller/controller/msg/detail/error_msg__rosidl_typesupport_fastrtps_c.h
-- Installing: /ros_ws/src/install/controller/include/controller/controller/msg/detail/pose__rosidl_typesupport_fastrtps_c.h
-- Up-to-date: /ros_ws/src/install/controller/include/controller/controller/srv
-- Up-to-date: /ros_ws/src/install/controller/include/controller/controller/srv/detail
-- Installing: /ros_ws/src/install/controller/include/controller/controller/srv/detail/angular_wrench__rosidl_typesupport_fastrtps_c.h
-- Installing: /ros_ws/src/install/controller/include/controller/controller/srv/detail/linear_wrench__rosidl_typesupport_fastrtps_c.h
-- Installing: /ros_ws/src/install/controller/lib/libcontroller__rosidl_typesupport_fastrtps_c.so
-- Set non-toolchain portion of runtime path of "/ros_ws/src/install/controller/lib/libcontroller__rosidl_typesupport_fastrtps_c.so" to ""
-- Up-to-date: /ros_ws/src/install/controller/include/controller/controller
-- Up-to-date: /ros_ws/src/install/controller/include/controller/controller/msg
-- Installing: /ros_ws/src/install/controller/include/controller/controller/msg/uvector.hpp
-- Up-to-date: /ros_ws/src/install/controller/include/controller/controller/msg/detail
-- Installing: /ros_ws/src/install/controller/include/controller/controller/msg/detail/error_msg__builder.hpp
-- Installing: /ros_ws/src/install/controller/include/controller/controller/msg/detail/error_msg__traits.hpp
-- Installing: /ros_ws/src/install/controller/include/controller/controller/msg/detail/motor_speed__traits.hpp
-- Installing: /ros_ws/src/install/controller/include/controller/controller/msg/detail/motor_speed__builder.hpp
-- Installing: /ros_ws/src/install/controller/include/controller/controller/msg/detail/uvector__builder.hpp
-- Installing: /ros_ws/src/install/controller/include/controller/controller/msg/detail/pose__type_support.hpp
-- Installing: /ros_ws/src/install/controller/include/controller/controller/msg/detail/error_msg__struct.hpp
-- Installing: /ros_ws/src/install/controller/include/controller/controller/msg/detail/pose__traits.hpp
-- Installing: /ros_ws/src/install/controller/include/controller/controller/msg/detail/uvector__struct.hpp
-- Installing: /ros_ws/src/install/controller/include/controller/controller/msg/detail/uvector__traits.hpp
-- Installing: /ros_ws/src/install/controller/include/controller/controller/msg/detail/motor_speed__struct.hpp
-- Installing: /ros_ws/src/install/controller/include/controller/controller/msg/detail/motor_speed__type_support.hpp
-- Installing: /ros_ws/src/install/controller/include/controller/controller/msg/detail/pose__builder.hpp
-- Installing: /ros_ws/src/install/controller/include/controller/controller/msg/detail/pose__struct.hpp
-- Installing: /ros_ws/src/install/controller/include/controller/controller/msg/detail/uvector__type_support.hpp
-- Installing: /ros_ws/src/install/controller/include/controller/controller/msg/detail/error_msg__type_support.hpp
-- Installing: /ros_ws/src/install/controller/include/controller/controller/msg/error_msg.hpp
-- Installing: /ros_ws/src/install/controller/include/controller/controller/msg/motor_speed.hpp
-- Installing: /ros_ws/src/install/controller/include/controller/controller/msg/rosidl_generator_cpp__visibility_control.hpp
-- Installing: /ros_ws/src/install/controller/include/controller/controller/msg/pose.hpp
-- Up-to-date: /ros_ws/src/install/controller/include/controller/controller/srv
-- Installing: /ros_ws/src/install/controller/include/controller/controller/srv/angular_wrench.hpp
-- Up-to-date: /ros_ws/src/install/controller/include/controller/controller/srv/detail
-- Installing: /ros_ws/src/install/controller/include/controller/controller/srv/detail/angular_wrench__struct.hpp
-- Installing: /ros_ws/src/install/controller/include/controller/controller/srv/detail/linear_wrench__struct.hpp
-- Installing: /ros_ws/src/install/controller/include/controller/controller/srv/detail/angular_wrench__type_support.hpp
-- Installing: /ros_ws/src/install/controller/include/controller/controller/srv/detail/angular_wrench__traits.hpp
-- Installing: /ros_ws/src/install/controller/include/controller/controller/srv/detail/linear_wrench__type_support.hpp
-- Installing: /ros_ws/src/install/controller/include/controller/controller/srv/detail/linear_wrench__builder.hpp
-- Installing: /ros_ws/src/install/controller/include/controller/controller/srv/detail/linear_wrench__traits.hpp
-- Installing: /ros_ws/src/install/controller/include/controller/controller/srv/detail/angular_wrench__builder.hpp
-- Installing: /ros_ws/src/install/controller/include/controller/controller/srv/linear_wrench.hpp
-- Up-to-date: /ros_ws/src/install/controller/include/controller/controller
-- Up-to-date: /ros_ws/src/install/controller/include/controller/controller/msg
-- Installing: /ros_ws/src/install/controller/include/controller/controller/msg/rosidl_typesupport_fastrtps_cpp__visibility_control.h
-- Up-to-date: /ros_ws/src/install/controller/include/controller/controller/msg/detail
-- Installing: /ros_ws/src/install/controller/include/controller/controller/msg/detail/pose__rosidl_typesupport_fastrtps_cpp.hpp
-- Installing: /ros_ws/src/install/controller/include/controller/controller/msg/detail/dds_fastrtps
-- Installing: /ros_ws/src/install/controller/include/controller/controller/msg/detail/motor_speed__rosidl_typesupport_fastrtps_cpp.hpp
-- Installing: /ros_ws/src/install/controller/include/controller/controller/msg/detail/uvector__rosidl_typesupport_fastrtps_cpp.hpp
-- Installing: /ros_ws/src/install/controller/include/controller/controller/msg/detail/error_msg__rosidl_typesupport_fastrtps_cpp.hpp
-- Up-to-date: /ros_ws/src/install/controller/include/controller/controller/srv
-- Up-to-date: /ros_ws/src/install/controller/include/controller/controller/srv/detail
-- Installing: /ros_ws/src/install/controller/include/controller/controller/srv/detail/angular_wrench__rosidl_typesupport_fastrtps_cpp.hpp
-- Installing: /ros_ws/src/install/controller/include/controller/controller/srv/detail/dds_fastrtps
-- Installing: /ros_ws/src/install/controller/include/controller/controller/srv/detail/linear_wrench__rosidl_typesupport_fastrtps_cpp.hpp
-- Installing: /ros_ws/src/install/controller/lib/libcontroller__rosidl_typesupport_fastrtps_cpp.so
-- Set non-toolchain portion of runtime path of "/ros_ws/src/install/controller/lib/libcontroller__rosidl_typesupport_fastrtps_cpp.so" to ""
-- Up-to-date: /ros_ws/src/install/controller/include/controller/controller
-- Up-to-date: /ros_ws/src/install/controller/include/controller/controller/msg
-- Installing: /ros_ws/src/install/controller/include/controller/controller/msg/rosidl_typesupport_introspection_c__visibility_control.h
-- Up-to-date: /ros_ws/src/install/controller/include/controller/controller/msg/detail
-- Up-to-date: /ros_ws/src/install/controller/include/controller/controller/msg/detail/uvector__type_support.c
-- Installing: /ros_ws/src/install/controller/include/controller/controller/msg/detail/pose__rosidl_typesupport_introspection_c.h
-- Installing: /ros_ws/src/install/controller/include/controller/controller/msg/detail/uvector__rosidl_typesupport_introspection_c.h
-- Up-to-date: /ros_ws/src/install/controller/include/controller/controller/msg/detail/error_msg__type_support.c
-- Installing: /ros_ws/src/install/controller/include/controller/controller/msg/detail/motor_speed__rosidl_typesupport_introspection_c.h
-- Up-to-date: /ros_ws/src/install/controller/include/controller/controller/msg/detail/motor_speed__type_support.c
-- Up-to-date: /ros_ws/src/install/controller/include/controller/controller/msg/detail/pose__type_support.c
-- Installing: /ros_ws/src/install/controller/include/controller/controller/msg/detail/error_msg__rosidl_typesupport_introspection_c.h
-- Up-to-date: /ros_ws/src/install/controller/include/controller/controller/srv
-- Up-to-date: /ros_ws/src/install/controller/include/controller/controller/srv/detail
-- Up-to-date: /ros_ws/src/install/controller/include/controller/controller/srv/detail/angular_wrench__type_support.c
-- Up-to-date: /ros_ws/src/install/controller/include/controller/controller/srv/detail/linear_wrench__type_support.c
-- Installing: /ros_ws/src/install/controller/include/controller/controller/srv/detail/linear_wrench__rosidl_typesupport_introspection_c.h
-- Installing: /ros_ws/src/install/controller/include/controller/controller/srv/detail/angular_wrench__rosidl_typesupport_introspection_c.h
-- Installing: /ros_ws/src/install/controller/lib/libcontroller__rosidl_typesupport_introspection_c.so
-- Set non-toolchain portion of runtime path of "/ros_ws/src/install/controller/lib/libcontroller__rosidl_typesupport_introspection_c.so" to ""
-- Installing: /ros_ws/src/install/controller/lib/libcontroller__rosidl_typesupport_c.so
-- Set non-toolchain portion of runtime path of "/ros_ws/src/install/controller/lib/libcontroller__rosidl_typesupport_c.so" to ""
-- Up-to-date: /ros_ws/src/install/controller/include/controller/controller
-- Up-to-date: /ros_ws/src/install/controller/include/controller/controller/msg
-- Up-to-date: /ros_ws/src/install/controller/include/controller/controller/msg/detail
-- Installing: /ros_ws/src/install/controller/include/controller/controller/msg/detail/motor_speed__type_support.cpp
-- Installing: /ros_ws/src/install/controller/include/controller/controller/msg/detail/pose__rosidl_typesupport_introspection_cpp.hpp
-- Installing: /ros_ws/src/install/controller/include/controller/controller/msg/detail/uvector__rosidl_typesupport_introspection_cpp.hpp
-- Installing: /ros_ws/src/install/controller/include/controller/controller/msg/detail/error_msg__type_support.cpp
-- Installing: /ros_ws/src/install/controller/include/controller/controller/msg/detail/motor_speed__rosidl_typesupport_introspection_cpp.hpp
-- Installing: /ros_ws/src/install/controller/include/controller/controller/msg/detail/uvector__type_support.cpp
-- Installing: /ros_ws/src/install/controller/include/controller/controller/msg/detail/pose__type_support.cpp
-- Installing: /ros_ws/src/install/controller/include/controller/controller/msg/detail/error_msg__rosidl_typesupport_introspection_cpp.hpp
-- Up-to-date: /ros_ws/src/install/controller/include/controller/controller/srv
-- Up-to-date: /ros_ws/src/install/controller/include/controller/controller/srv/detail
-- Installing: /ros_ws/src/install/controller/include/controller/controller/srv/detail/angular_wrench__type_support.cpp
-- Installing: /ros_ws/src/install/controller/include/controller/controller/srv/detail/linear_wrench__rosidl_typesupport_introspection_cpp.hpp
-- Installing: /ros_ws/src/install/controller/include/controller/controller/srv/detail/angular_wrench__rosidl_typesupport_introspection_cpp.hpp
-- Installing: /ros_ws/src/install/controller/include/controller/controller/srv/detail/linear_wrench__type_support.cpp
-- Installing: /ros_ws/src/install/controller/lib/libcontroller__rosidl_typesupport_introspection_cpp.so
-- Set non-toolchain portion of runtime path of "/ros_ws/src/install/controller/lib/libcontroller__rosidl_typesupport_introspection_cpp.so" to ""
-- Installing: /ros_ws/src/install/controller/lib/libcontroller__rosidl_typesupport_cpp.so
-- Set non-toolchain portion of runtime path of "/ros_ws/src/install/controller/lib/libcontroller__rosidl_typesupport_cpp.so" to ""
-- Installing: /ros_ws/src/install/controller/share/controller/environment/pythonpath.sh
-- Installing: /ros_ws/src/install/controller/share/controller/environment/pythonpath.dsv
-- Installing: /ros_ws/src/install/controller/lib/python3.12/site-packages/controller-0.1.0-py3.12.egg-info
-- Installing: /ros_ws/src/install/controller/lib/python3.12/site-packages/controller-0.1.0-py3.12.egg-info/dependency_links.txt
-- Installing: /ros_ws/src/install/controller/lib/python3.12/site-packages/controller-0.1.0-py3.12.egg-info/SOURCES.txt
-- Installing: /ros_ws/src/install/controller/lib/python3.12/site-packages/controller-0.1.0-py3.12.egg-info/top_level.txt
-- Installing: /ros_ws/src/install/controller/lib/python3.12/site-packages/controller-0.1.0-py3.12.egg-info/PKG-INFO
-- Installing: /ros_ws/src/install/controller/lib/python3.12/site-packages/controller
-- Installing: /ros_ws/src/install/controller/lib/python3.12/site-packages/controller/_controller_s.ep.rosidl_typesupport_introspection_c.c
-- Installing: /ros_ws/src/install/controller/lib/python3.12/site-packages/controller/_controller_s.ep.rosidl_typesupport_c.c
-- Installing: /ros_ws/src/install/controller/lib/python3.12/site-packages/controller/msg
-- Installing: /ros_ws/src/install/controller/lib/python3.12/site-packages/controller/msg/_pose.py
-- Installing: /ros_ws/src/install/controller/lib/python3.12/site-packages/controller/msg/_pose_s.c
-- Installing: /ros_ws/src/install/controller/lib/python3.12/site-packages/controller/msg/_motor_speed.py
-- Installing: /ros_ws/src/install/controller/lib/python3.12/site-packages/controller/msg/_uvector.py
-- Installing: /ros_ws/src/install/controller/lib/python3.12/site-packages/controller/msg/_motor_speed_s.c
-- Installing: /ros_ws/src/install/controller/lib/python3.12/site-packages/controller/msg/_error_msg.py
-- Installing: /ros_ws/src/install/controller/lib/python3.12/site-packages/controller/msg/__init__.py
-- Installing: /ros_ws/src/install/controller/lib/python3.12/site-packages/controller/msg/_uvector_s.c
-- Installing: /ros_ws/src/install/controller/lib/python3.12/site-packages/controller/msg/_error_msg_s.c
-- Installing: /ros_ws/src/install/controller/lib/python3.12/site-packages/controller/controller_s__rosidl_typesupport_introspection_c.so
-- Installing: /ros_ws/src/install/controller/lib/python3.12/site-packages/controller/controller_s__rosidl_typesupport_fastrtps_c.so
-- Installing: /ros_ws/src/install/controller/lib/python3.12/site-packages/controller/__init__.py
-- Installing: /ros_ws/src/install/controller/lib/python3.12/site-packages/controller/controller_s__rosidl_typesupport_c.so
-- Installing: /ros_ws/src/install/controller/lib/python3.12/site-packages/controller/srv
-- Installing: /ros_ws/src/install/controller/lib/python3.12/site-packages/controller/srv/_linear_wrench_s.c
-- Installing: /ros_ws/src/install/controller/lib/python3.12/site-packages/controller/srv/_angular_wrench_s.c
-- Installing: /ros_ws/src/install/controller/lib/python3.12/site-packages/controller/srv/__init__.py
-- Installing: /ros_ws/src/install/controller/lib/python3.12/site-packages/controller/srv/_linear_wrench.py
-- Installing: /ros_ws/src/install/controller/lib/python3.12/site-packages/controller/srv/_angular_wrench.py
-- Installing: /ros_ws/src/install/controller/lib/python3.12/site-packages/controller/_controller_s.ep.rosidl_typesupport_fastrtps_c.c
Listing '/ros_ws/src/install/controller/lib/python3.12/site-packages/controller'...
Compiling '/ros_ws/src/install/controller/lib/python3.12/site-packages/controller/__init__.py'...
Listing '/ros_ws/src/install/controller/lib/python3.12/site-packages/controller/msg'...
Compiling '/ros_ws/src/install/controller/lib/python3.12/site-packages/controller/msg/__init__.py'...
Compiling '/ros_ws/src/install/controller/lib/python3.12/site-packages/controller/msg/_error_msg.py'...
Compiling '/ros_ws/src/install/controller/lib/python3.12/site-packages/controller/msg/_motor_speed.py'...
Compiling '/ros_ws/src/install/controller/lib/python3.12/site-packages/controller/msg/_pose.py'...
Compiling '/ros_ws/src/install/controller/lib/python3.12/site-packages/controller/msg/_uvector.py'...
Listing '/ros_ws/src/install/controller/lib/python3.12/site-packages/controller/srv'...
Compiling '/ros_ws/src/install/controller/lib/python3.12/site-packages/controller/srv/__init__.py'...
Compiling '/ros_ws/src/install/controller/lib/python3.12/site-packages/controller/srv/_angular_wrench.py'...
Compiling '/ros_ws/src/install/controller/lib/python3.12/site-packages/controller/srv/_linear_wrench.py'...
-- Installing: /ros_ws/src/install/controller/lib/python3.12/site-packages/controller/controller_s__rosidl_typesupport_fastrtps_c.so
-- Set non-toolchain portion of runtime path of "/ros_ws/src/install/controller/lib/python3.12/site-packages/controller/controller_s__rosidl_typesupport_fastrtps_c.so" to ""
-- Installing: /ros_ws/src/install/controller/lib/python3.12/site-packages/controller/controller_s__rosidl_typesupport_introspection_c.so
-- Set non-toolchain portion of runtime path of "/ros_ws/src/install/controller/lib/python3.12/site-packages/controller/controller_s__rosidl_typesupport_introspection_c.so" to ""
-- Installing: /ros_ws/src/install/controller/lib/python3.12/site-packages/controller/controller_s__rosidl_typesupport_c.so
-- Set non-toolchain portion of runtime path of "/ros_ws/src/install/controller/lib/python3.12/site-packages/controller/controller_s__rosidl_typesupport_c.so" to ""
-- Installing: /ros_ws/src/install/controller/lib/libcontroller__rosidl_generator_py.so
-- Set non-toolchain portion of runtime path of "/ros_ws/src/install/controller/lib/libcontroller__rosidl_generator_py.so" to ""
-- Installing: /ros_ws/src/install/controller/share/controller/msg/MotorSpeed.idl
-- Installing: /ros_ws/src/install/controller/share/controller/msg/Pose.idl
-- Installing: /ros_ws/src/install/controller/share/controller/msg/Uvector.idl
-- Installing: /ros_ws/src/install/controller/share/controller/msg/ErrorMsg.idl
-- Installing: /ros_ws/src/install/controller/share/controller/srv/AngularWrench.idl
-- Installing: /ros_ws/src/install/controller/share/controller/srv/LinearWrench.idl
-- Installing: /ros_ws/src/install/controller/share/controller/msg/MotorSpeed.msg
-- Installing: /ros_ws/src/install/controller/share/controller/msg/Pose.msg
-- Installing: /ros_ws/src/install/controller/share/controller/msg/Uvector.msg
-- Installing: /ros_ws/src/install/controller/share/controller/msg/ErrorMsg.msg
-- Installing: /ros_ws/src/install/controller/share/controller/srv/AngularWrench.srv
-- Installing: /ros_ws/src/install/controller/share/controller/srv/LinearWrench.srv
-- Installing: /ros_ws/src/install/controller/lib/controller/controller_node
-- Set non-toolchain portion of runtime path of "/ros_ws/src/install/controller/lib/controller/controller_node" to ""
-- Installing: /ros_ws/src/install/controller/share/controller//launch
-- Installing: /ros_ws/src/install/controller/share/controller//launch/control.launch.py
-- Installing: /ros_ws/src/install/controller/share/ament_index/resource_index/package_run_dependencies/controller
-- Installing: /ros_ws/src/install/controller/share/ament_index/resource_index/parent_prefix_path/controller
-- Installing: /ros_ws/src/install/controller/share/controller/environment/ament_prefix_path.sh
-- Installing: /ros_ws/src/install/controller/share/controller/environment/ament_prefix_path.dsv
-- Installing: /ros_ws/src/install/controller/share/controller/environment/path.sh
-- Installing: /ros_ws/src/install/controller/share/controller/environment/path.dsv
-- Installing: /ros_ws/src/install/controller/share/controller/local_setup.bash
-- Installing: /ros_ws/src/install/controller/share/controller/local_setup.sh
-- Installing: /ros_ws/src/install/controller/share/controller/local_setup.zsh
-- Installing: /ros_ws/src/install/controller/share/controller/local_setup.dsv
-- Installing: /ros_ws/src/install/controller/share/controller/package.dsv
-- Installing: /ros_ws/src/install/controller/share/ament_index/resource_index/packages/controller
-- Installing: /ros_ws/src/install/controller/share/controller/cmake/export_controller__rosidl_generator_cExport.cmake
-- Installing: /ros_ws/src/install/controller/share/controller/cmake/export_controller__rosidl_generator_cExport-noconfig.cmake
-- Installing: /ros_ws/src/install/controller/share/controller/cmake/export_controller__rosidl_typesupport_fastrtps_cExport.cmake
-- Installing: /ros_ws/src/install/controller/share/controller/cmake/export_controller__rosidl_typesupport_fastrtps_cExport-noconfig.cmake
-- Installing: /ros_ws/src/install/controller/share/controller/cmake/export_controller__rosidl_generator_cppExport.cmake
-- Installing: /ros_ws/src/install/controller/share/controller/cmake/export_controller__rosidl_typesupport_fastrtps_cppExport.cmake
-- Installing: /ros_ws/src/install/controller/share/controller/cmake/export_controller__rosidl_typesupport_fastrtps_cppExport-noconfig.cmake
-- Installing: /ros_ws/src/install/controller/share/controller/cmake/controller__rosidl_typesupport_introspection_cExport.cmake
-- Installing: /ros_ws/src/install/controller/share/controller/cmake/controller__rosidl_typesupport_introspection_cExport-noconfig.cmake
-- Installing: /ros_ws/src/install/controller/share/controller/cmake/controller__rosidl_typesupport_cExport.cmake
-- Installing: /ros_ws/src/install/controller/share/controller/cmake/controller__rosidl_typesupport_cExport-noconfig.cmake
-- Installing: /ros_ws/src/install/controller/share/controller/cmake/controller__rosidl_typesupport_introspection_cppExport.cmake
-- Installing: /ros_ws/src/install/controller/share/controller/cmake/controller__rosidl_typesupport_introspection_cppExport-noconfig.cmake
-- Installing: /ros_ws/src/install/controller/share/controller/cmake/controller__rosidl_typesupport_cppExport.cmake
-- Installing: /ros_ws/src/install/controller/share/controller/cmake/controller__rosidl_typesupport_cppExport-noconfig.cmake
-- Installing: /ros_ws/src/install/controller/share/controller/cmake/export_controller__rosidl_generator_pyExport.cmake
-- Installing: /ros_ws/src/install/controller/share/controller/cmake/export_controller__rosidl_generator_pyExport-noconfig.cmake
-- Installing: /ros_ws/src/install/controller/share/controller/cmake/rosidl_cmake-extras.cmake
-- Installing: /ros_ws/src/install/controller/share/controller/cmake/ament_cmake_export_dependencies-extras.cmake
-- Installing: /ros_ws/src/install/controller/share/controller/cmake/ament_cmake_export_include_directories-extras.cmake
-- Installing: /ros_ws/src/install/controller/share/controller/cmake/ament_cmake_export_libraries-extras.cmake
-- Installing: /ros_ws/src/install/controller/share/controller/cmake/ament_cmake_export_targets-extras.cmake
-- Installing: /ros_ws/src/install/controller/share/controller/cmake/rosidl_cmake_export_typesupport_targets-extras.cmake
-- Installing: /ros_ws/src/install/controller/share/controller/cmake/rosidl_cmake_export_typesupport_libraries-extras.cmake
-- Installing: /ros_ws/src/install/controller/share/controller/cmake/controllerConfig.cmake
-- Installing: /ros_ws/src/install/controller/share/controller/cmake/controllerConfig-version.cmake
-- Installing: /ros_ws/src/install/controller/share/controller/package.xml
