[0.007s] Invoking command in '/ros_ws/src/build/controller': AMENT_PREFIX_PATH=/ros_ws/src/install/maneuver:/ros_ws/src/install/libkdtp:${AMENT_PREFIX_PATH} CMAKE_PREFIX_PATH=/ros_ws/src/install/maneuver:/ros_ws/src/install/libkdtp:/ros_ws/install/uav_simulator:/ros_ws/install/my_ros2_package:/ros_ws/install/controller:/ros_ws/install/maneuver:/ros_ws/install/libkdtp:/opt/ros/jazzy/opt/gz_math_vendor:/opt/ros/jazzy/opt/gz_utils_vendor:/opt/ros/jazzy/opt/gz_cmake_vendor:/opt/ros/jazzy LD_LIBRARY_PATH=/ros_ws/src/install/maneuver/lib:/ros_ws/src/install/libkdtp/lib:${LD_LIBRARY_PATH} PYTHONPATH=/ros_ws/src/install/maneuver/lib/python3.12/site-packages:${PYTHONPATH} /usr/bin/cmake /ros_ws/src/controller -DCMAKE_INSTALL_PREFIX=/ros_ws/src/install/controller
[0.042s] -- The C compiler identification is GNU 13.2.0
[0.113s] -- The CXX compiler identification is GNU 13.2.0
[0.132s] -- Detecting C compiler ABI info
[0.252s] -- Detecting C compiler ABI info - done
[0.271s] -- Check for working C compiler: /usr/bin/cc - skipped
[0.271s] -- Detecting C compile features
[0.272s] -- Detecting C compile features - done
[0.288s] -- Detecting CXX compiler ABI info
[0.448s] -- Detecting CXX compiler ABI info - done
[0.469s] -- Check for working CXX compiler: /usr/bin/c++ - skipped
[0.469s] -- Detecting CXX compile features
[0.470s] -- Detecting CXX compile features - done
[0.475s] -- Found ament_cmake: 2.5.2 (/opt/ros/jazzy/share/ament_cmake/cmake)
[0.678s] -- Found Python3: /usr/bin/python3 (found version "3.12.3") found components: Interpreter 
[0.781s] -- Found rclcpp: 28.1.5 (/opt/ros/jazzy/share/rclcpp/cmake)
[0.830s] -- Found rosidl_generator_c: 4.6.4 (/opt/ros/jazzy/share/rosidl_generator_c/cmake)
[0.839s] -- Found rosidl_generator_cpp: 4.6.4 (/opt/ros/jazzy/share/rosidl_generator_cpp/cmake)
[0.851s] -- Using all available rosidl_typesupport_c: rosidl_typesupport_fastrtps_c;rosidl_typesupport_introspection_c
[0.863s] -- Using all available rosidl_typesupport_cpp: rosidl_typesupport_fastrtps_cpp;rosidl_typesupport_introspection_cpp
[0.915s] -- Found rmw_implementation_cmake: 7.3.1 (/opt/ros/jazzy/share/rmw_implementation_cmake/cmake)
[0.917s] -- Found rmw_fastrtps_cpp: 8.4.1 (/opt/ros/jazzy/share/rmw_fastrtps_cpp/cmake)
[0.961s] -- Found OpenSSL: /usr/lib/x86_64-linux-gnu/libcrypto.so (found version "3.0.13")  
[0.974s] -- Found FastRTPS: /opt/ros/jazzy/include (Required is at least version "2.13") 
[0.988s] -- Using RMW implementation 'rmw_fastrtps_cpp' as default
[1.038s] -- Found std_msgs: 5.3.5 (/opt/ros/jazzy/share/std_msgs/cmake)
[1.048s] -- Found geometry_msgs: 5.3.5 (/opt/ros/jazzy/share/geometry_msgs/cmake)
[1.059s] -- Found rosidl_default_generators: 1.6.0 (/opt/ros/jazzy/share/rosidl_default_generators/cmake)
[1.069s] -- Found rosidl_adapter: 4.6.4 (/opt/ros/jazzy/share/rosidl_adapter/cmake)
[1.071s] -- Found maneuver: 0.1.0 (/ros_ws/src/install/maneuver/share/maneuver/cmake)
[1.872s] -- Found ament_cmake_ros: 0.12.0 (/opt/ros/jazzy/share/ament_cmake_ros/cmake)
[2.725s] -- Using all available rosidl_typesupport_c: rosidl_typesupport_fastrtps_c;rosidl_typesupport_introspection_c
[2.942s] -- Using all available rosidl_typesupport_cpp: rosidl_typesupport_fastrtps_cpp;rosidl_typesupport_introspection_cpp
[2.944s] -- Found python_cmake_module: 0.11.1 (/opt/ros/jazzy/share/python_cmake_module/cmake)
[3.035s] -- Found PythonExtra: /usr/bin/python3  
[3.323s] -- Found Python3: /usr/bin/python3 (found version "3.12.3") found components: Interpreter Development NumPy Development.Module Development.Embed 
[3.367s] -- Configuring done (3.4s)
[3.401s] -- Generating done (0.0s)
[3.410s] -- Build files have been written to: /ros_ws/src/build/controller
[3.419s] Invoked command in '/ros_ws/src/build/controller' returned '0': AMENT_PREFIX_PATH=/ros_ws/src/install/maneuver:/ros_ws/src/install/libkdtp:${AMENT_PREFIX_PATH} CMAKE_PREFIX_PATH=/ros_ws/src/install/maneuver:/ros_ws/src/install/libkdtp:/ros_ws/install/uav_simulator:/ros_ws/install/my_ros2_package:/ros_ws/install/controller:/ros_ws/install/maneuver:/ros_ws/install/libkdtp:/opt/ros/jazzy/opt/gz_math_vendor:/opt/ros/jazzy/opt/gz_utils_vendor:/opt/ros/jazzy/opt/gz_cmake_vendor:/opt/ros/jazzy LD_LIBRARY_PATH=/ros_ws/src/install/maneuver/lib:/ros_ws/src/install/libkdtp/lib:${LD_LIBRARY_PATH} PYTHONPATH=/ros_ws/src/install/maneuver/lib/python3.12/site-packages:${PYTHONPATH} /usr/bin/cmake /ros_ws/src/controller -DCMAKE_INSTALL_PREFIX=/ros_ws/src/install/controller
[3.420s] Invoking command in '/ros_ws/src/build/controller': AMENT_PREFIX_PATH=/ros_ws/src/install/maneuver:/ros_ws/src/install/libkdtp:${AMENT_PREFIX_PATH} CMAKE_PREFIX_PATH=/ros_ws/src/install/maneuver:/ros_ws/src/install/libkdtp:/ros_ws/install/uav_simulator:/ros_ws/install/my_ros2_package:/ros_ws/install/controller:/ros_ws/install/maneuver:/ros_ws/install/libkdtp:/opt/ros/jazzy/opt/gz_math_vendor:/opt/ros/jazzy/opt/gz_utils_vendor:/opt/ros/jazzy/opt/gz_cmake_vendor:/opt/ros/jazzy LD_LIBRARY_PATH=/ros_ws/src/install/maneuver/lib:/ros_ws/src/install/libkdtp/lib:${LD_LIBRARY_PATH} PYTHONPATH=/ros_ws/src/install/maneuver/lib/python3.12/site-packages:${PYTHONPATH} /usr/bin/cmake --build /ros_ws/src/build/controller -- -j16 -l16
[3.453s] [  1%] [34m[1mGenerating type hashes for ROS interfaces[0m
[3.458s] [  1%] Built target ament_cmake_python_copy_controller
[3.589s] running egg_info
[3.589s] creating controller.egg-info
[3.601s] writing controller.egg-info/PKG-INFO
[3.601s] writing dependency_links to controller.egg-info/dependency_links.txt
[3.601s] writing top-level names to controller.egg-info/top_level.txt
[3.601s] writing manifest file 'controller.egg-info/SOURCES.txt'
[3.626s] [  1%] Built target controller__rosidl_generator_type_description
[3.632s] [  2%] [34m[1mGenerating C code for ROS interfaces[0m
[3.636s] reading manifest file 'controller.egg-info/SOURCES.txt'
[3.636s] writing manifest file 'controller.egg-info/SOURCES.txt'
[3.639s] [  3%] [34m[1mGenerating C++ code for ROS interfaces[0m
[3.656s] [  3%] Built target ament_cmake_python_build_controller_egg
[3.989s] [  3%] Built target controller__cpp
[4.062s] [  4%] [32mBuilding C object CMakeFiles/controller__rosidl_generator_c.dir/rosidl_generator_c/controller/msg/detail/motor_speed__description.c.o[0m
[4.062s] [  6%] [32mBuilding C object CMakeFiles/controller__rosidl_generator_c.dir/rosidl_generator_c/controller/msg/detail/motor_speed__type_support.c.o[0m
[4.062s] [  8%] [32mBuilding C object CMakeFiles/controller__rosidl_generator_c.dir/rosidl_generator_c/controller/msg/detail/pose__description.c.o[0m
[4.063s] [  9%] [32mBuilding C object CMakeFiles/controller__rosidl_generator_c.dir/rosidl_generator_c/controller/msg/detail/pose__functions.c.o[0m
[4.063s] [ 10%] [32mBuilding C object CMakeFiles/controller__rosidl_generator_c.dir/rosidl_generator_c/controller/msg/detail/uvector__description.c.o[0m
[4.063s] [ 11%] [32mBuilding C object CMakeFiles/controller__rosidl_generator_c.dir/rosidl_generator_c/controller/msg/detail/uvector__functions.c.o[0m
[4.063s] [ 12%] [32mBuilding C object CMakeFiles/controller__rosidl_generator_c.dir/rosidl_generator_c/controller/msg/detail/uvector__type_support.c.o[0m
[4.063s] [ 13%] [32mBuilding C object CMakeFiles/controller__rosidl_generator_c.dir/rosidl_generator_c/controller/msg/detail/error_msg__description.c.o[0m
[4.063s] [ 16%] [32mBuilding C object CMakeFiles/controller__rosidl_generator_c.dir/rosidl_generator_c/controller/msg/detail/error_msg__functions.c.o[0m
[4.063s] [ 16%] [32mBuilding C object CMakeFiles/controller__rosidl_generator_c.dir/rosidl_generator_c/controller/msg/detail/pose__type_support.c.o[0m
[4.063s] [ 17%] [32mBuilding C object CMakeFiles/controller__rosidl_generator_c.dir/rosidl_generator_c/controller/srv/detail/angular_wrench__description.c.o[0m
[4.064s] [ 17%] [32mBuilding C object CMakeFiles/controller__rosidl_generator_c.dir/rosidl_generator_c/controller/msg/detail/motor_speed__functions.c.o[0m
[4.064s] [ 18%] [32mBuilding C object CMakeFiles/controller__rosidl_generator_c.dir/rosidl_generator_c/controller/srv/detail/angular_wrench__functions.c.o[0m
[4.069s] [ 20%] [32mBuilding C object CMakeFiles/controller__rosidl_generator_c.dir/rosidl_generator_c/controller/srv/detail/linear_wrench__description.c.o[0m
[4.070s] [ 20%] [32mBuilding C object CMakeFiles/controller__rosidl_generator_c.dir/rosidl_generator_c/controller/srv/detail/angular_wrench__type_support.c.o[0m
[4.070s] [ 22%] [32mBuilding C object CMakeFiles/controller__rosidl_generator_c.dir/rosidl_generator_c/controller/msg/detail/error_msg__type_support.c.o[0m
[4.103s] [ 23%] [32mBuilding C object CMakeFiles/controller__rosidl_generator_c.dir/rosidl_generator_c/controller/srv/detail/linear_wrench__functions.c.o[0m
[4.105s] [ 24%] [32mBuilding C object CMakeFiles/controller__rosidl_generator_c.dir/rosidl_generator_c/controller/srv/detail/linear_wrench__type_support.c.o[0m
[4.159s] [ 25%] [32m[1mLinking C shared library libcontroller__rosidl_generator_c.so[0m
[4.184s] [ 25%] Built target controller__rosidl_generator_c
[4.191s] [ 32%] [34m[1mGenerating C++ introspection for ROS interfaces[0m
[4.191s] [ 32%] [34m[1mGenerating C++ type support for eProsima Fast-RTPS[0m
[4.191s] [ 32%] [34m[1mGenerating C type support dispatch for ROS interfaces[0m
[4.191s] [ 32%] [34m[1mGenerating C++ type support dispatch for ROS interfaces[0m
[4.191s] [ 32%] [34m[1mGenerating C introspection for ROS interfaces[0m
[4.192s] [ 32%] [34m[1mGenerating C type support for eProsima Fast-RTPS[0m
[4.429s] [ 33%] [32mBuilding CXX object CMakeFiles/controller__rosidl_typesupport_c.dir/rosidl_typesupport_c/controller/srv/linear_wrench__type_support.cpp.o[0m
[4.430s] [ 37%] [32mBuilding CXX object CMakeFiles/controller__rosidl_typesupport_c.dir/rosidl_typesupport_c/controller/msg/uvector__type_support.cpp.o[0m
[4.430s] [ 37%] [32mBuilding CXX object CMakeFiles/controller__rosidl_typesupport_c.dir/rosidl_typesupport_c/controller/msg/pose__type_support.cpp.o[0m
[4.431s] [ 39%] [32mBuilding CXX object CMakeFiles/controller__rosidl_typesupport_c.dir/rosidl_typesupport_c/controller/srv/angular_wrench__type_support.cpp.o[0m
[4.431s] [ 39%] [32mBuilding CXX object CMakeFiles/controller__rosidl_typesupport_c.dir/rosidl_typesupport_c/controller/msg/error_msg__type_support.cpp.o[0m
[4.431s] [ 37%] [32mBuilding CXX object CMakeFiles/controller__rosidl_typesupport_c.dir/rosidl_typesupport_c/controller/msg/motor_speed__type_support.cpp.o[0m
[4.483s] [ 40%] [32m[1mLinking CXX shared library libcontroller__rosidl_typesupport_c.so[0m
[4.512s] [ 40%] Built target controller__rosidl_typesupport_c
[4.526s] [ 44%] [32mBuilding C object CMakeFiles/controller__rosidl_typesupport_introspection_c.dir/rosidl_typesupport_introspection_c/controller/srv/detail/angular_wrench__type_support.c.o[0m
[4.526s] [ 44%] [32mBuilding C object CMakeFiles/controller__rosidl_typesupport_introspection_c.dir/rosidl_typesupport_introspection_c/controller/srv/detail/linear_wrench__type_support.c.o[0m
[4.526s] [ 44%] [32mBuilding C object CMakeFiles/controller__rosidl_typesupport_introspection_c.dir/rosidl_typesupport_introspection_c/controller/msg/detail/error_msg__type_support.c.o[0m
[4.527s] [ 45%] [32mBuilding C object CMakeFiles/controller__rosidl_typesupport_introspection_c.dir/rosidl_typesupport_introspection_c/controller/msg/detail/motor_speed__type_support.c.o[0m
[4.527s] [ 47%] [32mBuilding C object CMakeFiles/controller__rosidl_typesupport_introspection_c.dir/rosidl_typesupport_introspection_c/controller/msg/detail/pose__type_support.c.o[0m
[4.527s] [ 47%] [32mBuilding C object CMakeFiles/controller__rosidl_typesupport_introspection_c.dir/rosidl_typesupport_introspection_c/controller/msg/detail/uvector__type_support.c.o[0m
[4.579s] [ 48%] [32m[1mLinking C shared library libcontroller__rosidl_typesupport_introspection_c.so[0m
[4.600s] [ 55%] [32mBuilding CXX object CMakeFiles/controller__rosidl_typesupport_fastrtps_cpp.dir/rosidl_typesupport_fastrtps_cpp/controller/msg/detail/dds_fastrtps/error_msg__type_support.cpp.o[0m
[4.600s] [ 55%] [32mBuilding CXX object CMakeFiles/controller__rosidl_typesupport_fastrtps_cpp.dir/rosidl_typesupport_fastrtps_cpp/controller/srv/detail/dds_fastrtps/linear_wrench__type_support.cpp.o[0m
[4.600s] [ 55%] [32mBuilding CXX object CMakeFiles/controller__rosidl_typesupport_fastrtps_cpp.dir/rosidl_typesupport_fastrtps_cpp/controller/msg/detail/dds_fastrtps/uvector__type_support.cpp.o[0m
[4.600s] [ 55%] [32mBuilding CXX object CMakeFiles/controller__rosidl_typesupport_fastrtps_cpp.dir/rosidl_typesupport_fastrtps_cpp/controller/msg/detail/dds_fastrtps/pose__type_support.cpp.o[0m
[4.600s] [ 55%] [32mBuilding CXX object CMakeFiles/controller__rosidl_typesupport_fastrtps_cpp.dir/rosidl_typesupport_fastrtps_cpp/controller/srv/detail/dds_fastrtps/angular_wrench__type_support.cpp.o[0m
[4.600s] [ 55%] [32mBuilding CXX object CMakeFiles/controller__rosidl_typesupport_fastrtps_cpp.dir/rosidl_typesupport_fastrtps_cpp/controller/msg/detail/dds_fastrtps/motor_speed__type_support.cpp.o[0m
[4.602s] [ 55%] Built target controller__rosidl_typesupport_introspection_c
[4.634s] [ 60%] [32mBuilding CXX object CMakeFiles/controller__rosidl_typesupport_cpp.dir/rosidl_typesupport_cpp/controller/msg/error_msg__type_support.cpp.o[0m
[4.634s] [ 60%] [32mBuilding CXX object CMakeFiles/controller__rosidl_typesupport_cpp.dir/rosidl_typesupport_cpp/controller/msg/pose__type_support.cpp.o[0m
[4.634s] [ 60%] [32mBuilding CXX object CMakeFiles/controller__rosidl_typesupport_cpp.dir/rosidl_typesupport_cpp/controller/msg/uvector__type_support.cpp.o[0m
[4.635s] [ 61%] [32mBuilding CXX object CMakeFiles/controller__rosidl_typesupport_cpp.dir/rosidl_typesupport_cpp/controller/srv/angular_wrench__type_support.cpp.o[0m
[4.635s] [ 61%] [32mBuilding CXX object CMakeFiles/controller__rosidl_typesupport_cpp.dir/rosidl_typesupport_cpp/controller/msg/motor_speed__type_support.cpp.o[0m
[4.650s] [ 62%] [32mBuilding CXX object CMakeFiles/controller__rosidl_typesupport_cpp.dir/rosidl_typesupport_cpp/controller/srv/linear_wrench__type_support.cpp.o[0m
[4.808s] [ 65%] [32mBuilding CXX object CMakeFiles/controller__rosidl_typesupport_fastrtps_c.dir/rosidl_typesupport_fastrtps_c/controller/msg/detail/pose__type_support_c.cpp.o[0m
[4.809s] [ 65%] [32mBuilding CXX object CMakeFiles/controller__rosidl_typesupport_fastrtps_c.dir/rosidl_typesupport_fastrtps_c/controller/msg/detail/motor_speed__type_support_c.cpp.o[0m
[4.817s] [ 66%] [32mBuilding CXX object CMakeFiles/controller__rosidl_typesupport_fastrtps_c.dir/rosidl_typesupport_fastrtps_c/controller/msg/detail/uvector__type_support_c.cpp.o[0m
[4.818s] [ 67%] [32mBuilding CXX object CMakeFiles/controller__rosidl_typesupport_introspection_cpp.dir/rosidl_typesupport_introspection_cpp/controller/msg/detail/motor_speed__type_support.cpp.o[0m
[5.032s] [ 68%] [32mBuilding CXX object CMakeFiles/controller__rosidl_typesupport_fastrtps_c.dir/rosidl_typesupport_fastrtps_c/controller/msg/detail/error_msg__type_support_c.cpp.o[0m
[5.062s] [ 69%] [32mBuilding CXX object CMakeFiles/controller__rosidl_typesupport_fastrtps_c.dir/rosidl_typesupport_fastrtps_c/controller/srv/detail/angular_wrench__type_support_c.cpp.o[0m
[5.088s] [ 70%] [32mBuilding CXX object CMakeFiles/controller__rosidl_typesupport_introspection_cpp.dir/rosidl_typesupport_introspection_cpp/controller/msg/detail/pose__type_support.cpp.o[0m
[5.094s] [ 72%] [32mBuilding CXX object CMakeFiles/controller__rosidl_typesupport_fastrtps_c.dir/rosidl_typesupport_fastrtps_c/controller/srv/detail/linear_wrench__type_support_c.cpp.o[0m
[5.185s] [ 73%] [32m[1mLinking CXX shared library libcontroller__rosidl_typesupport_cpp.so[0m
[5.189s] [ 74%] [32mBuilding CXX object CMakeFiles/controller__rosidl_typesupport_introspection_cpp.dir/rosidl_typesupport_introspection_cpp/controller/msg/detail/uvector__type_support.cpp.o[0m
[5.274s] [ 75%] [32mBuilding CXX object CMakeFiles/controller__rosidl_typesupport_introspection_cpp.dir/rosidl_typesupport_introspection_cpp/controller/msg/detail/error_msg__type_support.cpp.o[0m
[5.328s] [ 76%] [32mBuilding CXX object CMakeFiles/controller__rosidl_typesupport_introspection_cpp.dir/rosidl_typesupport_introspection_cpp/controller/srv/detail/angular_wrench__type_support.cpp.o[0m
[5.339s] [ 77%] [32mBuilding CXX object CMakeFiles/controller__rosidl_typesupport_introspection_cpp.dir/rosidl_typesupport_introspection_cpp/controller/srv/detail/linear_wrench__type_support.cpp.o[0m
[5.408s] [ 77%] Built target controller__rosidl_typesupport_cpp
[5.427s] [ 79%] [32m[1mLinking CXX shared library libcontroller__rosidl_typesupport_fastrtps_cpp.so[0m
[5.429s] [ 80%] [32mBuilding CXX object CMakeFiles/controller_node.dir/src/controller.cpp.o[0m
[5.521s] [ 80%] Built target controller__rosidl_typesupport_fastrtps_cpp
[5.747s] [ 81%] [32m[1mLinking CXX shared library libcontroller__rosidl_typesupport_introspection_cpp.so[0m
[5.774s] [ 82%] [32m[1mLinking CXX shared library libcontroller__rosidl_typesupport_fastrtps_c.so[0m
[5.800s] [ 82%] Built target controller__rosidl_typesupport_introspection_cpp
[5.824s] [ 82%] Built target controller__rosidl_typesupport_fastrtps_c
[5.836s] [ 82%] Built target controller
[5.849s] [ 83%] [34m[1mGenerating Python code for ROS interfaces[0m
[6.414s] [ 83%] Built target controller__py
[6.426s] [ 88%] [32mBuilding C object CMakeFiles/controller__rosidl_generator_py.dir/rosidl_generator_py/controller/srv/_angular_wrench_s.c.o[0m
[6.427s] [ 88%] [32mBuilding C object CMakeFiles/controller__rosidl_generator_py.dir/rosidl_generator_py/controller/msg/_pose_s.c.o[0m
[6.427s] [ 88%] [32mBuilding C object CMakeFiles/controller__rosidl_generator_py.dir/rosidl_generator_py/controller/msg/_motor_speed_s.c.o[0m
[6.427s] [ 88%] [32mBuilding C object CMakeFiles/controller__rosidl_generator_py.dir/rosidl_generator_py/controller/msg/_uvector_s.c.o[0m
[6.427s] [ 89%] [32mBuilding C object CMakeFiles/controller__rosidl_generator_py.dir/rosidl_generator_py/controller/srv/_linear_wrench_s.c.o[0m
[6.428s] [ 90%] [32mBuilding C object CMakeFiles/controller__rosidl_generator_py.dir/rosidl_generator_py/controller/msg/_error_msg_s.c.o[0m
[6.608s] [ 91%] [32m[1mLinking C shared library libcontroller__rosidl_generator_py.so[0m
[6.637s] [ 91%] Built target controller__rosidl_generator_py
[6.651s] [ 95%] [32mBuilding C object CMakeFiles/controller_s__rosidl_typesupport_introspection_c.dir/rosidl_generator_py/controller/_controller_s.ep.rosidl_typesupport_introspection_c.c.o[0m
[6.651s] [ 95%] [32mBuilding C object CMakeFiles/controller_s__rosidl_typesupport_c.dir/rosidl_generator_py/controller/_controller_s.ep.rosidl_typesupport_c.c.o[0m
[6.651s] [ 95%] [32mBuilding C object CMakeFiles/controller_s__rosidl_typesupport_fastrtps_c.dir/rosidl_generator_py/controller/_controller_s.ep.rosidl_typesupport_fastrtps_c.c.o[0m
[6.747s] [ 98%] [32m[1mLinking C shared module rosidl_generator_py/controller/controller_s__rosidl_typesupport_introspection_c.so[0m
[6.747s] [ 98%] [32m[1mLinking C shared module rosidl_generator_py/controller/controller_s__rosidl_typesupport_c.so[0m
[6.747s] [ 98%] [32m[1mLinking C shared module rosidl_generator_py/controller/controller_s__rosidl_typesupport_fastrtps_c.so[0m
[6.767s] [ 98%] Built target controller_s__rosidl_typesupport_c
[6.767s] [ 98%] Built target controller_s__rosidl_typesupport_fastrtps_c
[6.767s] [ 98%] Built target controller_s__rosidl_typesupport_introspection_c
[26.691s] [100%] [32m[1mLinking CXX executable controller_node[0m
[27.263s] [100%] Built target controller_node
[27.270s] Invoked command in '/ros_ws/src/build/controller' returned '0': AMENT_PREFIX_PATH=/ros_ws/src/install/maneuver:/ros_ws/src/install/libkdtp:${AMENT_PREFIX_PATH} CMAKE_PREFIX_PATH=/ros_ws/src/install/maneuver:/ros_ws/src/install/libkdtp:/ros_ws/install/uav_simulator:/ros_ws/install/my_ros2_package:/ros_ws/install/controller:/ros_ws/install/maneuver:/ros_ws/install/libkdtp:/opt/ros/jazzy/opt/gz_math_vendor:/opt/ros/jazzy/opt/gz_utils_vendor:/opt/ros/jazzy/opt/gz_cmake_vendor:/opt/ros/jazzy LD_LIBRARY_PATH=/ros_ws/src/install/maneuver/lib:/ros_ws/src/install/libkdtp/lib:${LD_LIBRARY_PATH} PYTHONPATH=/ros_ws/src/install/maneuver/lib/python3.12/site-packages:${PYTHONPATH} /usr/bin/cmake --build /ros_ws/src/build/controller -- -j16 -l16
[27.271s] Invoking command in '/ros_ws/src/build/controller': AMENT_PREFIX_PATH=/ros_ws/src/install/maneuver:/ros_ws/src/install/libkdtp:${AMENT_PREFIX_PATH} CMAKE_PREFIX_PATH=/ros_ws/src/install/maneuver:/ros_ws/src/install/libkdtp:/ros_ws/install/uav_simulator:/ros_ws/install/my_ros2_package:/ros_ws/install/controller:/ros_ws/install/maneuver:/ros_ws/install/libkdtp:/opt/ros/jazzy/opt/gz_math_vendor:/opt/ros/jazzy/opt/gz_utils_vendor:/opt/ros/jazzy/opt/gz_cmake_vendor:/opt/ros/jazzy LD_LIBRARY_PATH=/ros_ws/src/install/maneuver/lib:/ros_ws/src/install/libkdtp/lib:${LD_LIBRARY_PATH} PYTHONPATH=/ros_ws/src/install/maneuver/lib/python3.12/site-packages:${PYTHONPATH} /usr/bin/cmake --install /ros_ws/src/build/controller
[27.275s] -- Install configuration: ""
[27.275s] -- Installing: /ros_ws/src/install/controller/share/ament_index/resource_index/rosidl_interfaces/controller
[27.275s] -- Installing: /ros_ws/src/install/controller/share/controller/msg/MotorSpeed.json
[27.275s] -- Installing: /ros_ws/src/install/controller/share/controller/msg/Pose.json
[27.275s] -- Installing: /ros_ws/src/install/controller/share/controller/msg/Uvector.json
[27.275s] -- Installing: /ros_ws/src/install/controller/share/controller/msg/ErrorMsg.json
[27.275s] -- Installing: /ros_ws/src/install/controller/share/controller/srv/AngularWrench.json
[27.275s] -- Installing: /ros_ws/src/install/controller/share/controller/srv/LinearWrench.json
[27.275s] -- Installing: /ros_ws/src/install/controller/include/controller/controller
[27.276s] -- Installing: /ros_ws/src/install/controller/include/controller/controller/msg
[27.276s] -- Installing: /ros_ws/src/install/controller/include/controller/controller/msg/error_msg.h
[27.276s] -- Installing: /ros_ws/src/install/controller/include/controller/controller/msg/detail
[27.276s] -- Installing: /ros_ws/src/install/controller/include/controller/controller/msg/detail/error_msg__functions.h
[27.276s] -- Installing: /ros_ws/src/install/controller/include/controller/controller/msg/detail/uvector__type_support.c
[27.276s] -- Installing: /ros_ws/src/install/controller/include/controller/controller/msg/detail/motor_speed__functions.c
[27.276s] -- Installing: /ros_ws/src/install/controller/include/controller/controller/msg/detail/pose__type_support.h
[27.276s] -- Installing: /ros_ws/src/install/controller/include/controller/controller/msg/detail/pose__functions.c
[27.276s] -- Installing: /ros_ws/src/install/controller/include/controller/controller/msg/detail/pose__struct.h
[27.276s] -- Installing: /ros_ws/src/install/controller/include/controller/controller/msg/detail/motor_speed__functions.h
[27.276s] -- Installing: /ros_ws/src/install/controller/include/controller/controller/msg/detail/motor_speed__description.c
[27.276s] -- Installing: /ros_ws/src/install/controller/include/controller/controller/msg/detail/error_msg__type_support.c
[27.276s] -- Installing: /ros_ws/src/install/controller/include/controller/controller/msg/detail/uvector__struct.h
[27.276s] -- Installing: /ros_ws/src/install/controller/include/controller/controller/msg/detail/error_msg__struct.h
[27.276s] -- Installing: /ros_ws/src/install/controller/include/controller/controller/msg/detail/uvector__functions.c
[27.276s] -- Installing: /ros_ws/src/install/controller/include/controller/controller/msg/detail/error_msg__functions.c
[27.276s] -- Installing: /ros_ws/src/install/controller/include/controller/controller/msg/detail/motor_speed__type_support.c
[27.276s] -- Installing: /ros_ws/src/install/controller/include/controller/controller/msg/detail/uvector__description.c
[27.276s] -- Installing: /ros_ws/src/install/controller/include/controller/controller/msg/detail/pose__type_support.c
[27.277s] -- Installing: /ros_ws/src/install/controller/include/controller/controller/msg/detail/pose__functions.h
[27.277s] -- Installing: /ros_ws/src/install/controller/include/controller/controller/msg/detail/error_msg__type_support.h
[27.277s] -- Installing: /ros_ws/src/install/controller/include/controller/controller/msg/detail/uvector__functions.h
[27.277s] -- Installing: /ros_ws/src/install/controller/include/controller/controller/msg/detail/motor_speed__struct.h
[27.277s] -- Installing: /ros_ws/src/install/controller/include/controller/controller/msg/detail/uvector__type_support.h
[27.277s] -- Installing: /ros_ws/src/install/controller/include/controller/controller/msg/detail/motor_speed__type_support.h
[27.277s] -- Installing: /ros_ws/src/install/controller/include/controller/controller/msg/detail/pose__description.c
[27.277s] -- Installing: /ros_ws/src/install/controller/include/controller/controller/msg/detail/error_msg__description.c
[27.277s] -- Installing: /ros_ws/src/install/controller/include/controller/controller/msg/uvector.h
[27.277s] -- Installing: /ros_ws/src/install/controller/include/controller/controller/msg/pose.h
[27.277s] -- Installing: /ros_ws/src/install/controller/include/controller/controller/msg/motor_speed.h
[27.277s] -- Installing: /ros_ws/src/install/controller/include/controller/controller/msg/rosidl_generator_c__visibility_control.h
[27.277s] -- Installing: /ros_ws/src/install/controller/include/controller/controller/srv
[27.277s] -- Installing: /ros_ws/src/install/controller/include/controller/controller/srv/detail
[27.277s] -- Installing: /ros_ws/src/install/controller/include/controller/controller/srv/detail/angular_wrench__functions.h
[27.277s] -- Installing: /ros_ws/src/install/controller/include/controller/controller/srv/detail/angular_wrench__type_support.c
[27.277s] -- Installing: /ros_ws/src/install/controller/include/controller/controller/srv/detail/angular_wrench__description.c
[27.277s] -- Installing: /ros_ws/src/install/controller/include/controller/controller/srv/detail/linear_wrench__type_support.c
[27.277s] -- Installing: /ros_ws/src/install/controller/include/controller/controller/srv/detail/linear_wrench__struct.h
[27.277s] -- Installing: /ros_ws/src/install/controller/include/controller/controller/srv/detail/linear_wrench__type_support.h
[27.278s] -- Installing: /ros_ws/src/install/controller/include/controller/controller/srv/detail/angular_wrench__type_support.h
[27.278s] -- Installing: /ros_ws/src/install/controller/include/controller/controller/srv/detail/linear_wrench__functions.c
[27.278s] -- Installing: /ros_ws/src/install/controller/include/controller/controller/srv/detail/linear_wrench__description.c
[27.278s] -- Installing: /ros_ws/src/install/controller/include/controller/controller/srv/detail/angular_wrench__struct.h
[27.278s] -- Installing: /ros_ws/src/install/controller/include/controller/controller/srv/detail/angular_wrench__functions.c
[27.278s] -- Installing: /ros_ws/src/install/controller/include/controller/controller/srv/detail/linear_wrench__functions.h
[27.278s] -- Installing: /ros_ws/src/install/controller/include/controller/controller/srv/linear_wrench.h
[27.278s] -- Installing: /ros_ws/src/install/controller/include/controller/controller/srv/angular_wrench.h
[27.278s] -- Installing: /ros_ws/src/install/controller/share/controller/environment/library_path.sh
[27.278s] -- Installing: /ros_ws/src/install/controller/share/controller/environment/library_path.dsv
[27.278s] -- Installing: /ros_ws/src/install/controller/lib/libcontroller__rosidl_generator_c.so
[27.278s] -- Set non-toolchain portion of runtime path of "/ros_ws/src/install/controller/lib/libcontroller__rosidl_generator_c.so" to ""
[27.278s] -- Up-to-date: /ros_ws/src/install/controller/include/controller/controller
[27.278s] -- Up-to-date: /ros_ws/src/install/controller/include/controller/controller/msg
[27.278s] -- Installing: /ros_ws/src/install/controller/include/controller/controller/msg/rosidl_typesupport_fastrtps_c__visibility_control.h
[27.278s] -- Up-to-date: /ros_ws/src/install/controller/include/controller/controller/msg/detail
[27.278s] -- Installing: /ros_ws/src/install/controller/include/controller/controller/msg/detail/uvector__rosidl_typesupport_fastrtps_c.h
[27.278s] -- Installing: /ros_ws/src/install/controller/include/controller/controller/msg/detail/motor_speed__rosidl_typesupport_fastrtps_c.h
[27.278s] -- Installing: /ros_ws/src/install/controller/include/controller/controller/msg/detail/error_msg__rosidl_typesupport_fastrtps_c.h
[27.278s] -- Installing: /ros_ws/src/install/controller/include/controller/controller/msg/detail/pose__rosidl_typesupport_fastrtps_c.h
[27.279s] -- Up-to-date: /ros_ws/src/install/controller/include/controller/controller/srv
[27.279s] -- Up-to-date: /ros_ws/src/install/controller/include/controller/controller/srv/detail
[27.279s] -- Installing: /ros_ws/src/install/controller/include/controller/controller/srv/detail/angular_wrench__rosidl_typesupport_fastrtps_c.h
[27.279s] -- Installing: /ros_ws/src/install/controller/include/controller/controller/srv/detail/linear_wrench__rosidl_typesupport_fastrtps_c.h
[27.279s] -- Installing: /ros_ws/src/install/controller/lib/libcontroller__rosidl_typesupport_fastrtps_c.so
[27.279s] -- Set non-toolchain portion of runtime path of "/ros_ws/src/install/controller/lib/libcontroller__rosidl_typesupport_fastrtps_c.so" to ""
[27.279s] -- Up-to-date: /ros_ws/src/install/controller/include/controller/controller
[27.279s] -- Up-to-date: /ros_ws/src/install/controller/include/controller/controller/msg
[27.279s] -- Installing: /ros_ws/src/install/controller/include/controller/controller/msg/uvector.hpp
[27.279s] -- Up-to-date: /ros_ws/src/install/controller/include/controller/controller/msg/detail
[27.279s] -- Installing: /ros_ws/src/install/controller/include/controller/controller/msg/detail/error_msg__builder.hpp
[27.279s] -- Installing: /ros_ws/src/install/controller/include/controller/controller/msg/detail/error_msg__traits.hpp
[27.279s] -- Installing: /ros_ws/src/install/controller/include/controller/controller/msg/detail/motor_speed__traits.hpp
[27.279s] -- Installing: /ros_ws/src/install/controller/include/controller/controller/msg/detail/motor_speed__builder.hpp
[27.279s] -- Installing: /ros_ws/src/install/controller/include/controller/controller/msg/detail/uvector__builder.hpp
[27.279s] -- Installing: /ros_ws/src/install/controller/include/controller/controller/msg/detail/pose__type_support.hpp
[27.279s] -- Installing: /ros_ws/src/install/controller/include/controller/controller/msg/detail/error_msg__struct.hpp
[27.279s] -- Installing: /ros_ws/src/install/controller/include/controller/controller/msg/detail/pose__traits.hpp
[27.279s] -- Installing: /ros_ws/src/install/controller/include/controller/controller/msg/detail/uvector__struct.hpp
[27.279s] -- Installing: /ros_ws/src/install/controller/include/controller/controller/msg/detail/uvector__traits.hpp
[27.280s] -- Installing: /ros_ws/src/install/controller/include/controller/controller/msg/detail/motor_speed__struct.hpp
[27.280s] -- Installing: /ros_ws/src/install/controller/include/controller/controller/msg/detail/motor_speed__type_support.hpp
[27.280s] -- Installing: /ros_ws/src/install/controller/include/controller/controller/msg/detail/pose__builder.hpp
[27.280s] -- Installing: /ros_ws/src/install/controller/include/controller/controller/msg/detail/pose__struct.hpp
[27.280s] -- Installing: /ros_ws/src/install/controller/include/controller/controller/msg/detail/uvector__type_support.hpp
[27.280s] -- Installing: /ros_ws/src/install/controller/include/controller/controller/msg/detail/error_msg__type_support.hpp
[27.280s] -- Installing: /ros_ws/src/install/controller/include/controller/controller/msg/error_msg.hpp
[27.280s] -- Installing: /ros_ws/src/install/controller/include/controller/controller/msg/motor_speed.hpp
[27.280s] -- Installing: /ros_ws/src/install/controller/include/controller/controller/msg/rosidl_generator_cpp__visibility_control.hpp
[27.280s] -- Installing: /ros_ws/src/install/controller/include/controller/controller/msg/pose.hpp
[27.280s] -- Up-to-date: /ros_ws/src/install/controller/include/controller/controller/srv
[27.280s] -- Installing: /ros_ws/src/install/controller/include/controller/controller/srv/angular_wrench.hpp
[27.280s] -- Up-to-date: /ros_ws/src/install/controller/include/controller/controller/srv/detail
[27.280s] -- Installing: /ros_ws/src/install/controller/include/controller/controller/srv/detail/angular_wrench__struct.hpp
[27.280s] -- Installing: /ros_ws/src/install/controller/include/controller/controller/srv/detail/linear_wrench__struct.hpp
[27.280s] -- Installing: /ros_ws/src/install/controller/include/controller/controller/srv/detail/angular_wrench__type_support.hpp
[27.280s] -- Installing: /ros_ws/src/install/controller/include/controller/controller/srv/detail/angular_wrench__traits.hpp
[27.280s] -- Installing: /ros_ws/src/install/controller/include/controller/controller/srv/detail/linear_wrench__type_support.hpp
[27.280s] -- Installing: /ros_ws/src/install/controller/include/controller/controller/srv/detail/linear_wrench__builder.hpp
[27.280s] -- Installing: /ros_ws/src/install/controller/include/controller/controller/srv/detail/linear_wrench__traits.hpp
[27.280s] -- Installing: /ros_ws/src/install/controller/include/controller/controller/srv/detail/angular_wrench__builder.hpp
[27.280s] -- Installing: /ros_ws/src/install/controller/include/controller/controller/srv/linear_wrench.hpp
[27.281s] -- Up-to-date: /ros_ws/src/install/controller/include/controller/controller
[27.281s] -- Up-to-date: /ros_ws/src/install/controller/include/controller/controller/msg
[27.281s] -- Installing: /ros_ws/src/install/controller/include/controller/controller/msg/rosidl_typesupport_fastrtps_cpp__visibility_control.h
[27.281s] -- Up-to-date: /ros_ws/src/install/controller/include/controller/controller/msg/detail
[27.281s] -- Installing: /ros_ws/src/install/controller/include/controller/controller/msg/detail/pose__rosidl_typesupport_fastrtps_cpp.hpp
[27.281s] -- Installing: /ros_ws/src/install/controller/include/controller/controller/msg/detail/dds_fastrtps
[27.281s] -- Installing: /ros_ws/src/install/controller/include/controller/controller/msg/detail/motor_speed__rosidl_typesupport_fastrtps_cpp.hpp
[27.281s] -- Installing: /ros_ws/src/install/controller/include/controller/controller/msg/detail/uvector__rosidl_typesupport_fastrtps_cpp.hpp
[27.281s] -- Installing: /ros_ws/src/install/controller/include/controller/controller/msg/detail/error_msg__rosidl_typesupport_fastrtps_cpp.hpp
[27.281s] -- Up-to-date: /ros_ws/src/install/controller/include/controller/controller/srv
[27.281s] -- Up-to-date: /ros_ws/src/install/controller/include/controller/controller/srv/detail
[27.281s] -- Installing: /ros_ws/src/install/controller/include/controller/controller/srv/detail/angular_wrench__rosidl_typesupport_fastrtps_cpp.hpp
[27.281s] -- Installing: /ros_ws/src/install/controller/include/controller/controller/srv/detail/dds_fastrtps
[27.281s] -- Installing: /ros_ws/src/install/controller/include/controller/controller/srv/detail/linear_wrench__rosidl_typesupport_fastrtps_cpp.hpp
[27.281s] -- Installing: /ros_ws/src/install/controller/lib/libcontroller__rosidl_typesupport_fastrtps_cpp.so
[27.281s] -- Set non-toolchain portion of runtime path of "/ros_ws/src/install/controller/lib/libcontroller__rosidl_typesupport_fastrtps_cpp.so" to ""
[27.281s] -- Up-to-date: /ros_ws/src/install/controller/include/controller/controller
[27.281s] -- Up-to-date: /ros_ws/src/install/controller/include/controller/controller/msg
[27.281s] -- Installing: /ros_ws/src/install/controller/include/controller/controller/msg/rosidl_typesupport_introspection_c__visibility_control.h
[27.281s] -- Up-to-date: /ros_ws/src/install/controller/include/controller/controller/msg/detail
[27.282s] -- Up-to-date: /ros_ws/src/install/controller/include/controller/controller/msg/detail/uvector__type_support.c
[27.282s] -- Installing: /ros_ws/src/install/controller/include/controller/controller/msg/detail/pose__rosidl_typesupport_introspection_c.h
[27.282s] -- Installing: /ros_ws/src/install/controller/include/controller/controller/msg/detail/uvector__rosidl_typesupport_introspection_c.h
[27.282s] -- Up-to-date: /ros_ws/src/install/controller/include/controller/controller/msg/detail/error_msg__type_support.c
[27.282s] -- Installing: /ros_ws/src/install/controller/include/controller/controller/msg/detail/motor_speed__rosidl_typesupport_introspection_c.h
[27.282s] -- Up-to-date: /ros_ws/src/install/controller/include/controller/controller/msg/detail/motor_speed__type_support.c
[27.282s] -- Up-to-date: /ros_ws/src/install/controller/include/controller/controller/msg/detail/pose__type_support.c
[27.282s] -- Installing: /ros_ws/src/install/controller/include/controller/controller/msg/detail/error_msg__rosidl_typesupport_introspection_c.h
[27.282s] -- Up-to-date: /ros_ws/src/install/controller/include/controller/controller/srv
[27.282s] -- Up-to-date: /ros_ws/src/install/controller/include/controller/controller/srv/detail
[27.282s] -- Up-to-date: /ros_ws/src/install/controller/include/controller/controller/srv/detail/angular_wrench__type_support.c
[27.282s] -- Up-to-date: /ros_ws/src/install/controller/include/controller/controller/srv/detail/linear_wrench__type_support.c
[27.282s] -- Installing: /ros_ws/src/install/controller/include/controller/controller/srv/detail/linear_wrench__rosidl_typesupport_introspection_c.h
[27.282s] -- Installing: /ros_ws/src/install/controller/include/controller/controller/srv/detail/angular_wrench__rosidl_typesupport_introspection_c.h
[27.282s] -- Installing: /ros_ws/src/install/controller/lib/libcontroller__rosidl_typesupport_introspection_c.so
[27.282s] -- Set non-toolchain portion of runtime path of "/ros_ws/src/install/controller/lib/libcontroller__rosidl_typesupport_introspection_c.so" to ""
[27.282s] -- Installing: /ros_ws/src/install/controller/lib/libcontroller__rosidl_typesupport_c.so
[27.282s] -- Set non-toolchain portion of runtime path of "/ros_ws/src/install/controller/lib/libcontroller__rosidl_typesupport_c.so" to ""
[27.282s] -- Up-to-date: /ros_ws/src/install/controller/include/controller/controller
[27.282s] -- Up-to-date: /ros_ws/src/install/controller/include/controller/controller/msg
[27.282s] -- Up-to-date: /ros_ws/src/install/controller/include/controller/controller/msg/detail
[27.282s] -- Installing: /ros_ws/src/install/controller/include/controller/controller/msg/detail/motor_speed__type_support.cpp
[27.283s] -- Installing: /ros_ws/src/install/controller/include/controller/controller/msg/detail/pose__rosidl_typesupport_introspection_cpp.hpp
[27.283s] -- Installing: /ros_ws/src/install/controller/include/controller/controller/msg/detail/uvector__rosidl_typesupport_introspection_cpp.hpp
[27.283s] -- Installing: /ros_ws/src/install/controller/include/controller/controller/msg/detail/error_msg__type_support.cpp
[27.283s] -- Installing: /ros_ws/src/install/controller/include/controller/controller/msg/detail/motor_speed__rosidl_typesupport_introspection_cpp.hpp
[27.283s] -- Installing: /ros_ws/src/install/controller/include/controller/controller/msg/detail/uvector__type_support.cpp
[27.283s] -- Installing: /ros_ws/src/install/controller/include/controller/controller/msg/detail/pose__type_support.cpp
[27.283s] -- Installing: /ros_ws/src/install/controller/include/controller/controller/msg/detail/error_msg__rosidl_typesupport_introspection_cpp.hpp
[27.283s] -- Up-to-date: /ros_ws/src/install/controller/include/controller/controller/srv
[27.283s] -- Up-to-date: /ros_ws/src/install/controller/include/controller/controller/srv/detail
[27.283s] -- Installing: /ros_ws/src/install/controller/include/controller/controller/srv/detail/angular_wrench__type_support.cpp
[27.283s] -- Installing: /ros_ws/src/install/controller/include/controller/controller/srv/detail/linear_wrench__rosidl_typesupport_introspection_cpp.hpp
[27.283s] -- Installing: /ros_ws/src/install/controller/include/controller/controller/srv/detail/angular_wrench__rosidl_typesupport_introspection_cpp.hpp
[27.283s] -- Installing: /ros_ws/src/install/controller/include/controller/controller/srv/detail/linear_wrench__type_support.cpp
[27.283s] -- Installing: /ros_ws/src/install/controller/lib/libcontroller__rosidl_typesupport_introspection_cpp.so
[27.283s] -- Set non-toolchain portion of runtime path of "/ros_ws/src/install/controller/lib/libcontroller__rosidl_typesupport_introspection_cpp.so" to ""
[27.283s] -- Installing: /ros_ws/src/install/controller/lib/libcontroller__rosidl_typesupport_cpp.so
[27.283s] -- Set non-toolchain portion of runtime path of "/ros_ws/src/install/controller/lib/libcontroller__rosidl_typesupport_cpp.so" to ""
[27.283s] -- Installing: /ros_ws/src/install/controller/share/controller/environment/pythonpath.sh
[27.283s] -- Installing: /ros_ws/src/install/controller/share/controller/environment/pythonpath.dsv
[27.283s] -- Installing: /ros_ws/src/install/controller/lib/python3.12/site-packages/controller-0.1.0-py3.12.egg-info
[27.284s] -- Installing: /ros_ws/src/install/controller/lib/python3.12/site-packages/controller-0.1.0-py3.12.egg-info/dependency_links.txt
[27.284s] -- Installing: /ros_ws/src/install/controller/lib/python3.12/site-packages/controller-0.1.0-py3.12.egg-info/SOURCES.txt
[27.284s] -- Installing: /ros_ws/src/install/controller/lib/python3.12/site-packages/controller-0.1.0-py3.12.egg-info/top_level.txt
[27.284s] -- Installing: /ros_ws/src/install/controller/lib/python3.12/site-packages/controller-0.1.0-py3.12.egg-info/PKG-INFO
[27.284s] -- Installing: /ros_ws/src/install/controller/lib/python3.12/site-packages/controller
[27.284s] -- Installing: /ros_ws/src/install/controller/lib/python3.12/site-packages/controller/_controller_s.ep.rosidl_typesupport_introspection_c.c
[27.284s] -- Installing: /ros_ws/src/install/controller/lib/python3.12/site-packages/controller/_controller_s.ep.rosidl_typesupport_c.c
[27.284s] -- Installing: /ros_ws/src/install/controller/lib/python3.12/site-packages/controller/msg
[27.284s] -- Installing: /ros_ws/src/install/controller/lib/python3.12/site-packages/controller/msg/_pose.py
[27.284s] -- Installing: /ros_ws/src/install/controller/lib/python3.12/site-packages/controller/msg/_pose_s.c
[27.284s] -- Installing: /ros_ws/src/install/controller/lib/python3.12/site-packages/controller/msg/_motor_speed.py
[27.284s] -- Installing: /ros_ws/src/install/controller/lib/python3.12/site-packages/controller/msg/_uvector.py
[27.284s] -- Installing: /ros_ws/src/install/controller/lib/python3.12/site-packages/controller/msg/_motor_speed_s.c
[27.284s] -- Installing: /ros_ws/src/install/controller/lib/python3.12/site-packages/controller/msg/_error_msg.py
[27.284s] -- Installing: /ros_ws/src/install/controller/lib/python3.12/site-packages/controller/msg/__init__.py
[27.284s] -- Installing: /ros_ws/src/install/controller/lib/python3.12/site-packages/controller/msg/_uvector_s.c
[27.284s] -- Installing: /ros_ws/src/install/controller/lib/python3.12/site-packages/controller/msg/_error_msg_s.c
[27.284s] -- Installing: /ros_ws/src/install/controller/lib/python3.12/site-packages/controller/controller_s__rosidl_typesupport_introspection_c.so
[27.284s] -- Installing: /ros_ws/src/install/controller/lib/python3.12/site-packages/controller/controller_s__rosidl_typesupport_fastrtps_c.so
[27.284s] -- Installing: /ros_ws/src/install/controller/lib/python3.12/site-packages/controller/__init__.py
[27.284s] -- Installing: /ros_ws/src/install/controller/lib/python3.12/site-packages/controller/controller_s__rosidl_typesupport_c.so
[27.284s] -- Installing: /ros_ws/src/install/controller/lib/python3.12/site-packages/controller/srv
[27.284s] -- Installing: /ros_ws/src/install/controller/lib/python3.12/site-packages/controller/srv/_linear_wrench_s.c
[27.285s] -- Installing: /ros_ws/src/install/controller/lib/python3.12/site-packages/controller/srv/_angular_wrench_s.c
[27.285s] -- Installing: /ros_ws/src/install/controller/lib/python3.12/site-packages/controller/srv/__init__.py
[27.285s] -- Installing: /ros_ws/src/install/controller/lib/python3.12/site-packages/controller/srv/_linear_wrench.py
[27.285s] -- Installing: /ros_ws/src/install/controller/lib/python3.12/site-packages/controller/srv/_angular_wrench.py
[27.285s] -- Installing: /ros_ws/src/install/controller/lib/python3.12/site-packages/controller/_controller_s.ep.rosidl_typesupport_fastrtps_c.c
[27.317s] Listing '/ros_ws/src/install/controller/lib/python3.12/site-packages/controller'...
[27.317s] Compiling '/ros_ws/src/install/controller/lib/python3.12/site-packages/controller/__init__.py'...
[27.317s] Listing '/ros_ws/src/install/controller/lib/python3.12/site-packages/controller/msg'...
[27.317s] Compiling '/ros_ws/src/install/controller/lib/python3.12/site-packages/controller/msg/__init__.py'...
[27.317s] Compiling '/ros_ws/src/install/controller/lib/python3.12/site-packages/controller/msg/_error_msg.py'...
[27.318s] Compiling '/ros_ws/src/install/controller/lib/python3.12/site-packages/controller/msg/_motor_speed.py'...
[27.318s] Compiling '/ros_ws/src/install/controller/lib/python3.12/site-packages/controller/msg/_pose.py'...
[27.318s] Compiling '/ros_ws/src/install/controller/lib/python3.12/site-packages/controller/msg/_uvector.py'...
[27.318s] Listing '/ros_ws/src/install/controller/lib/python3.12/site-packages/controller/srv'...
[27.318s] Compiling '/ros_ws/src/install/controller/lib/python3.12/site-packages/controller/srv/__init__.py'...
[27.318s] Compiling '/ros_ws/src/install/controller/lib/python3.12/site-packages/controller/srv/_angular_wrench.py'...
[27.318s] Compiling '/ros_ws/src/install/controller/lib/python3.12/site-packages/controller/srv/_linear_wrench.py'...
[27.322s] -- Installing: /ros_ws/src/install/controller/lib/python3.12/site-packages/controller/controller_s__rosidl_typesupport_fastrtps_c.so
[27.322s] -- Set non-toolchain portion of runtime path of "/ros_ws/src/install/controller/lib/python3.12/site-packages/controller/controller_s__rosidl_typesupport_fastrtps_c.so" to ""
[27.322s] -- Installing: /ros_ws/src/install/controller/lib/python3.12/site-packages/controller/controller_s__rosidl_typesupport_introspection_c.so
[27.322s] -- Set non-toolchain portion of runtime path of "/ros_ws/src/install/controller/lib/python3.12/site-packages/controller/controller_s__rosidl_typesupport_introspection_c.so" to ""
[27.322s] -- Installing: /ros_ws/src/install/controller/lib/python3.12/site-packages/controller/controller_s__rosidl_typesupport_c.so
[27.322s] -- Set non-toolchain portion of runtime path of "/ros_ws/src/install/controller/lib/python3.12/site-packages/controller/controller_s__rosidl_typesupport_c.so" to ""
[27.322s] -- Installing: /ros_ws/src/install/controller/lib/libcontroller__rosidl_generator_py.so
[27.323s] -- Set non-toolchain portion of runtime path of "/ros_ws/src/install/controller/lib/libcontroller__rosidl_generator_py.so" to ""
[27.323s] -- Installing: /ros_ws/src/install/controller/share/controller/msg/MotorSpeed.idl
[27.323s] -- Installing: /ros_ws/src/install/controller/share/controller/msg/Pose.idl
[27.323s] -- Installing: /ros_ws/src/install/controller/share/controller/msg/Uvector.idl
[27.323s] -- Installing: /ros_ws/src/install/controller/share/controller/msg/ErrorMsg.idl
[27.323s] -- Installing: /ros_ws/src/install/controller/share/controller/srv/AngularWrench.idl
[27.323s] -- Installing: /ros_ws/src/install/controller/share/controller/srv/LinearWrench.idl
[27.323s] -- Installing: /ros_ws/src/install/controller/share/controller/msg/MotorSpeed.msg
[27.323s] -- Installing: /ros_ws/src/install/controller/share/controller/msg/Pose.msg
[27.323s] -- Installing: /ros_ws/src/install/controller/share/controller/msg/Uvector.msg
[27.323s] -- Installing: /ros_ws/src/install/controller/share/controller/msg/ErrorMsg.msg
[27.323s] -- Installing: /ros_ws/src/install/controller/share/controller/srv/AngularWrench.srv
[27.324s] -- Installing: /ros_ws/src/install/controller/share/controller/srv/LinearWrench.srv
[27.324s] -- Installing: /ros_ws/src/install/controller/lib/controller/controller_node
[27.337s] -- Set non-toolchain portion of runtime path of "/ros_ws/src/install/controller/lib/controller/controller_node" to ""
[27.338s] -- Installing: /ros_ws/src/install/controller/share/controller//launch
[27.338s] -- Installing: /ros_ws/src/install/controller/share/controller//launch/control.launch.py
[27.338s] -- Installing: /ros_ws/src/install/controller/share/ament_index/resource_index/package_run_dependencies/controller
[27.338s] -- Installing: /ros_ws/src/install/controller/share/ament_index/resource_index/parent_prefix_path/controller
[27.338s] -- Installing: /ros_ws/src/install/controller/share/controller/environment/ament_prefix_path.sh
[27.338s] -- Installing: /ros_ws/src/install/controller/share/controller/environment/ament_prefix_path.dsv
[27.338s] -- Installing: /ros_ws/src/install/controller/share/controller/environment/path.sh
[27.338s] -- Installing: /ros_ws/src/install/controller/share/controller/environment/path.dsv
[27.338s] -- Installing: /ros_ws/src/install/controller/share/controller/local_setup.bash
[27.338s] -- Installing: /ros_ws/src/install/controller/share/controller/local_setup.sh
[27.338s] -- Installing: /ros_ws/src/install/controller/share/controller/local_setup.zsh
[27.338s] -- Installing: /ros_ws/src/install/controller/share/controller/local_setup.dsv
[27.339s] -- Installing: /ros_ws/src/install/controller/share/controller/package.dsv
[27.339s] -- Installing: /ros_ws/src/install/controller/share/ament_index/resource_index/packages/controller
[27.339s] -- Installing: /ros_ws/src/install/controller/share/controller/cmake/export_controller__rosidl_generator_cExport.cmake
[27.339s] -- Installing: /ros_ws/src/install/controller/share/controller/cmake/export_controller__rosidl_generator_cExport-noconfig.cmake
[27.339s] -- Installing: /ros_ws/src/install/controller/share/controller/cmake/export_controller__rosidl_typesupport_fastrtps_cExport.cmake
[27.339s] -- Installing: /ros_ws/src/install/controller/share/controller/cmake/export_controller__rosidl_typesupport_fastrtps_cExport-noconfig.cmake
[27.339s] -- Installing: /ros_ws/src/install/controller/share/controller/cmake/export_controller__rosidl_generator_cppExport.cmake
[27.339s] -- Installing: /ros_ws/src/install/controller/share/controller/cmake/export_controller__rosidl_typesupport_fastrtps_cppExport.cmake
[27.339s] -- Installing: /ros_ws/src/install/controller/share/controller/cmake/export_controller__rosidl_typesupport_fastrtps_cppExport-noconfig.cmake
[27.339s] -- Installing: /ros_ws/src/install/controller/share/controller/cmake/controller__rosidl_typesupport_introspection_cExport.cmake
[27.339s] -- Installing: /ros_ws/src/install/controller/share/controller/cmake/controller__rosidl_typesupport_introspection_cExport-noconfig.cmake
[27.339s] -- Installing: /ros_ws/src/install/controller/share/controller/cmake/controller__rosidl_typesupport_cExport.cmake
[27.339s] -- Installing: /ros_ws/src/install/controller/share/controller/cmake/controller__rosidl_typesupport_cExport-noconfig.cmake
[27.339s] -- Installing: /ros_ws/src/install/controller/share/controller/cmake/controller__rosidl_typesupport_introspection_cppExport.cmake
[27.339s] -- Installing: /ros_ws/src/install/controller/share/controller/cmake/controller__rosidl_typesupport_introspection_cppExport-noconfig.cmake
[27.339s] -- Installing: /ros_ws/src/install/controller/share/controller/cmake/controller__rosidl_typesupport_cppExport.cmake
[27.339s] -- Installing: /ros_ws/src/install/controller/share/controller/cmake/controller__rosidl_typesupport_cppExport-noconfig.cmake
[27.339s] -- Installing: /ros_ws/src/install/controller/share/controller/cmake/export_controller__rosidl_generator_pyExport.cmake
[27.340s] -- Installing: /ros_ws/src/install/controller/share/controller/cmake/export_controller__rosidl_generator_pyExport-noconfig.cmake
[27.340s] -- Installing: /ros_ws/src/install/controller/share/controller/cmake/rosidl_cmake-extras.cmake
[27.340s] -- Installing: /ros_ws/src/install/controller/share/controller/cmake/ament_cmake_export_dependencies-extras.cmake
[27.340s] -- Installing: /ros_ws/src/install/controller/share/controller/cmake/ament_cmake_export_include_directories-extras.cmake
[27.340s] -- Installing: /ros_ws/src/install/controller/share/controller/cmake/ament_cmake_export_libraries-extras.cmake
[27.340s] -- Installing: /ros_ws/src/install/controller/share/controller/cmake/ament_cmake_export_targets-extras.cmake
[27.340s] -- Installing: /ros_ws/src/install/controller/share/controller/cmake/rosidl_cmake_export_typesupport_targets-extras.cmake
[27.340s] -- Installing: /ros_ws/src/install/controller/share/controller/cmake/rosidl_cmake_export_typesupport_libraries-extras.cmake
[27.340s] -- Installing: /ros_ws/src/install/controller/share/controller/cmake/controllerConfig.cmake
[27.340s] -- Installing: /ros_ws/src/install/controller/share/controller/cmake/controllerConfig-version.cmake
[27.340s] -- Installing: /ros_ws/src/install/controller/share/controller/package.xml
[27.342s] Invoked command in '/ros_ws/src/build/controller' returned '0': AMENT_PREFIX_PATH=/ros_ws/src/install/maneuver:/ros_ws/src/install/libkdtp:${AMENT_PREFIX_PATH} CMAKE_PREFIX_PATH=/ros_ws/src/install/maneuver:/ros_ws/src/install/libkdtp:/ros_ws/install/uav_simulator:/ros_ws/install/my_ros2_package:/ros_ws/install/controller:/ros_ws/install/maneuver:/ros_ws/install/libkdtp:/opt/ros/jazzy/opt/gz_math_vendor:/opt/ros/jazzy/opt/gz_utils_vendor:/opt/ros/jazzy/opt/gz_cmake_vendor:/opt/ros/jazzy LD_LIBRARY_PATH=/ros_ws/src/install/maneuver/lib:/ros_ws/src/install/libkdtp/lib:${LD_LIBRARY_PATH} PYTHONPATH=/ros_ws/src/install/maneuver/lib/python3.12/site-packages:${PYTHONPATH} /usr/bin/cmake --install /ros_ws/src/build/controller
