[  1%] [34m[1mGenerating type hashes for ROS interfaces[0m
[  1%] Built target ament_cmake_python_copy_maneuver
running egg_info
creating maneuver.egg-info
writing maneuver.egg-info/PKG-INFO
writing dependency_links to maneuver.egg-info/dependency_links.txt
writing top-level names to maneuver.egg-info/top_level.txt
writing manifest file 'maneuver.egg-info/SOURCES.txt'
reading manifest file 'maneuver.egg-info/SOURCES.txt'
writing manifest file 'maneuver.egg-info/SOURCES.txt'
[  1%] Built target ament_cmake_python_build_maneuver_egg
[  1%] Built target maneuver__rosidl_generator_type_description
[  2%] [34m[1mGenerating C code for ROS interfaces[0m
[  2%] [34m[1mGenerating C++ code for ROS interfaces[0m
[  2%] Built target maneuver__cpp
[  3%] [32mBuilding C object CMakeFiles/maneuver__rosidl_generator_c.dir/rosidl_generator_c/maneuver/srv/detail/lift_off__type_support.c.o[0m
[  4%] [32mBuilding C object CMakeFiles/maneuver__rosidl_generator_c.dir/rosidl_generator_c/maneuver/msg/detail/full_pose__functions.c.o[0m
[  5%] [32mBuilding C object CMakeFiles/maneuver__rosidl_generator_c.dir/rosidl_generator_c/maneuver/msg/detail/full_pose__type_support.c.o[0m
[  6%] [32mBuilding C object CMakeFiles/maneuver__rosidl_generator_c.dir/rosidl_generator_c/maneuver/srv/detail/lift_off__description.c.o[0m
[  7%] [32mBuilding C object CMakeFiles/maneuver__rosidl_generator_c.dir/rosidl_generator_c/maneuver/msg/detail/full_pose__description.c.o[0m
[  8%] [32mBuilding C object CMakeFiles/maneuver__rosidl_generator_c.dir/rosidl_generator_c/maneuver/srv/detail/arm_disarm__description.c.o[0m
[  9%] [32mBuilding C object CMakeFiles/maneuver__rosidl_generator_c.dir/rosidl_generator_c/maneuver/srv/detail/arm_disarm__functions.c.o[0m
[  9%] [32mBuilding C object CMakeFiles/maneuver__rosidl_generator_c.dir/rosidl_generator_c/maneuver/srv/detail/lift_off__functions.c.o[0m
[ 10%] [32mBuilding C object CMakeFiles/maneuver__rosidl_generator_c.dir/rosidl_generator_c/maneuver/srv/detail/goto_point__description.c.o[0m
[ 11%] [32mBuilding C object CMakeFiles/maneuver__rosidl_generator_c.dir/rosidl_generator_c/maneuver/srv/detail/arm_disarm__type_support.c.o[0m
[ 13%] [32mBuilding C object CMakeFiles/maneuver__rosidl_generator_c.dir/rosidl_generator_c/maneuver/srv/detail/goto6_d_point__type_support.c.o[0m
[ 13%] [32mBuilding C object CMakeFiles/maneuver__rosidl_generator_c.dir/rosidl_generator_c/maneuver/srv/detail/goto6_d_point__description.c.o[0m
[ 14%] [32mBuilding C object CMakeFiles/maneuver__rosidl_generator_c.dir/rosidl_generator_c/maneuver/srv/detail/goto_point__functions.c.o[0m
[ 15%] [32mBuilding C object CMakeFiles/maneuver__rosidl_generator_c.dir/rosidl_generator_c/maneuver/srv/detail/ellipse5_d__description.c.o[0m
[ 15%] [32mBuilding C object CMakeFiles/maneuver__rosidl_generator_c.dir/rosidl_generator_c/maneuver/srv/detail/goto_point__type_support.c.o[0m
[ 16%] [32mBuilding C object CMakeFiles/maneuver__rosidl_generator_c.dir/rosidl_generator_c/maneuver/srv/detail/goto6_d_point__functions.c.o[0m
[ 17%] [32mBuilding C object CMakeFiles/maneuver__rosidl_generator_c.dir/rosidl_generator_c/maneuver/srv/detail/ellipse5_d__functions.c.o[0m
[ 19%] [32mBuilding C object CMakeFiles/maneuver__rosidl_generator_c.dir/rosidl_generator_c/maneuver/srv/detail/rotate_to__type_support.c.o[0m
[ 19%] [32mBuilding C object CMakeFiles/maneuver__rosidl_generator_c.dir/rosidl_generator_c/maneuver/srv/detail/rotate_to__description.c.o[0m
[ 19%] [32mBuilding C object CMakeFiles/maneuver__rosidl_generator_c.dir/rosidl_generator_c/maneuver/srv/detail/ellipse5_d__type_support.c.o[0m
[ 20%] [32mBuilding C object CMakeFiles/maneuver__rosidl_generator_c.dir/rosidl_generator_c/maneuver/srv/detail/rotate_to__functions.c.o[0m
[ 21%] [32mBuilding C object CMakeFiles/maneuver__rosidl_generator_c.dir/rosidl_generator_c/maneuver/srv/detail/land__description.c.o[0m
[ 22%] [32mBuilding C object CMakeFiles/maneuver__rosidl_generator_c.dir/rosidl_generator_c/maneuver/srv/detail/land__functions.c.o[0m
[ 23%] [32mBuilding C object CMakeFiles/maneuver__rosidl_generator_c.dir/rosidl_generator_c/maneuver/srv/detail/land__type_support.c.o[0m
[ 24%] [32mBuilding C object CMakeFiles/maneuver__rosidl_generator_c.dir/rosidl_generator_c/maneuver/srv/detail/full_flip__description.c.o[0m
[ 25%] [32mBuilding C object CMakeFiles/maneuver__rosidl_generator_c.dir/rosidl_generator_c/maneuver/srv/detail/full_flip__functions.c.o[0m
[ 25%] [32mBuilding C object CMakeFiles/maneuver__rosidl_generator_c.dir/rosidl_generator_c/maneuver/srv/detail/full_flip__type_support.c.o[0m
[ 26%] [32m[1mLinking C shared library libmaneuver__rosidl_generator_c.so[0m
[ 26%] Built target maneuver__rosidl_generator_c
[ 27%] [34m[1mGenerating C++ type support dispatch for ROS interfaces[0m
[ 28%] [34m[1mGenerating C type support for eProsima Fast-RTPS[0m
[ 29%] [34m[1mGenerating C++ type support for eProsima Fast-RTPS[0m
[ 30%] [34m[1mGenerating C type support dispatch for ROS interfaces[0m
[ 32%] [34m[1mGenerating C++ introspection for ROS interfaces[0m
[ 32%] [34m[1mGenerating C introspection for ROS interfaces[0m
[ 32%] [32mBuilding CXX object CMakeFiles/maneuver__rosidl_typesupport_c.dir/rosidl_typesupport_c/maneuver/msg/full_pose__type_support.cpp.o[0m
[ 33%] [32mBuilding CXX object CMakeFiles/maneuver__rosidl_typesupport_c.dir/rosidl_typesupport_c/maneuver/srv/arm_disarm__type_support.cpp.o[0m
[ 34%] [32mBuilding CXX object CMakeFiles/maneuver__rosidl_typesupport_c.dir/rosidl_typesupport_c/maneuver/srv/lift_off__type_support.cpp.o[0m
[ 36%] [32mBuilding CXX object CMakeFiles/maneuver__rosidl_typesupport_c.dir/rosidl_typesupport_c/maneuver/srv/ellipse5_d__type_support.cpp.o[0m
[ 35%] [32mBuilding CXX object CMakeFiles/maneuver__rosidl_typesupport_c.dir/rosidl_typesupport_c/maneuver/srv/goto6_d_point__type_support.cpp.o[0m
[ 37%] [32mBuilding CXX object CMakeFiles/maneuver__rosidl_typesupport_c.dir/rosidl_typesupport_c/maneuver/srv/goto_point__type_support.cpp.o[0m
[ 38%] [32mBuilding CXX object CMakeFiles/maneuver__rosidl_typesupport_c.dir/rosidl_typesupport_c/maneuver/srv/rotate_to__type_support.cpp.o[0m
[ 39%] [32mBuilding CXX object CMakeFiles/maneuver__rosidl_typesupport_c.dir/rosidl_typesupport_c/maneuver/srv/full_flip__type_support.cpp.o[0m
[ 39%] [32mBuilding CXX object CMakeFiles/maneuver__rosidl_typesupport_c.dir/rosidl_typesupport_c/maneuver/srv/land__type_support.cpp.o[0m
[ 40%] [32mBuilding CXX object CMakeFiles/maneuver__rosidl_typesupport_cpp.dir/rosidl_typesupport_cpp/maneuver/msg/full_pose__type_support.cpp.o[0m
[ 41%] [32mBuilding CXX object CMakeFiles/maneuver__rosidl_typesupport_cpp.dir/rosidl_typesupport_cpp/maneuver/srv/lift_off__type_support.cpp.o[0m
[ 42%] [32mBuilding CXX object CMakeFiles/maneuver__rosidl_typesupport_cpp.dir/rosidl_typesupport_cpp/maneuver/srv/arm_disarm__type_support.cpp.o[0m
[ 44%] [32mBuilding CXX object CMakeFiles/maneuver__rosidl_typesupport_cpp.dir/rosidl_typesupport_cpp/maneuver/srv/goto_point__type_support.cpp.o[0m
[ 44%] [32mBuilding CXX object CMakeFiles/maneuver__rosidl_typesupport_cpp.dir/rosidl_typesupport_cpp/maneuver/srv/goto6_d_point__type_support.cpp.o[0m
[ 44%] [32mBuilding CXX object CMakeFiles/maneuver__rosidl_typesupport_cpp.dir/rosidl_typesupport_cpp/maneuver/srv/ellipse5_d__type_support.cpp.o[0m
[ 45%] [32mBuilding CXX object CMakeFiles/maneuver__rosidl_typesupport_cpp.dir/rosidl_typesupport_cpp/maneuver/srv/land__type_support.cpp.o[0m
[ 46%] [32mBuilding CXX object CMakeFiles/maneuver__rosidl_typesupport_cpp.dir/rosidl_typesupport_cpp/maneuver/srv/rotate_to__type_support.cpp.o[0m
[ 47%] [32mBuilding CXX object CMakeFiles/maneuver__rosidl_typesupport_cpp.dir/rosidl_typesupport_cpp/maneuver/srv/full_flip__type_support.cpp.o[0m
[ 48%] [32m[1mLinking CXX shared library libmaneuver__rosidl_typesupport_c.so[0m
[ 48%] Built target maneuver__rosidl_typesupport_c
[ 51%] [32mBuilding CXX object CMakeFiles/maneuver__rosidl_typesupport_introspection_cpp.dir/rosidl_typesupport_introspection_cpp/maneuver/srv/detail/arm_disarm__type_support.cpp.o[0m
[ 51%] [32mBuilding CXX object CMakeFiles/maneuver__rosidl_typesupport_introspection_cpp.dir/rosidl_typesupport_introspection_cpp/maneuver/srv/detail/goto_point__type_support.cpp.o[0m
[ 51%] [32mBuilding CXX object CMakeFiles/maneuver__rosidl_typesupport_introspection_cpp.dir/rosidl_typesupport_introspection_cpp/maneuver/msg/detail/full_pose__type_support.cpp.o[0m
[ 51%] [32mBuilding CXX object CMakeFiles/maneuver__rosidl_typesupport_introspection_cpp.dir/rosidl_typesupport_introspection_cpp/maneuver/srv/detail/lift_off__type_support.cpp.o[0m
[ 51%] [32mBuilding C object CMakeFiles/maneuver__rosidl_typesupport_introspection_c.dir/rosidl_typesupport_introspection_c/maneuver/msg/detail/full_pose__type_support.c.o[0m
[ 53%] [32mBuilding C object CMakeFiles/maneuver__rosidl_typesupport_introspection_c.dir/rosidl_typesupport_introspection_c/maneuver/srv/detail/lift_off__type_support.c.o[0m
[ 53%] [32mBuilding CXX object CMakeFiles/maneuver__rosidl_typesupport_introspection_cpp.dir/rosidl_typesupport_introspection_cpp/maneuver/srv/detail/goto6_d_point__type_support.cpp.o[0m
[ 54%] [32mBuilding C object CMakeFiles/maneuver__rosidl_typesupport_introspection_c.dir/rosidl_typesupport_introspection_c/maneuver/srv/detail/arm_disarm__type_support.c.o[0m
[ 55%] [32mBuilding C object CMakeFiles/maneuver__rosidl_typesupport_introspection_c.dir/rosidl_typesupport_introspection_c/maneuver/srv/detail/goto_point__type_support.c.o[0m
[ 56%] [32mBuilding C object CMakeFiles/maneuver__rosidl_typesupport_introspection_c.dir/rosidl_typesupport_introspection_c/maneuver/srv/detail/goto6_d_point__type_support.c.o[0m
[ 57%] [32mBuilding C object CMakeFiles/maneuver__rosidl_typesupport_introspection_c.dir/rosidl_typesupport_introspection_c/maneuver/srv/detail/ellipse5_d__type_support.c.o[0m
[ 58%] [32mBuilding C object CMakeFiles/maneuver__rosidl_typesupport_introspection_c.dir/rosidl_typesupport_introspection_c/maneuver/srv/detail/rotate_to__type_support.c.o[0m
[ 58%] [32mBuilding C object CMakeFiles/maneuver__rosidl_typesupport_introspection_c.dir/rosidl_typesupport_introspection_c/maneuver/srv/detail/land__type_support.c.o[0m
[ 59%] [32mBuilding C object CMakeFiles/maneuver__rosidl_typesupport_introspection_c.dir/rosidl_typesupport_introspection_c/maneuver/srv/detail/full_flip__type_support.c.o[0m
[ 60%] [32mBuilding CXX object CMakeFiles/maneuver__rosidl_typesupport_introspection_cpp.dir/rosidl_typesupport_introspection_cpp/maneuver/srv/detail/ellipse5_d__type_support.cpp.o[0m
[ 61%] [32mBuilding CXX object CMakeFiles/maneuver__rosidl_typesupport_introspection_cpp.dir/rosidl_typesupport_introspection_cpp/maneuver/srv/detail/rotate_to__type_support.cpp.o[0m
[ 63%] [32mBuilding CXX object CMakeFiles/maneuver__rosidl_typesupport_introspection_cpp.dir/rosidl_typesupport_introspection_cpp/maneuver/srv/detail/land__type_support.cpp.o[0m
[ 63%] [32m[1mLinking CXX shared library libmaneuver__rosidl_typesupport_cpp.so[0m
[ 64%] [32mBuilding CXX object CMakeFiles/maneuver__rosidl_typesupport_introspection_cpp.dir/rosidl_typesupport_introspection_cpp/maneuver/srv/detail/full_flip__type_support.cpp.o[0m
[ 65%] [32m[1mLinking C shared library libmaneuver__rosidl_typesupport_introspection_c.so[0m
[ 65%] Built target maneuver__rosidl_typesupport_introspection_c
[ 65%] Built target maneuver__rosidl_typesupport_cpp
[ 66%] [32mBuilding CXX object CMakeFiles/maneuver__rosidl_typesupport_fastrtps_cpp.dir/rosidl_typesupport_fastrtps_cpp/maneuver/msg/detail/dds_fastrtps/full_pose__type_support.cpp.o[0m
[ 67%] [32mBuilding CXX object CMakeFiles/maneuver__rosidl_typesupport_fastrtps_cpp.dir/rosidl_typesupport_fastrtps_cpp/maneuver/srv/detail/dds_fastrtps/lift_off__type_support.cpp.o[0m
[ 67%] [32mBuilding CXX object CMakeFiles/maneuver_node.dir/src/maneuver.cpp.o[0m
[ 68%] [32mBuilding CXX object CMakeFiles/maneuver__rosidl_typesupport_fastrtps_cpp.dir/rosidl_typesupport_fastrtps_cpp/maneuver/srv/detail/dds_fastrtps/arm_disarm__type_support.cpp.o[0m
[ 68%] [32mBuilding CXX object CMakeFiles/maneuver__rosidl_typesupport_fastrtps_cpp.dir/rosidl_typesupport_fastrtps_cpp/maneuver/srv/detail/dds_fastrtps/goto_point__type_support.cpp.o[0m
[ 70%] [32mBuilding CXX object CMakeFiles/maneuver__rosidl_typesupport_fastrtps_cpp.dir/rosidl_typesupport_fastrtps_cpp/maneuver/srv/detail/dds_fastrtps/goto6_d_point__type_support.cpp.o[0m
[ 70%] [32mBuilding CXX object CMakeFiles/maneuver__rosidl_typesupport_fastrtps_cpp.dir/rosidl_typesupport_fastrtps_cpp/maneuver/srv/detail/dds_fastrtps/ellipse5_d__type_support.cpp.o[0m
[ 70%] [32mBuilding CXX object CMakeFiles/maneuver__rosidl_typesupport_fastrtps_c.dir/rosidl_typesupport_fastrtps_c/maneuver/msg/detail/full_pose__type_support_c.cpp.o[0m
[ 71%] [32mBuilding CXX object CMakeFiles/maneuver__rosidl_typesupport_fastrtps_c.dir/rosidl_typesupport_fastrtps_c/maneuver/srv/detail/lift_off__type_support_c.cpp.o[0m
[ 72%] [32mBuilding CXX object CMakeFiles/maneuver__rosidl_typesupport_fastrtps_cpp.dir/rosidl_typesupport_fastrtps_cpp/maneuver/srv/detail/dds_fastrtps/rotate_to__type_support.cpp.o[0m
[ 73%] [32mBuilding CXX object CMakeFiles/maneuver__rosidl_typesupport_fastrtps_cpp.dir/rosidl_typesupport_fastrtps_cpp/maneuver/srv/detail/dds_fastrtps/land__type_support.cpp.o[0m
[ 74%] [32mBuilding CXX object CMakeFiles/maneuver__rosidl_typesupport_fastrtps_cpp.dir/rosidl_typesupport_fastrtps_cpp/maneuver/srv/detail/dds_fastrtps/full_flip__type_support.cpp.o[0m
[ 75%] [32mBuilding CXX object CMakeFiles/maneuver__rosidl_typesupport_fastrtps_c.dir/rosidl_typesupport_fastrtps_c/maneuver/srv/detail/arm_disarm__type_support_c.cpp.o[0m
[ 76%] [32mBuilding CXX object CMakeFiles/maneuver__rosidl_typesupport_fastrtps_c.dir/rosidl_typesupport_fastrtps_c/maneuver/srv/detail/goto_point__type_support_c.cpp.o[0m
[ 77%] [32mBuilding CXX object CMakeFiles/maneuver__rosidl_typesupport_fastrtps_c.dir/rosidl_typesupport_fastrtps_c/maneuver/srv/detail/goto6_d_point__type_support_c.cpp.o[0m
[ 78%] [32m[1mLinking CXX shared library libmaneuver__rosidl_typesupport_introspection_cpp.so[0m
[ 78%] Built target maneuver__rosidl_typesupport_introspection_cpp
[ 79%] [32mBuilding CXX object CMakeFiles/maneuver__rosidl_typesupport_fastrtps_c.dir/rosidl_typesupport_fastrtps_c/maneuver/srv/detail/ellipse5_d__type_support_c.cpp.o[0m
[ 80%] [32mBuilding CXX object CMakeFiles/maneuver__rosidl_typesupport_fastrtps_c.dir/rosidl_typesupport_fastrtps_c/maneuver/srv/detail/rotate_to__type_support_c.cpp.o[0m
[ 80%] [32mBuilding CXX object CMakeFiles/maneuver__rosidl_typesupport_fastrtps_c.dir/rosidl_typesupport_fastrtps_c/maneuver/srv/detail/land__type_support_c.cpp.o[0m
[ 81%] [32mBuilding CXX object CMakeFiles/maneuver__rosidl_typesupport_fastrtps_c.dir/rosidl_typesupport_fastrtps_c/maneuver/srv/detail/full_flip__type_support_c.cpp.o[0m
[ 82%] [32m[1mLinking CXX shared library libmaneuver__rosidl_typesupport_fastrtps_cpp.so[0m
[ 82%] Built target maneuver__rosidl_typesupport_fastrtps_cpp
[ 83%] [32m[1mLinking CXX shared library libmaneuver__rosidl_typesupport_fastrtps_c.so[0m
[ 83%] Built target maneuver__rosidl_typesupport_fastrtps_c
[ 83%] Built target maneuver
[ 84%] [34m[1mGenerating Python code for ROS interfaces[0m
[ 84%] Built target maneuver__py
[ 86%] [32mBuilding C object CMakeFiles/maneuver__rosidl_generator_py.dir/rosidl_generator_py/maneuver/msg/_full_pose_s.c.o[0m
[ 86%] [32mBuilding C object CMakeFiles/maneuver__rosidl_generator_py.dir/rosidl_generator_py/maneuver/srv/_arm_disarm_s.c.o[0m
[ 87%] [32mBuilding C object CMakeFiles/maneuver__rosidl_generator_py.dir/rosidl_generator_py/maneuver/srv/_goto_point_s.c.o[0m
[ 88%] [32mBuilding C object CMakeFiles/maneuver__rosidl_generator_py.dir/rosidl_generator_py/maneuver/srv/_goto6_d_point_s.c.o[0m
[ 89%] [32mBuilding C object CMakeFiles/maneuver__rosidl_generator_py.dir/rosidl_generator_py/maneuver/srv/_rotate_to_s.c.o[0m
[ 90%] [32mBuilding C object CMakeFiles/maneuver__rosidl_generator_py.dir/rosidl_generator_py/maneuver/srv/_lift_off_s.c.o[0m
[ 90%] [32mBuilding C object CMakeFiles/maneuver__rosidl_generator_py.dir/rosidl_generator_py/maneuver/srv/_ellipse5_d_s.c.o[0m
[ 91%] [32mBuilding C object CMakeFiles/maneuver__rosidl_generator_py.dir/rosidl_generator_py/maneuver/srv/_land_s.c.o[0m
[ 92%] [32mBuilding C object CMakeFiles/maneuver__rosidl_generator_py.dir/rosidl_generator_py/maneuver/srv/_full_flip_s.c.o[0m
[ 93%] [32m[1mLinking C shared library libmaneuver__rosidl_generator_py.so[0m
[ 93%] Built target maneuver__rosidl_generator_py
[ 96%] [32mBuilding C object CMakeFiles/maneuver_s__rosidl_typesupport_introspection_c.dir/rosidl_generator_py/maneuver/_maneuver_s.ep.rosidl_typesupport_introspection_c.c.o[0m
[ 96%] [32mBuilding C object CMakeFiles/maneuver_s__rosidl_typesupport_fastrtps_c.dir/rosidl_generator_py/maneuver/_maneuver_s.ep.rosidl_typesupport_fastrtps_c.c.o[0m
[ 96%] [32mBuilding C object CMakeFiles/maneuver_s__rosidl_typesupport_c.dir/rosidl_generator_py/maneuver/_maneuver_s.ep.rosidl_typesupport_c.c.o[0m
[ 98%] [32m[1mLinking C shared module rosidl_generator_py/maneuver/maneuver_s__rosidl_typesupport_c.so[0m
[ 98%] [32m[1mLinking C shared module rosidl_generator_py/maneuver/maneuver_s__rosidl_typesupport_introspection_c.so[0m
[ 99%] [32m[1mLinking C shared module rosidl_generator_py/maneuver/maneuver_s__rosidl_typesupport_fastrtps_c.so[0m
[ 99%] Built target maneuver_s__rosidl_typesupport_c
[ 99%] Built target maneuver_s__rosidl_typesupport_introspection_c
[ 99%] Built target maneuver_s__rosidl_typesupport_fastrtps_c
[100%] [32m[1mLinking CXX executable maneuver_node[0m
[100%] Built target maneuver_node
