[0.068s] DEBUG:colcon:Command line arguments: ['/usr/bin/colcon', 'build']
[0.068s] DEBUG:colcon:Parsed command line arguments: Namespace(log_base=None, log_level=None, verb_name='build', build_base='build', install_base='install', merge_install=False, symlink_install=False, test_result_base=None, continue_on_error=False, executor='parallel', parallel_workers=16, event_handlers=None, ignore_user_meta=False, metas=['./colcon.meta'], base_paths=['.'], packages_ignore=None, packages_ignore_regex=None, paths=None, packages_up_to=None, packages_up_to_regex=None, packages_above=None, packages_above_and_dependencies=None, packages_above_depth=None, packages_select_by_dep=None, packages_skip_by_dep=None, packages_skip_up_to=None, packages_select_build_failed=False, packages_skip_build_finished=False, packages_select_test_failures=False, packages_skip_test_passed=False, packages_select=None, packages_skip=None, packages_select_regex=None, packages_skip_regex=None, packages_start=None, packages_end=None, cmake_args=None, cmake_target=None, cmake_target_skip_unavailable=False, cmake_clean_cache=False, cmake_clean_first=False, cmake_force_configure=False, ament_cmake_args=None, catkin_cmake_args=None, catkin_skip_building_tests=False, mixin_files=None, mixin=None, verb_parser=<colcon_mixin.mixin.mixin_argument.MixinArgumentDecorator object at 0x7fbb1a7bd220>, verb_extension=<colcon_core.verb.build.BuildVerb object at 0x7fbb1a9396a0>, main=<bound method BuildVerb.main of <colcon_core.verb.build.BuildVerb object at 0x7fbb1a9396a0>>, mixin_verb=('build',))
[0.092s] Level 1:colcon.colcon_core.package_discovery:discover_packages(colcon_meta) check parameters
[0.092s] INFO:colcon.colcon_metadata.package_discovery.colcon_meta:Using configuration from '/root/.colcon/metadata/default/Gazebo.meta'
[0.092s] INFO:colcon.colcon_metadata.package_discovery.colcon_meta:Using configuration from '/root/.colcon/metadata/default/fastrtps.meta'
[0.092s] Level 1:colcon.colcon_core.package_discovery:discover_packages(recursive) check parameters
[0.092s] Level 1:colcon.colcon_core.package_discovery:discover_packages(ignore) check parameters
[0.092s] Level 1:colcon.colcon_core.package_discovery:discover_packages(path) check parameters
[0.092s] Level 1:colcon.colcon_core.package_discovery:discover_packages(colcon_meta) discover
[0.092s] Level 1:colcon.colcon_core.package_discovery:discover_packages(recursive) discover
[0.092s] INFO:colcon.colcon_core.package_discovery:Crawling recursively for packages in '/ros_ws/src'
[0.092s] Level 1:colcon.colcon_core.package_identification:_identify(.) by extensions ['ignore', 'ignore_ament_install']
[0.092s] Level 1:colcon.colcon_core.package_identification:_identify(.) by extension 'ignore'
[0.093s] Level 1:colcon.colcon_core.package_identification:_identify(.) by extension 'ignore_ament_install'
[0.093s] Level 1:colcon.colcon_core.package_identification:_identify(.) by extensions ['colcon_pkg']
[0.093s] Level 1:colcon.colcon_core.package_identification:_identify(.) by extension 'colcon_pkg'
[0.093s] Level 1:colcon.colcon_core.package_identification:_identify(.) by extensions ['colcon_meta']
[0.093s] Level 1:colcon.colcon_core.package_identification:_identify(.) by extension 'colcon_meta'
[0.093s] Level 1:colcon.colcon_core.package_identification:_identify(.) by extensions ['ros']
[0.093s] Level 1:colcon.colcon_core.package_identification:_identify(.) by extension 'ros'
[0.109s] Level 1:colcon.colcon_core.package_identification:_identify(.) by extensions ['cmake', 'python']
[0.109s] Level 1:colcon.colcon_core.package_identification:_identify(.) by extension 'cmake'
[0.109s] Level 1:colcon.colcon_core.package_identification:_identify(.) by extension 'python'
[0.109s] Level 1:colcon.colcon_core.package_identification:_identify(.) by extensions ['python_setup_py']
[0.109s] Level 1:colcon.colcon_core.package_identification:_identify(.) by extension 'python_setup_py'
[0.109s] Level 1:colcon.colcon_core.package_identification:_identify(build) by extensions ['ignore', 'ignore_ament_install']
[0.109s] Level 1:colcon.colcon_core.package_identification:_identify(build) by extension 'ignore'
[0.109s] Level 1:colcon.colcon_core.package_identification:_identify(build) ignored
[0.109s] Level 1:colcon.colcon_core.package_identification:_identify(controller) by extensions ['ignore', 'ignore_ament_install']
[0.109s] Level 1:colcon.colcon_core.package_identification:_identify(controller) by extension 'ignore'
[0.109s] Level 1:colcon.colcon_core.package_identification:_identify(controller) by extension 'ignore_ament_install'
[0.109s] Level 1:colcon.colcon_core.package_identification:_identify(controller) by extensions ['colcon_pkg']
[0.109s] Level 1:colcon.colcon_core.package_identification:_identify(controller) by extension 'colcon_pkg'
[0.109s] Level 1:colcon.colcon_core.package_identification:_identify(controller) by extensions ['colcon_meta']
[0.110s] Level 1:colcon.colcon_core.package_identification:_identify(controller) by extension 'colcon_meta'
[0.110s] Level 1:colcon.colcon_core.package_identification:_identify(controller) by extensions ['ros']
[0.110s] Level 1:colcon.colcon_core.package_identification:_identify(controller) by extension 'ros'
[0.111s] DEBUG:colcon.colcon_core.package_identification:Package 'controller' with type 'ros.ament_cmake' and name 'controller'
[0.111s] Level 1:colcon.colcon_core.package_identification:_identify(firmware) by extensions ['ignore', 'ignore_ament_install']
[0.111s] Level 1:colcon.colcon_core.package_identification:_identify(firmware) by extension 'ignore'
[0.111s] Level 1:colcon.colcon_core.package_identification:_identify(firmware) by extension 'ignore_ament_install'
[0.111s] Level 1:colcon.colcon_core.package_identification:_identify(firmware) by extensions ['colcon_pkg']
[0.111s] Level 1:colcon.colcon_core.package_identification:_identify(firmware) by extension 'colcon_pkg'
[0.111s] Level 1:colcon.colcon_core.package_identification:_identify(firmware) by extensions ['colcon_meta']
[0.111s] Level 1:colcon.colcon_core.package_identification:_identify(firmware) by extension 'colcon_meta'
[0.111s] Level 1:colcon.colcon_core.package_identification:_identify(firmware) by extensions ['ros']
[0.111s] Level 1:colcon.colcon_core.package_identification:_identify(firmware) by extension 'ros'
[0.112s] DEBUG:colcon.colcon_core.package_identification:Package 'firmware' with type 'ros.ament_cmake' and name 'firmware'
[0.112s] Level 1:colcon.colcon_core.package_identification:_identify(install) by extensions ['ignore', 'ignore_ament_install']
[0.112s] Level 1:colcon.colcon_core.package_identification:_identify(install) by extension 'ignore'
[0.112s] Level 1:colcon.colcon_core.package_identification:_identify(install) ignored
[0.112s] Level 1:colcon.colcon_core.package_identification:_identify(libkdtp) by extensions ['ignore', 'ignore_ament_install']
[0.112s] Level 1:colcon.colcon_core.package_identification:_identify(libkdtp) by extension 'ignore'
[0.112s] Level 1:colcon.colcon_core.package_identification:_identify(libkdtp) by extension 'ignore_ament_install'
[0.112s] Level 1:colcon.colcon_core.package_identification:_identify(libkdtp) by extensions ['colcon_pkg']
[0.112s] Level 1:colcon.colcon_core.package_identification:_identify(libkdtp) by extension 'colcon_pkg'
[0.112s] Level 1:colcon.colcon_core.package_identification:_identify(libkdtp) by extensions ['colcon_meta']
[0.112s] Level 1:colcon.colcon_core.package_identification:_identify(libkdtp) by extension 'colcon_meta'
[0.112s] Level 1:colcon.colcon_core.package_identification:_identify(libkdtp) by extensions ['ros']
[0.112s] Level 1:colcon.colcon_core.package_identification:_identify(libkdtp) by extension 'ros'
[0.112s] DEBUG:colcon.colcon_core.package_identification:Package 'libkdtp' with type 'ros.ament_cmake' and name 'libkdtp'
[0.112s] Level 1:colcon.colcon_core.package_identification:_identify(log) by extensions ['ignore', 'ignore_ament_install']
[0.112s] Level 1:colcon.colcon_core.package_identification:_identify(log) by extension 'ignore'
[0.113s] Level 1:colcon.colcon_core.package_identification:_identify(log) ignored
[0.113s] Level 1:colcon.colcon_core.package_identification:_identify(maneuver) by extensions ['ignore', 'ignore_ament_install']
[0.113s] Level 1:colcon.colcon_core.package_identification:_identify(maneuver) by extension 'ignore'
[0.113s] Level 1:colcon.colcon_core.package_identification:_identify(maneuver) by extension 'ignore_ament_install'
[0.113s] Level 1:colcon.colcon_core.package_identification:_identify(maneuver) by extensions ['colcon_pkg']
[0.113s] Level 1:colcon.colcon_core.package_identification:_identify(maneuver) by extension 'colcon_pkg'
[0.113s] Level 1:colcon.colcon_core.package_identification:_identify(maneuver) by extensions ['colcon_meta']
[0.113s] Level 1:colcon.colcon_core.package_identification:_identify(maneuver) by extension 'colcon_meta'
[0.113s] Level 1:colcon.colcon_core.package_identification:_identify(maneuver) by extensions ['ros']
[0.113s] Level 1:colcon.colcon_core.package_identification:_identify(maneuver) by extension 'ros'
[0.113s] DEBUG:colcon.colcon_core.package_identification:Package 'maneuver' with type 'ros.ament_cmake' and name 'maneuver'
[0.113s] Level 1:colcon.colcon_core.package_identification:_identify(uav_simulator) by extensions ['ignore', 'ignore_ament_install']
[0.113s] Level 1:colcon.colcon_core.package_identification:_identify(uav_simulator) by extension 'ignore'
[0.113s] Level 1:colcon.colcon_core.package_identification:_identify(uav_simulator) by extension 'ignore_ament_install'
[0.113s] Level 1:colcon.colcon_core.package_identification:_identify(uav_simulator) by extensions ['colcon_pkg']
[0.113s] Level 1:colcon.colcon_core.package_identification:_identify(uav_simulator) by extension 'colcon_pkg'
[0.113s] Level 1:colcon.colcon_core.package_identification:_identify(uav_simulator) by extensions ['colcon_meta']
[0.113s] Level 1:colcon.colcon_core.package_identification:_identify(uav_simulator) by extension 'colcon_meta'
[0.113s] Level 1:colcon.colcon_core.package_identification:_identify(uav_simulator) by extensions ['ros']
[0.113s] Level 1:colcon.colcon_core.package_identification:_identify(uav_simulator) by extension 'ros'
[0.114s] DEBUG:colcon.colcon_core.package_identification:Package 'uav_simulator' with type 'ros.ament_cmake' and name 'uav_simulator'
[0.114s] Level 1:colcon.colcon_core.package_discovery:discover_packages(recursive) using defaults
[0.114s] Level 1:colcon.colcon_core.package_discovery:discover_packages(ignore) discover
[0.114s] Level 1:colcon.colcon_core.package_discovery:discover_packages(ignore) using defaults
[0.114s] Level 1:colcon.colcon_core.package_discovery:discover_packages(path) discover
[0.114s] Level 1:colcon.colcon_core.package_discovery:discover_packages(path) using defaults
[0.125s] Level 5:colcon.colcon_core.verb:set package 'firmware' build argument 'cmake_args' from command line to 'None'
[0.125s] Level 5:colcon.colcon_core.verb:set package 'firmware' build argument 'cmake_target' from command line to 'None'
[0.125s] Level 5:colcon.colcon_core.verb:set package 'firmware' build argument 'cmake_target_skip_unavailable' from command line to 'False'
[0.125s] Level 5:colcon.colcon_core.verb:set package 'firmware' build argument 'cmake_clean_cache' from command line to 'False'
[0.125s] Level 5:colcon.colcon_core.verb:set package 'firmware' build argument 'cmake_clean_first' from command line to 'False'
[0.125s] Level 5:colcon.colcon_core.verb:set package 'firmware' build argument 'cmake_force_configure' from command line to 'False'
[0.125s] Level 5:colcon.colcon_core.verb:set package 'firmware' build argument 'ament_cmake_args' from command line to 'None'
[0.125s] Level 5:colcon.colcon_core.verb:set package 'firmware' build argument 'catkin_cmake_args' from command line to 'None'
[0.125s] Level 5:colcon.colcon_core.verb:set package 'firmware' build argument 'catkin_skip_building_tests' from command line to 'False'
[0.125s] DEBUG:colcon.colcon_core.verb:Building package 'firmware' with the following arguments: {'ament_cmake_args': None, 'build_base': '/ros_ws/src/build/firmware', 'catkin_cmake_args': None, 'catkin_skip_building_tests': False, 'cmake_args': None, 'cmake_clean_cache': False, 'cmake_clean_first': False, 'cmake_force_configure': False, 'cmake_target': None, 'cmake_target_skip_unavailable': False, 'install_base': '/ros_ws/src/install/firmware', 'merge_install': False, 'path': '/ros_ws/src/firmware', 'symlink_install': False, 'test_result_base': None}
[0.126s] Level 5:colcon.colcon_core.verb:set package 'libkdtp' build argument 'cmake_args' from command line to 'None'
[0.126s] Level 5:colcon.colcon_core.verb:set package 'libkdtp' build argument 'cmake_target' from command line to 'None'
[0.126s] Level 5:colcon.colcon_core.verb:set package 'libkdtp' build argument 'cmake_target_skip_unavailable' from command line to 'False'
[0.126s] Level 5:colcon.colcon_core.verb:set package 'libkdtp' build argument 'cmake_clean_cache' from command line to 'False'
[0.126s] Level 5:colcon.colcon_core.verb:set package 'libkdtp' build argument 'cmake_clean_first' from command line to 'False'
[0.126s] Level 5:colcon.colcon_core.verb:set package 'libkdtp' build argument 'cmake_force_configure' from command line to 'False'
[0.126s] Level 5:colcon.colcon_core.verb:set package 'libkdtp' build argument 'ament_cmake_args' from command line to 'None'
[0.126s] Level 5:colcon.colcon_core.verb:set package 'libkdtp' build argument 'catkin_cmake_args' from command line to 'None'
[0.126s] Level 5:colcon.colcon_core.verb:set package 'libkdtp' build argument 'catkin_skip_building_tests' from command line to 'False'
[0.126s] DEBUG:colcon.colcon_core.verb:Building package 'libkdtp' with the following arguments: {'ament_cmake_args': None, 'build_base': '/ros_ws/src/build/libkdtp', 'catkin_cmake_args': None, 'catkin_skip_building_tests': False, 'cmake_args': None, 'cmake_clean_cache': False, 'cmake_clean_first': False, 'cmake_force_configure': False, 'cmake_target': None, 'cmake_target_skip_unavailable': False, 'install_base': '/ros_ws/src/install/libkdtp', 'merge_install': False, 'path': '/ros_ws/src/libkdtp', 'symlink_install': False, 'test_result_base': None}
[0.126s] Level 5:colcon.colcon_core.verb:set package 'maneuver' build argument 'cmake_args' from command line to 'None'
[0.126s] Level 5:colcon.colcon_core.verb:set package 'maneuver' build argument 'cmake_target' from command line to 'None'
[0.126s] Level 5:colcon.colcon_core.verb:set package 'maneuver' build argument 'cmake_target_skip_unavailable' from command line to 'False'
[0.126s] Level 5:colcon.colcon_core.verb:set package 'maneuver' build argument 'cmake_clean_cache' from command line to 'False'
[0.126s] Level 5:colcon.colcon_core.verb:set package 'maneuver' build argument 'cmake_clean_first' from command line to 'False'
[0.126s] Level 5:colcon.colcon_core.verb:set package 'maneuver' build argument 'cmake_force_configure' from command line to 'False'
[0.126s] Level 5:colcon.colcon_core.verb:set package 'maneuver' build argument 'ament_cmake_args' from command line to 'None'
[0.126s] Level 5:colcon.colcon_core.verb:set package 'maneuver' build argument 'catkin_cmake_args' from command line to 'None'
[0.126s] Level 5:colcon.colcon_core.verb:set package 'maneuver' build argument 'catkin_skip_building_tests' from command line to 'False'
[0.126s] DEBUG:colcon.colcon_core.verb:Building package 'maneuver' with the following arguments: {'ament_cmake_args': None, 'build_base': '/ros_ws/src/build/maneuver', 'catkin_cmake_args': None, 'catkin_skip_building_tests': False, 'cmake_args': None, 'cmake_clean_cache': False, 'cmake_clean_first': False, 'cmake_force_configure': False, 'cmake_target': None, 'cmake_target_skip_unavailable': False, 'install_base': '/ros_ws/src/install/maneuver', 'merge_install': False, 'path': '/ros_ws/src/maneuver', 'symlink_install': False, 'test_result_base': None}
[0.126s] Level 5:colcon.colcon_core.verb:set package 'controller' build argument 'cmake_args' from command line to 'None'
[0.126s] Level 5:colcon.colcon_core.verb:set package 'controller' build argument 'cmake_target' from command line to 'None'
[0.126s] Level 5:colcon.colcon_core.verb:set package 'controller' build argument 'cmake_target_skip_unavailable' from command line to 'False'
[0.126s] Level 5:colcon.colcon_core.verb:set package 'controller' build argument 'cmake_clean_cache' from command line to 'False'
[0.126s] Level 5:colcon.colcon_core.verb:set package 'controller' build argument 'cmake_clean_first' from command line to 'False'
[0.126s] Level 5:colcon.colcon_core.verb:set package 'controller' build argument 'cmake_force_configure' from command line to 'False'
[0.126s] Level 5:colcon.colcon_core.verb:set package 'controller' build argument 'ament_cmake_args' from command line to 'None'
[0.126s] Level 5:colcon.colcon_core.verb:set package 'controller' build argument 'catkin_cmake_args' from command line to 'None'
[0.126s] Level 5:colcon.colcon_core.verb:set package 'controller' build argument 'catkin_skip_building_tests' from command line to 'False'
[0.126s] DEBUG:colcon.colcon_core.verb:Building package 'controller' with the following arguments: {'ament_cmake_args': None, 'build_base': '/ros_ws/src/build/controller', 'catkin_cmake_args': None, 'catkin_skip_building_tests': False, 'cmake_args': None, 'cmake_clean_cache': False, 'cmake_clean_first': False, 'cmake_force_configure': False, 'cmake_target': None, 'cmake_target_skip_unavailable': False, 'install_base': '/ros_ws/src/install/controller', 'merge_install': False, 'path': '/ros_ws/src/controller', 'symlink_install': False, 'test_result_base': None}
[0.126s] Level 5:colcon.colcon_core.verb:set package 'uav_simulator' build argument 'cmake_args' from command line to 'None'
[0.126s] Level 5:colcon.colcon_core.verb:set package 'uav_simulator' build argument 'cmake_target' from command line to 'None'
[0.126s] Level 5:colcon.colcon_core.verb:set package 'uav_simulator' build argument 'cmake_target_skip_unavailable' from command line to 'False'
[0.126s] Level 5:colcon.colcon_core.verb:set package 'uav_simulator' build argument 'cmake_clean_cache' from command line to 'False'
[0.126s] Level 5:colcon.colcon_core.verb:set package 'uav_simulator' build argument 'cmake_clean_first' from command line to 'False'
[0.126s] Level 5:colcon.colcon_core.verb:set package 'uav_simulator' build argument 'cmake_force_configure' from command line to 'False'
[0.126s] Level 5:colcon.colcon_core.verb:set package 'uav_simulator' build argument 'ament_cmake_args' from command line to 'None'
[0.126s] Level 5:colcon.colcon_core.verb:set package 'uav_simulator' build argument 'catkin_cmake_args' from command line to 'None'
[0.126s] Level 5:colcon.colcon_core.verb:set package 'uav_simulator' build argument 'catkin_skip_building_tests' from command line to 'False'
[0.126s] DEBUG:colcon.colcon_core.verb:Building package 'uav_simulator' with the following arguments: {'ament_cmake_args': None, 'build_base': '/ros_ws/src/build/uav_simulator', 'catkin_cmake_args': None, 'catkin_skip_building_tests': False, 'cmake_args': None, 'cmake_clean_cache': False, 'cmake_clean_first': False, 'cmake_force_configure': False, 'cmake_target': None, 'cmake_target_skip_unavailable': False, 'install_base': '/ros_ws/src/install/uav_simulator', 'merge_install': False, 'path': '/ros_ws/src/uav_simulator', 'symlink_install': False, 'test_result_base': None}
[0.127s] INFO:colcon.colcon_core.executor:Executing jobs using 'parallel' executor
[0.127s] DEBUG:colcon.colcon_parallel_executor.executor.parallel:run_until_complete
[0.127s] INFO:colcon.colcon_ros.task.ament_cmake.build:Building ROS package in '/ros_ws/src/libkdtp' with build type 'ament_cmake'
[0.127s] INFO:colcon.colcon_cmake.task.cmake.build:Building CMake package in '/ros_ws/src/libkdtp'
[0.129s] INFO:colcon.colcon_core.plugin_system:Skipping extension 'colcon_core.shell.bat': Not used on non-Windows systems
[0.129s] INFO:colcon.colcon_core.shell:Skip shell extension 'powershell' for command environment: Not usable outside of PowerShell
[0.129s] DEBUG:colcon.colcon_core.shell:Skip shell extension 'dsv' for command environment
[0.129s] WARNING:colcon.colcon_ros.prefix_path.ament:The path '/ros_ws/install/my_ros2_package' in the environment variable AMENT_PREFIX_PATH doesn't exist
[0.130s] WARNING:colcon.colcon_ros.prefix_path.catkin:The path '/ros_ws/install/my_ros2_package' in the environment variable CMAKE_PREFIX_PATH doesn't exist
[0.132s] INFO:colcon.colcon_ros.task.ament_cmake.build:Building ROS package in '/ros_ws/src/firmware' with build type 'ament_cmake'
[0.132s] INFO:colcon.colcon_cmake.task.cmake.build:Building CMake package in '/ros_ws/src/firmware'
[0.132s] INFO:colcon.colcon_core.shell:Skip shell extension 'powershell' for command environment: Not usable outside of PowerShell
[0.132s] DEBUG:colcon.colcon_core.shell:Skip shell extension 'dsv' for command environment
[0.137s] DEBUG:colcon.colcon_core.event_handler.log_command:Invoking command in '/ros_ws/src/build/libkdtp': CMAKE_PREFIX_PATH=${CMAKE_PREFIX_PATH}:/opt/ros/jazzy /usr/bin/cmake --build /ros_ws/src/build/libkdtp -- -j16 -l16
[0.139s] DEBUG:colcon.colcon_core.event_handler.log_command:Invoking command in '/ros_ws/src/build/firmware': CMAKE_PREFIX_PATH=${CMAKE_PREFIX_PATH}:/opt/ros/jazzy /usr/bin/cmake --build /ros_ws/src/build/firmware -- -j16 -l16
[0.162s] DEBUG:colcon.colcon_core.event_handler.log_command:Invoked command in '/ros_ws/src/build/firmware' returned '0': CMAKE_PREFIX_PATH=${CMAKE_PREFIX_PATH}:/opt/ros/jazzy /usr/bin/cmake --build /ros_ws/src/build/firmware -- -j16 -l16
[0.167s] DEBUG:colcon.colcon_core.event_handler.log_command:Invoking command in '/ros_ws/src/build/firmware': CMAKE_PREFIX_PATH=${CMAKE_PREFIX_PATH}:/opt/ros/jazzy /usr/bin/cmake --install /ros_ws/src/build/firmware
[0.172s] Level 1:colcon.colcon_core.environment:create_environment_scripts_only(firmware)
[0.173s] DEBUG:colcon.colcon_core.event_handler.log_command:Invoked command in '/ros_ws/src/build/firmware' returned '0': CMAKE_PREFIX_PATH=${CMAKE_PREFIX_PATH}:/opt/ros/jazzy /usr/bin/cmake --install /ros_ws/src/build/firmware
[0.174s] Level 1:colcon.colcon_core.environment:checking '/ros_ws/src/install/firmware' for CMake module files
[0.174s] Level 1:colcon.colcon_core.environment:checking '/ros_ws/src/install/firmware' for CMake config files
[0.174s] Level 1:colcon.colcon_core.shell:create_environment_hook('firmware', 'cmake_prefix_path')
[0.175s] INFO:colcon.colcon_core.shell:Creating environment hook '/ros_ws/src/install/firmware/share/firmware/hook/cmake_prefix_path.ps1'
[0.175s] INFO:colcon.colcon_core.shell:Creating environment descriptor '/ros_ws/src/install/firmware/share/firmware/hook/cmake_prefix_path.dsv'
[0.175s] INFO:colcon.colcon_core.shell:Creating environment hook '/ros_ws/src/install/firmware/share/firmware/hook/cmake_prefix_path.sh'
[0.177s] Level 1:colcon.colcon_core.environment:checking '/ros_ws/src/install/firmware/bin'
[0.177s] Level 1:colcon.colcon_core.environment:checking '/ros_ws/src/install/firmware/lib/pkgconfig/firmware.pc'
[0.178s] Level 1:colcon.colcon_core.environment:checking '/ros_ws/src/install/firmware/lib/python3.12/site-packages'
[0.178s] Level 1:colcon.colcon_core.environment:checking '/ros_ws/src/install/firmware/bin'
[0.178s] INFO:colcon.colcon_core.shell:Creating package script '/ros_ws/src/install/firmware/share/firmware/package.ps1'
[0.179s] INFO:colcon.colcon_core.shell:Creating package descriptor '/ros_ws/src/install/firmware/share/firmware/package.dsv'
[0.179s] INFO:colcon.colcon_core.shell:Creating package script '/ros_ws/src/install/firmware/share/firmware/package.sh'
[0.179s] INFO:colcon.colcon_core.shell:Creating package script '/ros_ws/src/install/firmware/share/firmware/package.bash'
[0.180s] INFO:colcon.colcon_core.shell:Creating package script '/ros_ws/src/install/firmware/share/firmware/package.zsh'
[0.180s] Level 1:colcon.colcon_core.environment:create_file_with_runtime_dependencies(/ros_ws/src/install/firmware/share/colcon-core/packages/firmware)
[0.180s] Level 1:colcon.colcon_core.environment:create_environment_scripts_only(firmware)
[0.180s] Level 1:colcon.colcon_core.environment:checking '/ros_ws/src/install/firmware' for CMake module files
[0.181s] Level 1:colcon.colcon_core.environment:checking '/ros_ws/src/install/firmware' for CMake config files
[0.181s] Level 1:colcon.colcon_core.shell:create_environment_hook('firmware', 'cmake_prefix_path')
[0.181s] INFO:colcon.colcon_core.shell:Creating environment hook '/ros_ws/src/install/firmware/share/firmware/hook/cmake_prefix_path.ps1'
[0.181s] INFO:colcon.colcon_core.shell:Creating environment descriptor '/ros_ws/src/install/firmware/share/firmware/hook/cmake_prefix_path.dsv'
[0.181s] INFO:colcon.colcon_core.shell:Creating environment hook '/ros_ws/src/install/firmware/share/firmware/hook/cmake_prefix_path.sh'
[0.181s] Level 1:colcon.colcon_core.environment:checking '/ros_ws/src/install/firmware/bin'
[0.182s] Level 1:colcon.colcon_core.environment:checking '/ros_ws/src/install/firmware/lib/pkgconfig/firmware.pc'
[0.182s] Level 1:colcon.colcon_core.environment:checking '/ros_ws/src/install/firmware/lib/python3.12/site-packages'
[0.182s] Level 1:colcon.colcon_core.environment:checking '/ros_ws/src/install/firmware/bin'
[0.182s] INFO:colcon.colcon_core.shell:Creating package script '/ros_ws/src/install/firmware/share/firmware/package.ps1'
[0.183s] INFO:colcon.colcon_core.shell:Creating package descriptor '/ros_ws/src/install/firmware/share/firmware/package.dsv'
[0.183s] INFO:colcon.colcon_core.shell:Creating package script '/ros_ws/src/install/firmware/share/firmware/package.sh'
[0.183s] INFO:colcon.colcon_core.shell:Creating package script '/ros_ws/src/install/firmware/share/firmware/package.bash'
[0.183s] INFO:colcon.colcon_core.shell:Creating package script '/ros_ws/src/install/firmware/share/firmware/package.zsh'
[0.184s] Level 1:colcon.colcon_core.environment:create_file_with_runtime_dependencies(/ros_ws/src/install/firmware/share/colcon-core/packages/firmware)
[0.184s] DEBUG:colcon.colcon_core.event_handler.log_command:Invoked command in '/ros_ws/src/build/libkdtp' returned '0': CMAKE_PREFIX_PATH=${CMAKE_PREFIX_PATH}:/opt/ros/jazzy /usr/bin/cmake --build /ros_ws/src/build/libkdtp -- -j16 -l16
[0.185s] DEBUG:colcon.colcon_core.event_handler.log_command:Invoking command in '/ros_ws/src/build/libkdtp': CMAKE_PREFIX_PATH=${CMAKE_PREFIX_PATH}:/opt/ros/jazzy /usr/bin/cmake --install /ros_ws/src/build/libkdtp
[0.193s] Level 1:colcon.colcon_core.environment:create_environment_scripts_only(libkdtp)
[0.193s] Level 1:colcon.colcon_core.environment:checking '/ros_ws/src/install/libkdtp' for CMake module files
[0.193s] DEBUG:colcon.colcon_core.event_handler.log_command:Invoked command in '/ros_ws/src/build/libkdtp' returned '0': CMAKE_PREFIX_PATH=${CMAKE_PREFIX_PATH}:/opt/ros/jazzy /usr/bin/cmake --install /ros_ws/src/build/libkdtp
[0.193s] Level 1:colcon.colcon_core.environment:checking '/ros_ws/src/install/libkdtp' for CMake config files
[0.194s] Level 1:colcon.colcon_core.shell:create_environment_hook('libkdtp', 'cmake_prefix_path')
[0.194s] INFO:colcon.colcon_core.shell:Creating environment hook '/ros_ws/src/install/libkdtp/share/libkdtp/hook/cmake_prefix_path.ps1'
[0.194s] INFO:colcon.colcon_core.shell:Creating environment descriptor '/ros_ws/src/install/libkdtp/share/libkdtp/hook/cmake_prefix_path.dsv'
[0.194s] INFO:colcon.colcon_core.shell:Creating environment hook '/ros_ws/src/install/libkdtp/share/libkdtp/hook/cmake_prefix_path.sh'
[0.194s] Level 1:colcon.colcon_core.environment:checking '/ros_ws/src/install/libkdtp/lib'
[0.195s] Level 1:colcon.colcon_core.shell:create_environment_hook('libkdtp', 'ld_library_path_lib')
[0.195s] INFO:colcon.colcon_core.shell:Creating environment hook '/ros_ws/src/install/libkdtp/share/libkdtp/hook/ld_library_path_lib.ps1'
[0.195s] INFO:colcon.colcon_core.shell:Creating environment descriptor '/ros_ws/src/install/libkdtp/share/libkdtp/hook/ld_library_path_lib.dsv'
[0.195s] INFO:colcon.colcon_core.shell:Creating environment hook '/ros_ws/src/install/libkdtp/share/libkdtp/hook/ld_library_path_lib.sh'
[0.195s] Level 1:colcon.colcon_core.environment:checking '/ros_ws/src/install/libkdtp/bin'
[0.195s] Level 1:colcon.colcon_core.environment:checking '/ros_ws/src/install/libkdtp/lib/pkgconfig/libkdtp.pc'
[0.196s] Level 1:colcon.colcon_core.environment:checking '/ros_ws/src/install/libkdtp/lib/python3.12/site-packages'
[0.196s] Level 1:colcon.colcon_core.environment:checking '/ros_ws/src/install/libkdtp/bin'
[0.196s] INFO:colcon.colcon_core.shell:Creating package script '/ros_ws/src/install/libkdtp/share/libkdtp/package.ps1'
[0.196s] INFO:colcon.colcon_core.shell:Creating package descriptor '/ros_ws/src/install/libkdtp/share/libkdtp/package.dsv'
[0.196s] INFO:colcon.colcon_core.shell:Creating package script '/ros_ws/src/install/libkdtp/share/libkdtp/package.sh'
[0.197s] INFO:colcon.colcon_core.shell:Creating package script '/ros_ws/src/install/libkdtp/share/libkdtp/package.bash'
[0.197s] INFO:colcon.colcon_core.shell:Creating package script '/ros_ws/src/install/libkdtp/share/libkdtp/package.zsh'
[0.197s] Level 1:colcon.colcon_core.environment:create_file_with_runtime_dependencies(/ros_ws/src/install/libkdtp/share/colcon-core/packages/libkdtp)
[0.197s] Level 1:colcon.colcon_core.environment:create_environment_scripts_only(libkdtp)
[0.197s] Level 1:colcon.colcon_core.environment:checking '/ros_ws/src/install/libkdtp' for CMake module files
[0.198s] Level 1:colcon.colcon_core.environment:checking '/ros_ws/src/install/libkdtp' for CMake config files
[0.198s] Level 1:colcon.colcon_core.shell:create_environment_hook('libkdtp', 'cmake_prefix_path')
[0.198s] INFO:colcon.colcon_core.shell:Creating environment hook '/ros_ws/src/install/libkdtp/share/libkdtp/hook/cmake_prefix_path.ps1'
[0.198s] INFO:colcon.colcon_core.shell:Creating environment descriptor '/ros_ws/src/install/libkdtp/share/libkdtp/hook/cmake_prefix_path.dsv'
[0.198s] INFO:colcon.colcon_core.shell:Creating environment hook '/ros_ws/src/install/libkdtp/share/libkdtp/hook/cmake_prefix_path.sh'
[0.199s] Level 1:colcon.colcon_core.environment:checking '/ros_ws/src/install/libkdtp/lib'
[0.199s] Level 1:colcon.colcon_core.shell:create_environment_hook('libkdtp', 'ld_library_path_lib')
[0.199s] INFO:colcon.colcon_core.shell:Creating environment hook '/ros_ws/src/install/libkdtp/share/libkdtp/hook/ld_library_path_lib.ps1'
[0.199s] INFO:colcon.colcon_core.shell:Creating environment descriptor '/ros_ws/src/install/libkdtp/share/libkdtp/hook/ld_library_path_lib.dsv'
[0.199s] INFO:colcon.colcon_core.shell:Creating environment hook '/ros_ws/src/install/libkdtp/share/libkdtp/hook/ld_library_path_lib.sh'
[0.199s] Level 1:colcon.colcon_core.environment:checking '/ros_ws/src/install/libkdtp/bin'
[0.199s] Level 1:colcon.colcon_core.environment:checking '/ros_ws/src/install/libkdtp/lib/pkgconfig/libkdtp.pc'
[0.199s] Level 1:colcon.colcon_core.environment:checking '/ros_ws/src/install/libkdtp/lib/python3.12/site-packages'
[0.200s] Level 1:colcon.colcon_core.environment:checking '/ros_ws/src/install/libkdtp/bin'
[0.200s] INFO:colcon.colcon_core.shell:Creating package script '/ros_ws/src/install/libkdtp/share/libkdtp/package.ps1'
[0.200s] INFO:colcon.colcon_core.shell:Creating package descriptor '/ros_ws/src/install/libkdtp/share/libkdtp/package.dsv'
[0.200s] INFO:colcon.colcon_core.shell:Creating package script '/ros_ws/src/install/libkdtp/share/libkdtp/package.sh'
[0.200s] INFO:colcon.colcon_core.shell:Creating package script '/ros_ws/src/install/libkdtp/share/libkdtp/package.bash'
[0.201s] INFO:colcon.colcon_core.shell:Creating package script '/ros_ws/src/install/libkdtp/share/libkdtp/package.zsh'
[0.201s] Level 1:colcon.colcon_core.environment:create_file_with_runtime_dependencies(/ros_ws/src/install/libkdtp/share/colcon-core/packages/libkdtp)
[0.201s] INFO:colcon.colcon_ros.task.ament_cmake.build:Building ROS package in '/ros_ws/src/maneuver' with build type 'ament_cmake'
[0.201s] INFO:colcon.colcon_cmake.task.cmake.build:Building CMake package in '/ros_ws/src/maneuver'
[0.201s] INFO:colcon.colcon_core.shell:Skip shell extension 'powershell' for command environment: Not usable outside of PowerShell
[0.201s] DEBUG:colcon.colcon_core.shell:Skip shell extension 'dsv' for command environment
[0.208s] DEBUG:colcon.colcon_core.event_handler.log_command:Invoking command in '/ros_ws/src/build/maneuver': CMAKE_PREFIX_PATH=/ros_ws/src/install/libkdtp:/ros_ws/src/install/uav_simulator:/ros_ws/src/install/controller:/ros_ws/src/install/maneuver:/ros_ws/src/install/firmware:/ros_ws/install/firmware:/ros_ws/install/uav_simulator:/ros_ws/install/my_ros2_package:/ros_ws/install/controller:/ros_ws/install/maneuver:/ros_ws/install/libkdtp:/opt/ros/jazzy/opt/gz_math_vendor:/opt/ros/jazzy/opt/gz_utils_vendor:/opt/ros/jazzy/opt/gz_cmake_vendor:/opt/ros/jazzy LD_LIBRARY_PATH=/ros_ws/src/install/libkdtp/lib:/ros_ws/src/install/uav_simulator/lib:/ros_ws/src/install/controller/lib:/ros_ws/src/install/maneuver/lib:/ros_ws/install/uav_simulator/lib:/ros_ws/install/my_ros2_package/lib:/ros_ws/install/controller/lib:/ros_ws/install/maneuver/lib:/ros_ws/install/libkdtp/lib:/opt/ros/jazzy/opt/rviz_ogre_vendor/lib:/opt/ros/jazzy/lib/x86_64-linux-gnu:/opt/ros/jazzy/opt/gz_math_vendor/lib:/opt/ros/jazzy/opt/gz_utils_vendor/lib:/opt/ros/jazzy/opt/gz_cmake_vendor/lib:/opt/ros/jazzy/lib /usr/bin/cmake --build /ros_ws/src/build/maneuver -- -j16 -l16
[0.444s] DEBUG:colcon.colcon_core.event_handler.log_command:Invoked command in '/ros_ws/src/build/maneuver' returned '0': CMAKE_PREFIX_PATH=/ros_ws/src/install/libkdtp:/ros_ws/src/install/uav_simulator:/ros_ws/src/install/controller:/ros_ws/src/install/maneuver:/ros_ws/src/install/firmware:/ros_ws/install/firmware:/ros_ws/install/uav_simulator:/ros_ws/install/my_ros2_package:/ros_ws/install/controller:/ros_ws/install/maneuver:/ros_ws/install/libkdtp:/opt/ros/jazzy/opt/gz_math_vendor:/opt/ros/jazzy/opt/gz_utils_vendor:/opt/ros/jazzy/opt/gz_cmake_vendor:/opt/ros/jazzy LD_LIBRARY_PATH=/ros_ws/src/install/libkdtp/lib:/ros_ws/src/install/uav_simulator/lib:/ros_ws/src/install/controller/lib:/ros_ws/src/install/maneuver/lib:/ros_ws/install/uav_simulator/lib:/ros_ws/install/my_ros2_package/lib:/ros_ws/install/controller/lib:/ros_ws/install/maneuver/lib:/ros_ws/install/libkdtp/lib:/opt/ros/jazzy/opt/rviz_ogre_vendor/lib:/opt/ros/jazzy/lib/x86_64-linux-gnu:/opt/ros/jazzy/opt/gz_math_vendor/lib:/opt/ros/jazzy/opt/gz_utils_vendor/lib:/opt/ros/jazzy/opt/gz_cmake_vendor/lib:/opt/ros/jazzy/lib /usr/bin/cmake --build /ros_ws/src/build/maneuver -- -j16 -l16
[0.445s] DEBUG:colcon.colcon_core.event_handler.log_command:Invoking command in '/ros_ws/src/build/maneuver': CMAKE_PREFIX_PATH=/ros_ws/src/install/libkdtp:/ros_ws/src/install/uav_simulator:/ros_ws/src/install/controller:/ros_ws/src/install/maneuver:/ros_ws/src/install/firmware:/ros_ws/install/firmware:/ros_ws/install/uav_simulator:/ros_ws/install/my_ros2_package:/ros_ws/install/controller:/ros_ws/install/maneuver:/ros_ws/install/libkdtp:/opt/ros/jazzy/opt/gz_math_vendor:/opt/ros/jazzy/opt/gz_utils_vendor:/opt/ros/jazzy/opt/gz_cmake_vendor:/opt/ros/jazzy LD_LIBRARY_PATH=/ros_ws/src/install/libkdtp/lib:/ros_ws/src/install/uav_simulator/lib:/ros_ws/src/install/controller/lib:/ros_ws/src/install/maneuver/lib:/ros_ws/install/uav_simulator/lib:/ros_ws/install/my_ros2_package/lib:/ros_ws/install/controller/lib:/ros_ws/install/maneuver/lib:/ros_ws/install/libkdtp/lib:/opt/ros/jazzy/opt/rviz_ogre_vendor/lib:/opt/ros/jazzy/lib/x86_64-linux-gnu:/opt/ros/jazzy/opt/gz_math_vendor/lib:/opt/ros/jazzy/opt/gz_utils_vendor/lib:/opt/ros/jazzy/opt/gz_cmake_vendor/lib:/opt/ros/jazzy/lib /usr/bin/cmake --install /ros_ws/src/build/maneuver
[0.485s] Level 1:colcon.colcon_core.environment:create_environment_scripts_only(maneuver)
[0.485s] Level 1:colcon.colcon_core.environment:checking '/ros_ws/src/install/maneuver' for CMake module files
[0.485s] DEBUG:colcon.colcon_core.event_handler.log_command:Invoked command in '/ros_ws/src/build/maneuver' returned '0': CMAKE_PREFIX_PATH=/ros_ws/src/install/libkdtp:/ros_ws/src/install/uav_simulator:/ros_ws/src/install/controller:/ros_ws/src/install/maneuver:/ros_ws/src/install/firmware:/ros_ws/install/firmware:/ros_ws/install/uav_simulator:/ros_ws/install/my_ros2_package:/ros_ws/install/controller:/ros_ws/install/maneuver:/ros_ws/install/libkdtp:/opt/ros/jazzy/opt/gz_math_vendor:/opt/ros/jazzy/opt/gz_utils_vendor:/opt/ros/jazzy/opt/gz_cmake_vendor:/opt/ros/jazzy LD_LIBRARY_PATH=/ros_ws/src/install/libkdtp/lib:/ros_ws/src/install/uav_simulator/lib:/ros_ws/src/install/controller/lib:/ros_ws/src/install/maneuver/lib:/ros_ws/install/uav_simulator/lib:/ros_ws/install/my_ros2_package/lib:/ros_ws/install/controller/lib:/ros_ws/install/maneuver/lib:/ros_ws/install/libkdtp/lib:/opt/ros/jazzy/opt/rviz_ogre_vendor/lib:/opt/ros/jazzy/lib/x86_64-linux-gnu:/opt/ros/jazzy/opt/gz_math_vendor/lib:/opt/ros/jazzy/opt/gz_utils_vendor/lib:/opt/ros/jazzy/opt/gz_cmake_vendor/lib:/opt/ros/jazzy/lib /usr/bin/cmake --install /ros_ws/src/build/maneuver
[0.486s] Level 1:colcon.colcon_core.environment:checking '/ros_ws/src/install/maneuver' for CMake config files
[0.486s] Level 1:colcon.colcon_core.shell:create_environment_hook('maneuver', 'cmake_prefix_path')
[0.486s] INFO:colcon.colcon_core.shell:Creating environment hook '/ros_ws/src/install/maneuver/share/maneuver/hook/cmake_prefix_path.ps1'
[0.486s] INFO:colcon.colcon_core.shell:Creating environment descriptor '/ros_ws/src/install/maneuver/share/maneuver/hook/cmake_prefix_path.dsv'
[0.487s] INFO:colcon.colcon_core.shell:Creating environment hook '/ros_ws/src/install/maneuver/share/maneuver/hook/cmake_prefix_path.sh'
[0.487s] Level 1:colcon.colcon_core.environment:checking '/ros_ws/src/install/maneuver/lib'
[0.487s] Level 1:colcon.colcon_core.shell:create_environment_hook('maneuver', 'ld_library_path_lib')
[0.487s] INFO:colcon.colcon_core.shell:Creating environment hook '/ros_ws/src/install/maneuver/share/maneuver/hook/ld_library_path_lib.ps1'
[0.487s] INFO:colcon.colcon_core.shell:Creating environment descriptor '/ros_ws/src/install/maneuver/share/maneuver/hook/ld_library_path_lib.dsv'
[0.488s] INFO:colcon.colcon_core.shell:Creating environment hook '/ros_ws/src/install/maneuver/share/maneuver/hook/ld_library_path_lib.sh'
[0.488s] Level 1:colcon.colcon_core.environment:checking '/ros_ws/src/install/maneuver/bin'
[0.488s] Level 1:colcon.colcon_core.environment:checking '/ros_ws/src/install/maneuver/lib/pkgconfig/maneuver.pc'
[0.488s] Level 1:colcon.colcon_core.environment:checking '/ros_ws/src/install/maneuver/lib/python3.12/site-packages'
[0.488s] Level 1:colcon.colcon_core.shell:create_environment_hook('maneuver', 'pythonpath')
[0.488s] INFO:colcon.colcon_core.shell:Creating environment hook '/ros_ws/src/install/maneuver/share/maneuver/hook/pythonpath.ps1'
[0.488s] INFO:colcon.colcon_core.shell:Creating environment descriptor '/ros_ws/src/install/maneuver/share/maneuver/hook/pythonpath.dsv'
[0.489s] INFO:colcon.colcon_core.shell:Creating environment hook '/ros_ws/src/install/maneuver/share/maneuver/hook/pythonpath.sh'
[0.489s] Level 1:colcon.colcon_core.environment:checking '/ros_ws/src/install/maneuver/bin'
[0.489s] INFO:colcon.colcon_core.shell:Creating package script '/ros_ws/src/install/maneuver/share/maneuver/package.ps1'
[0.489s] INFO:colcon.colcon_core.shell:Creating package descriptor '/ros_ws/src/install/maneuver/share/maneuver/package.dsv'
[0.490s] INFO:colcon.colcon_core.shell:Creating package script '/ros_ws/src/install/maneuver/share/maneuver/package.sh'
[0.490s] INFO:colcon.colcon_core.shell:Creating package script '/ros_ws/src/install/maneuver/share/maneuver/package.bash'
[0.490s] INFO:colcon.colcon_core.shell:Creating package script '/ros_ws/src/install/maneuver/share/maneuver/package.zsh'
[0.490s] Level 1:colcon.colcon_core.environment:create_file_with_runtime_dependencies(/ros_ws/src/install/maneuver/share/colcon-core/packages/maneuver)
[0.491s] Level 1:colcon.colcon_core.environment:create_environment_scripts_only(maneuver)
[0.491s] Level 1:colcon.colcon_core.environment:checking '/ros_ws/src/install/maneuver' for CMake module files
[0.491s] Level 1:colcon.colcon_core.environment:checking '/ros_ws/src/install/maneuver' for CMake config files
[0.491s] Level 1:colcon.colcon_core.shell:create_environment_hook('maneuver', 'cmake_prefix_path')
[0.491s] INFO:colcon.colcon_core.shell:Creating environment hook '/ros_ws/src/install/maneuver/share/maneuver/hook/cmake_prefix_path.ps1'
[0.492s] INFO:colcon.colcon_core.shell:Creating environment descriptor '/ros_ws/src/install/maneuver/share/maneuver/hook/cmake_prefix_path.dsv'
[0.492s] INFO:colcon.colcon_core.shell:Creating environment hook '/ros_ws/src/install/maneuver/share/maneuver/hook/cmake_prefix_path.sh'
[0.492s] Level 1:colcon.colcon_core.environment:checking '/ros_ws/src/install/maneuver/lib'
[0.492s] Level 1:colcon.colcon_core.shell:create_environment_hook('maneuver', 'ld_library_path_lib')
[0.492s] INFO:colcon.colcon_core.shell:Creating environment hook '/ros_ws/src/install/maneuver/share/maneuver/hook/ld_library_path_lib.ps1'
[0.492s] INFO:colcon.colcon_core.shell:Creating environment descriptor '/ros_ws/src/install/maneuver/share/maneuver/hook/ld_library_path_lib.dsv'
[0.493s] INFO:colcon.colcon_core.shell:Creating environment hook '/ros_ws/src/install/maneuver/share/maneuver/hook/ld_library_path_lib.sh'
[0.493s] Level 1:colcon.colcon_core.environment:checking '/ros_ws/src/install/maneuver/bin'
[0.493s] Level 1:colcon.colcon_core.environment:checking '/ros_ws/src/install/maneuver/lib/pkgconfig/maneuver.pc'
[0.493s] Level 1:colcon.colcon_core.environment:checking '/ros_ws/src/install/maneuver/lib/python3.12/site-packages'
[0.493s] Level 1:colcon.colcon_core.shell:create_environment_hook('maneuver', 'pythonpath')
[0.493s] INFO:colcon.colcon_core.shell:Creating environment hook '/ros_ws/src/install/maneuver/share/maneuver/hook/pythonpath.ps1'
[0.493s] INFO:colcon.colcon_core.shell:Creating environment descriptor '/ros_ws/src/install/maneuver/share/maneuver/hook/pythonpath.dsv'
[0.494s] INFO:colcon.colcon_core.shell:Creating environment hook '/ros_ws/src/install/maneuver/share/maneuver/hook/pythonpath.sh'
[0.494s] Level 1:colcon.colcon_core.environment:checking '/ros_ws/src/install/maneuver/bin'
[0.494s] INFO:colcon.colcon_core.shell:Creating package script '/ros_ws/src/install/maneuver/share/maneuver/package.ps1'
[0.494s] INFO:colcon.colcon_core.shell:Creating package descriptor '/ros_ws/src/install/maneuver/share/maneuver/package.dsv'
[0.495s] INFO:colcon.colcon_core.shell:Creating package script '/ros_ws/src/install/maneuver/share/maneuver/package.sh'
[0.495s] INFO:colcon.colcon_core.shell:Creating package script '/ros_ws/src/install/maneuver/share/maneuver/package.bash'
[0.495s] INFO:colcon.colcon_core.shell:Creating package script '/ros_ws/src/install/maneuver/share/maneuver/package.zsh'
[0.495s] Level 1:colcon.colcon_core.environment:create_file_with_runtime_dependencies(/ros_ws/src/install/maneuver/share/colcon-core/packages/maneuver)
[0.495s] INFO:colcon.colcon_ros.task.ament_cmake.build:Building ROS package in '/ros_ws/src/controller' with build type 'ament_cmake'
[0.495s] INFO:colcon.colcon_cmake.task.cmake.build:Building CMake package in '/ros_ws/src/controller'
[0.496s] INFO:colcon.colcon_core.shell:Skip shell extension 'powershell' for command environment: Not usable outside of PowerShell
[0.496s] DEBUG:colcon.colcon_core.shell:Skip shell extension 'dsv' for command environment
[0.498s] INFO:colcon.colcon_ros.task.ament_cmake.build:Building ROS package in '/ros_ws/src/uav_simulator' with build type 'ament_cmake'
[0.498s] INFO:colcon.colcon_cmake.task.cmake.build:Building CMake package in '/ros_ws/src/uav_simulator'
[0.499s] INFO:colcon.colcon_core.shell:Skip shell extension 'powershell' for command environment: Not usable outside of PowerShell
[0.499s] DEBUG:colcon.colcon_core.shell:Skip shell extension 'dsv' for command environment
[0.504s] DEBUG:colcon.colcon_core.event_handler.log_command:Invoking command in '/ros_ws/src/build/controller': CMAKE_PREFIX_PATH=/ros_ws/src/install/maneuver:/ros_ws/src/install/libkdtp:/ros_ws/src/install/uav_simulator:/ros_ws/src/install/controller:/ros_ws/src/install/firmware:/ros_ws/install/firmware:/ros_ws/install/uav_simulator:/ros_ws/install/my_ros2_package:/ros_ws/install/controller:/ros_ws/install/maneuver:/ros_ws/install/libkdtp:/opt/ros/jazzy/opt/gz_math_vendor:/opt/ros/jazzy/opt/gz_utils_vendor:/opt/ros/jazzy/opt/gz_cmake_vendor:/opt/ros/jazzy LD_LIBRARY_PATH=/ros_ws/src/install/maneuver/lib:/ros_ws/src/install/libkdtp/lib:/ros_ws/src/install/uav_simulator/lib:/ros_ws/src/install/controller/lib:/ros_ws/install/uav_simulator/lib:/ros_ws/install/my_ros2_package/lib:/ros_ws/install/controller/lib:/ros_ws/install/maneuver/lib:/ros_ws/install/libkdtp/lib:/opt/ros/jazzy/opt/rviz_ogre_vendor/lib:/opt/ros/jazzy/lib/x86_64-linux-gnu:/opt/ros/jazzy/opt/gz_math_vendor/lib:/opt/ros/jazzy/opt/gz_utils_vendor/lib:/opt/ros/jazzy/opt/gz_cmake_vendor/lib:/opt/ros/jazzy/lib PYTHONPATH=/ros_ws/src/install/maneuver/lib/python3.12/site-packages:/ros_ws/src/install/controller/lib/python3.12/site-packages:/ros_ws/install/my_ros2_package/lib/python3.12/site-packages:/ros_ws/install/controller/lib/python3.12/site-packages:/ros_ws/install/maneuver/lib/python3.12/site-packages:/opt/ros/jazzy/lib/python3.12/site-packages /usr/bin/cmake --build /ros_ws/src/build/controller -- -j16 -l16
[0.506s] DEBUG:colcon.colcon_core.event_handler.log_command:Invoking command in '/ros_ws/src/build/uav_simulator': CMAKE_PREFIX_PATH=/ros_ws/src/install/maneuver:/ros_ws/src/install/libkdtp:/ros_ws/src/install/uav_simulator:/ros_ws/src/install/controller:/ros_ws/src/install/firmware:/ros_ws/install/firmware:/ros_ws/install/uav_simulator:/ros_ws/install/my_ros2_package:/ros_ws/install/controller:/ros_ws/install/maneuver:/ros_ws/install/libkdtp:/opt/ros/jazzy/opt/gz_math_vendor:/opt/ros/jazzy/opt/gz_utils_vendor:/opt/ros/jazzy/opt/gz_cmake_vendor:/opt/ros/jazzy LD_LIBRARY_PATH=/ros_ws/src/install/maneuver/lib:/ros_ws/src/install/libkdtp/lib:/ros_ws/src/install/uav_simulator/lib:/ros_ws/src/install/controller/lib:/ros_ws/install/uav_simulator/lib:/ros_ws/install/my_ros2_package/lib:/ros_ws/install/controller/lib:/ros_ws/install/maneuver/lib:/ros_ws/install/libkdtp/lib:/opt/ros/jazzy/opt/rviz_ogre_vendor/lib:/opt/ros/jazzy/lib/x86_64-linux-gnu:/opt/ros/jazzy/opt/gz_math_vendor/lib:/opt/ros/jazzy/opt/gz_utils_vendor/lib:/opt/ros/jazzy/opt/gz_cmake_vendor/lib:/opt/ros/jazzy/lib PYTHONPATH=/ros_ws/src/install/maneuver/lib/python3.12/site-packages:/ros_ws/src/install/controller/lib/python3.12/site-packages:/ros_ws/install/my_ros2_package/lib/python3.12/site-packages:/ros_ws/install/controller/lib/python3.12/site-packages:/ros_ws/install/maneuver/lib/python3.12/site-packages:/opt/ros/jazzy/lib/python3.12/site-packages /usr/bin/cmake --build /ros_ws/src/build/uav_simulator -- -j16 -l16
[0.553s] DEBUG:colcon.colcon_core.event_handler.log_command:Invoked command in '/ros_ws/src/build/uav_simulator' returned '0': CMAKE_PREFIX_PATH=/ros_ws/src/install/maneuver:/ros_ws/src/install/libkdtp:/ros_ws/src/install/uav_simulator:/ros_ws/src/install/controller:/ros_ws/src/install/firmware:/ros_ws/install/firmware:/ros_ws/install/uav_simulator:/ros_ws/install/my_ros2_package:/ros_ws/install/controller:/ros_ws/install/maneuver:/ros_ws/install/libkdtp:/opt/ros/jazzy/opt/gz_math_vendor:/opt/ros/jazzy/opt/gz_utils_vendor:/opt/ros/jazzy/opt/gz_cmake_vendor:/opt/ros/jazzy LD_LIBRARY_PATH=/ros_ws/src/install/maneuver/lib:/ros_ws/src/install/libkdtp/lib:/ros_ws/src/install/uav_simulator/lib:/ros_ws/src/install/controller/lib:/ros_ws/install/uav_simulator/lib:/ros_ws/install/my_ros2_package/lib:/ros_ws/install/controller/lib:/ros_ws/install/maneuver/lib:/ros_ws/install/libkdtp/lib:/opt/ros/jazzy/opt/rviz_ogre_vendor/lib:/opt/ros/jazzy/lib/x86_64-linux-gnu:/opt/ros/jazzy/opt/gz_math_vendor/lib:/opt/ros/jazzy/opt/gz_utils_vendor/lib:/opt/ros/jazzy/opt/gz_cmake_vendor/lib:/opt/ros/jazzy/lib PYTHONPATH=/ros_ws/src/install/maneuver/lib/python3.12/site-packages:/ros_ws/src/install/controller/lib/python3.12/site-packages:/ros_ws/install/my_ros2_package/lib/python3.12/site-packages:/ros_ws/install/controller/lib/python3.12/site-packages:/ros_ws/install/maneuver/lib/python3.12/site-packages:/opt/ros/jazzy/lib/python3.12/site-packages /usr/bin/cmake --build /ros_ws/src/build/uav_simulator -- -j16 -l16
[0.555s] DEBUG:colcon.colcon_core.event_handler.log_command:Invoking command in '/ros_ws/src/build/uav_simulator': CMAKE_PREFIX_PATH=/ros_ws/src/install/maneuver:/ros_ws/src/install/libkdtp:/ros_ws/src/install/uav_simulator:/ros_ws/src/install/controller:/ros_ws/src/install/firmware:/ros_ws/install/firmware:/ros_ws/install/uav_simulator:/ros_ws/install/my_ros2_package:/ros_ws/install/controller:/ros_ws/install/maneuver:/ros_ws/install/libkdtp:/opt/ros/jazzy/opt/gz_math_vendor:/opt/ros/jazzy/opt/gz_utils_vendor:/opt/ros/jazzy/opt/gz_cmake_vendor:/opt/ros/jazzy LD_LIBRARY_PATH=/ros_ws/src/install/maneuver/lib:/ros_ws/src/install/libkdtp/lib:/ros_ws/src/install/uav_simulator/lib:/ros_ws/src/install/controller/lib:/ros_ws/install/uav_simulator/lib:/ros_ws/install/my_ros2_package/lib:/ros_ws/install/controller/lib:/ros_ws/install/maneuver/lib:/ros_ws/install/libkdtp/lib:/opt/ros/jazzy/opt/rviz_ogre_vendor/lib:/opt/ros/jazzy/lib/x86_64-linux-gnu:/opt/ros/jazzy/opt/gz_math_vendor/lib:/opt/ros/jazzy/opt/gz_utils_vendor/lib:/opt/ros/jazzy/opt/gz_cmake_vendor/lib:/opt/ros/jazzy/lib PYTHONPATH=/ros_ws/src/install/maneuver/lib/python3.12/site-packages:/ros_ws/src/install/controller/lib/python3.12/site-packages:/ros_ws/install/my_ros2_package/lib/python3.12/site-packages:/ros_ws/install/controller/lib/python3.12/site-packages:/ros_ws/install/maneuver/lib/python3.12/site-packages:/opt/ros/jazzy/lib/python3.12/site-packages /usr/bin/cmake --install /ros_ws/src/build/uav_simulator
[0.562s] Level 1:colcon.colcon_core.environment:create_environment_scripts_only(uav_simulator)
[0.562s] Level 1:colcon.colcon_core.environment:checking '/ros_ws/src/install/uav_simulator' for CMake module files
[0.563s] DEBUG:colcon.colcon_core.event_handler.log_command:Invoked command in '/ros_ws/src/build/uav_simulator' returned '0': CMAKE_PREFIX_PATH=/ros_ws/src/install/maneuver:/ros_ws/src/install/libkdtp:/ros_ws/src/install/uav_simulator:/ros_ws/src/install/controller:/ros_ws/src/install/firmware:/ros_ws/install/firmware:/ros_ws/install/uav_simulator:/ros_ws/install/my_ros2_package:/ros_ws/install/controller:/ros_ws/install/maneuver:/ros_ws/install/libkdtp:/opt/ros/jazzy/opt/gz_math_vendor:/opt/ros/jazzy/opt/gz_utils_vendor:/opt/ros/jazzy/opt/gz_cmake_vendor:/opt/ros/jazzy LD_LIBRARY_PATH=/ros_ws/src/install/maneuver/lib:/ros_ws/src/install/libkdtp/lib:/ros_ws/src/install/uav_simulator/lib:/ros_ws/src/install/controller/lib:/ros_ws/install/uav_simulator/lib:/ros_ws/install/my_ros2_package/lib:/ros_ws/install/controller/lib:/ros_ws/install/maneuver/lib:/ros_ws/install/libkdtp/lib:/opt/ros/jazzy/opt/rviz_ogre_vendor/lib:/opt/ros/jazzy/lib/x86_64-linux-gnu:/opt/ros/jazzy/opt/gz_math_vendor/lib:/opt/ros/jazzy/opt/gz_utils_vendor/lib:/opt/ros/jazzy/opt/gz_cmake_vendor/lib:/opt/ros/jazzy/lib PYTHONPATH=/ros_ws/src/install/maneuver/lib/python3.12/site-packages:/ros_ws/src/install/controller/lib/python3.12/site-packages:/ros_ws/install/my_ros2_package/lib/python3.12/site-packages:/ros_ws/install/controller/lib/python3.12/site-packages:/ros_ws/install/maneuver/lib/python3.12/site-packages:/opt/ros/jazzy/lib/python3.12/site-packages /usr/bin/cmake --install /ros_ws/src/build/uav_simulator
[0.563s] Level 1:colcon.colcon_core.environment:checking '/ros_ws/src/install/uav_simulator' for CMake config files
[0.564s] Level 1:colcon.colcon_core.shell:create_environment_hook('uav_simulator', 'cmake_prefix_path')
[0.564s] INFO:colcon.colcon_core.shell:Creating environment hook '/ros_ws/src/install/uav_simulator/share/uav_simulator/hook/cmake_prefix_path.ps1'
[0.564s] INFO:colcon.colcon_core.shell:Creating environment descriptor '/ros_ws/src/install/uav_simulator/share/uav_simulator/hook/cmake_prefix_path.dsv'
[0.565s] INFO:colcon.colcon_core.shell:Creating environment hook '/ros_ws/src/install/uav_simulator/share/uav_simulator/hook/cmake_prefix_path.sh'
[0.565s] Level 1:colcon.colcon_core.environment:checking '/ros_ws/src/install/uav_simulator/lib'
[0.565s] Level 1:colcon.colcon_core.shell:create_environment_hook('uav_simulator', 'ld_library_path_lib')
[0.565s] INFO:colcon.colcon_core.shell:Creating environment hook '/ros_ws/src/install/uav_simulator/share/uav_simulator/hook/ld_library_path_lib.ps1'
[0.566s] INFO:colcon.colcon_core.shell:Creating environment descriptor '/ros_ws/src/install/uav_simulator/share/uav_simulator/hook/ld_library_path_lib.dsv'
[0.566s] INFO:colcon.colcon_core.shell:Creating environment hook '/ros_ws/src/install/uav_simulator/share/uav_simulator/hook/ld_library_path_lib.sh'
[0.566s] Level 1:colcon.colcon_core.environment:checking '/ros_ws/src/install/uav_simulator/bin'
[0.566s] Level 1:colcon.colcon_core.environment:checking '/ros_ws/src/install/uav_simulator/lib/pkgconfig/uav_simulator.pc'
[0.567s] Level 1:colcon.colcon_core.environment:checking '/ros_ws/src/install/uav_simulator/lib/python3.12/site-packages'
[0.567s] Level 1:colcon.colcon_core.environment:checking '/ros_ws/src/install/uav_simulator/bin'
[0.567s] INFO:colcon.colcon_core.shell:Creating package script '/ros_ws/src/install/uav_simulator/share/uav_simulator/package.ps1'
[0.568s] INFO:colcon.colcon_core.shell:Creating package descriptor '/ros_ws/src/install/uav_simulator/share/uav_simulator/package.dsv'
[0.569s] INFO:colcon.colcon_core.shell:Creating package script '/ros_ws/src/install/uav_simulator/share/uav_simulator/package.sh'
[0.569s] INFO:colcon.colcon_core.shell:Creating package script '/ros_ws/src/install/uav_simulator/share/uav_simulator/package.bash'
[0.569s] INFO:colcon.colcon_core.shell:Creating package script '/ros_ws/src/install/uav_simulator/share/uav_simulator/package.zsh'
[0.569s] Level 1:colcon.colcon_core.environment:create_file_with_runtime_dependencies(/ros_ws/src/install/uav_simulator/share/colcon-core/packages/uav_simulator)
[0.570s] Level 1:colcon.colcon_core.environment:create_environment_scripts_only(uav_simulator)
[0.570s] Level 1:colcon.colcon_core.environment:checking '/ros_ws/src/install/uav_simulator' for CMake module files
[0.571s] Level 1:colcon.colcon_core.environment:checking '/ros_ws/src/install/uav_simulator' for CMake config files
[0.571s] Level 1:colcon.colcon_core.shell:create_environment_hook('uav_simulator', 'cmake_prefix_path')
[0.571s] INFO:colcon.colcon_core.shell:Creating environment hook '/ros_ws/src/install/uav_simulator/share/uav_simulator/hook/cmake_prefix_path.ps1'
[0.571s] INFO:colcon.colcon_core.shell:Creating environment descriptor '/ros_ws/src/install/uav_simulator/share/uav_simulator/hook/cmake_prefix_path.dsv'
[0.571s] INFO:colcon.colcon_core.shell:Creating environment hook '/ros_ws/src/install/uav_simulator/share/uav_simulator/hook/cmake_prefix_path.sh'
[0.572s] Level 1:colcon.colcon_core.environment:checking '/ros_ws/src/install/uav_simulator/lib'
[0.572s] Level 1:colcon.colcon_core.shell:create_environment_hook('uav_simulator', 'ld_library_path_lib')
[0.572s] INFO:colcon.colcon_core.shell:Creating environment hook '/ros_ws/src/install/uav_simulator/share/uav_simulator/hook/ld_library_path_lib.ps1'
[0.572s] INFO:colcon.colcon_core.shell:Creating environment descriptor '/ros_ws/src/install/uav_simulator/share/uav_simulator/hook/ld_library_path_lib.dsv'
[0.573s] INFO:colcon.colcon_core.shell:Creating environment hook '/ros_ws/src/install/uav_simulator/share/uav_simulator/hook/ld_library_path_lib.sh'
[0.573s] Level 1:colcon.colcon_core.environment:checking '/ros_ws/src/install/uav_simulator/bin'
[0.573s] Level 1:colcon.colcon_core.environment:checking '/ros_ws/src/install/uav_simulator/lib/pkgconfig/uav_simulator.pc'
[0.574s] Level 1:colcon.colcon_core.environment:checking '/ros_ws/src/install/uav_simulator/lib/python3.12/site-packages'
[0.574s] Level 1:colcon.colcon_core.environment:checking '/ros_ws/src/install/uav_simulator/bin'
[0.574s] INFO:colcon.colcon_core.shell:Creating package script '/ros_ws/src/install/uav_simulator/share/uav_simulator/package.ps1'
[0.574s] INFO:colcon.colcon_core.shell:Creating package descriptor '/ros_ws/src/install/uav_simulator/share/uav_simulator/package.dsv'
[0.575s] INFO:colcon.colcon_core.shell:Creating package script '/ros_ws/src/install/uav_simulator/share/uav_simulator/package.sh'
[0.575s] INFO:colcon.colcon_core.shell:Creating package script '/ros_ws/src/install/uav_simulator/share/uav_simulator/package.bash'
[0.575s] INFO:colcon.colcon_core.shell:Creating package script '/ros_ws/src/install/uav_simulator/share/uav_simulator/package.zsh'
[0.576s] Level 1:colcon.colcon_core.environment:create_file_with_runtime_dependencies(/ros_ws/src/install/uav_simulator/share/colcon-core/packages/uav_simulator)
[0.742s] DEBUG:colcon.colcon_core.event_handler.log_command:Invoked command in '/ros_ws/src/build/controller' returned '0': CMAKE_PREFIX_PATH=/ros_ws/src/install/maneuver:/ros_ws/src/install/libkdtp:/ros_ws/src/install/uav_simulator:/ros_ws/src/install/controller:/ros_ws/src/install/firmware:/ros_ws/install/firmware:/ros_ws/install/uav_simulator:/ros_ws/install/my_ros2_package:/ros_ws/install/controller:/ros_ws/install/maneuver:/ros_ws/install/libkdtp:/opt/ros/jazzy/opt/gz_math_vendor:/opt/ros/jazzy/opt/gz_utils_vendor:/opt/ros/jazzy/opt/gz_cmake_vendor:/opt/ros/jazzy LD_LIBRARY_PATH=/ros_ws/src/install/maneuver/lib:/ros_ws/src/install/libkdtp/lib:/ros_ws/src/install/uav_simulator/lib:/ros_ws/src/install/controller/lib:/ros_ws/install/uav_simulator/lib:/ros_ws/install/my_ros2_package/lib:/ros_ws/install/controller/lib:/ros_ws/install/maneuver/lib:/ros_ws/install/libkdtp/lib:/opt/ros/jazzy/opt/rviz_ogre_vendor/lib:/opt/ros/jazzy/lib/x86_64-linux-gnu:/opt/ros/jazzy/opt/gz_math_vendor/lib:/opt/ros/jazzy/opt/gz_utils_vendor/lib:/opt/ros/jazzy/opt/gz_cmake_vendor/lib:/opt/ros/jazzy/lib PYTHONPATH=/ros_ws/src/install/maneuver/lib/python3.12/site-packages:/ros_ws/src/install/controller/lib/python3.12/site-packages:/ros_ws/install/my_ros2_package/lib/python3.12/site-packages:/ros_ws/install/controller/lib/python3.12/site-packages:/ros_ws/install/maneuver/lib/python3.12/site-packages:/opt/ros/jazzy/lib/python3.12/site-packages /usr/bin/cmake --build /ros_ws/src/build/controller -- -j16 -l16
[0.743s] DEBUG:colcon.colcon_core.event_handler.log_command:Invoking command in '/ros_ws/src/build/controller': CMAKE_PREFIX_PATH=/ros_ws/src/install/maneuver:/ros_ws/src/install/libkdtp:/ros_ws/src/install/uav_simulator:/ros_ws/src/install/controller:/ros_ws/src/install/firmware:/ros_ws/install/firmware:/ros_ws/install/uav_simulator:/ros_ws/install/my_ros2_package:/ros_ws/install/controller:/ros_ws/install/maneuver:/ros_ws/install/libkdtp:/opt/ros/jazzy/opt/gz_math_vendor:/opt/ros/jazzy/opt/gz_utils_vendor:/opt/ros/jazzy/opt/gz_cmake_vendor:/opt/ros/jazzy LD_LIBRARY_PATH=/ros_ws/src/install/maneuver/lib:/ros_ws/src/install/libkdtp/lib:/ros_ws/src/install/uav_simulator/lib:/ros_ws/src/install/controller/lib:/ros_ws/install/uav_simulator/lib:/ros_ws/install/my_ros2_package/lib:/ros_ws/install/controller/lib:/ros_ws/install/maneuver/lib:/ros_ws/install/libkdtp/lib:/opt/ros/jazzy/opt/rviz_ogre_vendor/lib:/opt/ros/jazzy/lib/x86_64-linux-gnu:/opt/ros/jazzy/opt/gz_math_vendor/lib:/opt/ros/jazzy/opt/gz_utils_vendor/lib:/opt/ros/jazzy/opt/gz_cmake_vendor/lib:/opt/ros/jazzy/lib PYTHONPATH=/ros_ws/src/install/maneuver/lib/python3.12/site-packages:/ros_ws/src/install/controller/lib/python3.12/site-packages:/ros_ws/install/my_ros2_package/lib/python3.12/site-packages:/ros_ws/install/controller/lib/python3.12/site-packages:/ros_ws/install/maneuver/lib/python3.12/site-packages:/opt/ros/jazzy/lib/python3.12/site-packages /usr/bin/cmake --install /ros_ws/src/build/controller
[0.784s] Level 1:colcon.colcon_core.environment:create_environment_scripts_only(controller)
[0.784s] Level 1:colcon.colcon_core.environment:checking '/ros_ws/src/install/controller' for CMake module files
[0.784s] DEBUG:colcon.colcon_core.event_handler.log_command:Invoked command in '/ros_ws/src/build/controller' returned '0': CMAKE_PREFIX_PATH=/ros_ws/src/install/maneuver:/ros_ws/src/install/libkdtp:/ros_ws/src/install/uav_simulator:/ros_ws/src/install/controller:/ros_ws/src/install/firmware:/ros_ws/install/firmware:/ros_ws/install/uav_simulator:/ros_ws/install/my_ros2_package:/ros_ws/install/controller:/ros_ws/install/maneuver:/ros_ws/install/libkdtp:/opt/ros/jazzy/opt/gz_math_vendor:/opt/ros/jazzy/opt/gz_utils_vendor:/opt/ros/jazzy/opt/gz_cmake_vendor:/opt/ros/jazzy LD_LIBRARY_PATH=/ros_ws/src/install/maneuver/lib:/ros_ws/src/install/libkdtp/lib:/ros_ws/src/install/uav_simulator/lib:/ros_ws/src/install/controller/lib:/ros_ws/install/uav_simulator/lib:/ros_ws/install/my_ros2_package/lib:/ros_ws/install/controller/lib:/ros_ws/install/maneuver/lib:/ros_ws/install/libkdtp/lib:/opt/ros/jazzy/opt/rviz_ogre_vendor/lib:/opt/ros/jazzy/lib/x86_64-linux-gnu:/opt/ros/jazzy/opt/gz_math_vendor/lib:/opt/ros/jazzy/opt/gz_utils_vendor/lib:/opt/ros/jazzy/opt/gz_cmake_vendor/lib:/opt/ros/jazzy/lib PYTHONPATH=/ros_ws/src/install/maneuver/lib/python3.12/site-packages:/ros_ws/src/install/controller/lib/python3.12/site-packages:/ros_ws/install/my_ros2_package/lib/python3.12/site-packages:/ros_ws/install/controller/lib/python3.12/site-packages:/ros_ws/install/maneuver/lib/python3.12/site-packages:/opt/ros/jazzy/lib/python3.12/site-packages /usr/bin/cmake --install /ros_ws/src/build/controller
[0.785s] Level 1:colcon.colcon_core.environment:checking '/ros_ws/src/install/controller' for CMake config files
[0.785s] Level 1:colcon.colcon_core.shell:create_environment_hook('controller', 'cmake_prefix_path')
[0.785s] INFO:colcon.colcon_core.shell:Creating environment hook '/ros_ws/src/install/controller/share/controller/hook/cmake_prefix_path.ps1'
[0.786s] INFO:colcon.colcon_core.shell:Creating environment descriptor '/ros_ws/src/install/controller/share/controller/hook/cmake_prefix_path.dsv'
[0.786s] INFO:colcon.colcon_core.shell:Creating environment hook '/ros_ws/src/install/controller/share/controller/hook/cmake_prefix_path.sh'
[0.786s] Level 1:colcon.colcon_core.environment:checking '/ros_ws/src/install/controller/lib'
[0.786s] Level 1:colcon.colcon_core.shell:create_environment_hook('controller', 'ld_library_path_lib')
[0.786s] INFO:colcon.colcon_core.shell:Creating environment hook '/ros_ws/src/install/controller/share/controller/hook/ld_library_path_lib.ps1'
[0.787s] INFO:colcon.colcon_core.shell:Creating environment descriptor '/ros_ws/src/install/controller/share/controller/hook/ld_library_path_lib.dsv'
[0.787s] INFO:colcon.colcon_core.shell:Creating environment hook '/ros_ws/src/install/controller/share/controller/hook/ld_library_path_lib.sh'
[0.787s] Level 1:colcon.colcon_core.environment:checking '/ros_ws/src/install/controller/bin'
[0.787s] Level 1:colcon.colcon_core.environment:checking '/ros_ws/src/install/controller/lib/pkgconfig/controller.pc'
[0.787s] Level 1:colcon.colcon_core.environment:checking '/ros_ws/src/install/controller/lib/python3.12/site-packages'
[0.787s] Level 1:colcon.colcon_core.shell:create_environment_hook('controller', 'pythonpath')
[0.787s] INFO:colcon.colcon_core.shell:Creating environment hook '/ros_ws/src/install/controller/share/controller/hook/pythonpath.ps1'
[0.787s] INFO:colcon.colcon_core.shell:Creating environment descriptor '/ros_ws/src/install/controller/share/controller/hook/pythonpath.dsv'
[0.788s] INFO:colcon.colcon_core.shell:Creating environment hook '/ros_ws/src/install/controller/share/controller/hook/pythonpath.sh'
[0.788s] Level 1:colcon.colcon_core.environment:checking '/ros_ws/src/install/controller/bin'
[0.788s] INFO:colcon.colcon_core.shell:Creating package script '/ros_ws/src/install/controller/share/controller/package.ps1'
[0.788s] INFO:colcon.colcon_core.shell:Creating package descriptor '/ros_ws/src/install/controller/share/controller/package.dsv'
[0.789s] INFO:colcon.colcon_core.shell:Creating package script '/ros_ws/src/install/controller/share/controller/package.sh'
[0.789s] INFO:colcon.colcon_core.shell:Creating package script '/ros_ws/src/install/controller/share/controller/package.bash'
[0.789s] INFO:colcon.colcon_core.shell:Creating package script '/ros_ws/src/install/controller/share/controller/package.zsh'
[0.789s] Level 1:colcon.colcon_core.environment:create_file_with_runtime_dependencies(/ros_ws/src/install/controller/share/colcon-core/packages/controller)
[0.790s] Level 1:colcon.colcon_core.environment:create_environment_scripts_only(controller)
[0.790s] Level 1:colcon.colcon_core.environment:checking '/ros_ws/src/install/controller' for CMake module files
[0.790s] Level 1:colcon.colcon_core.environment:checking '/ros_ws/src/install/controller' for CMake config files
[0.790s] Level 1:colcon.colcon_core.shell:create_environment_hook('controller', 'cmake_prefix_path')
[0.790s] INFO:colcon.colcon_core.shell:Creating environment hook '/ros_ws/src/install/controller/share/controller/hook/cmake_prefix_path.ps1'
[0.791s] INFO:colcon.colcon_core.shell:Creating environment descriptor '/ros_ws/src/install/controller/share/controller/hook/cmake_prefix_path.dsv'
[0.791s] INFO:colcon.colcon_core.shell:Creating environment hook '/ros_ws/src/install/controller/share/controller/hook/cmake_prefix_path.sh'
[0.791s] Level 1:colcon.colcon_core.environment:checking '/ros_ws/src/install/controller/lib'
[0.791s] Level 1:colcon.colcon_core.shell:create_environment_hook('controller', 'ld_library_path_lib')
[0.791s] INFO:colcon.colcon_core.shell:Creating environment hook '/ros_ws/src/install/controller/share/controller/hook/ld_library_path_lib.ps1'
[0.791s] INFO:colcon.colcon_core.shell:Creating environment descriptor '/ros_ws/src/install/controller/share/controller/hook/ld_library_path_lib.dsv'
[0.792s] INFO:colcon.colcon_core.shell:Creating environment hook '/ros_ws/src/install/controller/share/controller/hook/ld_library_path_lib.sh'
[0.792s] Level 1:colcon.colcon_core.environment:checking '/ros_ws/src/install/controller/bin'
[0.792s] Level 1:colcon.colcon_core.environment:checking '/ros_ws/src/install/controller/lib/pkgconfig/controller.pc'
[0.792s] Level 1:colcon.colcon_core.environment:checking '/ros_ws/src/install/controller/lib/python3.12/site-packages'
[0.792s] Level 1:colcon.colcon_core.shell:create_environment_hook('controller', 'pythonpath')
[0.792s] INFO:colcon.colcon_core.shell:Creating environment hook '/ros_ws/src/install/controller/share/controller/hook/pythonpath.ps1'
[0.792s] INFO:colcon.colcon_core.shell:Creating environment descriptor '/ros_ws/src/install/controller/share/controller/hook/pythonpath.dsv'
[0.792s] INFO:colcon.colcon_core.shell:Creating environment hook '/ros_ws/src/install/controller/share/controller/hook/pythonpath.sh'
[0.793s] Level 1:colcon.colcon_core.environment:checking '/ros_ws/src/install/controller/bin'
[0.793s] INFO:colcon.colcon_core.shell:Creating package script '/ros_ws/src/install/controller/share/controller/package.ps1'
[0.793s] INFO:colcon.colcon_core.shell:Creating package descriptor '/ros_ws/src/install/controller/share/controller/package.dsv'
[0.793s] INFO:colcon.colcon_core.shell:Creating package script '/ros_ws/src/install/controller/share/controller/package.sh'
[0.794s] INFO:colcon.colcon_core.shell:Creating package script '/ros_ws/src/install/controller/share/controller/package.bash'
[0.794s] INFO:colcon.colcon_core.shell:Creating package script '/ros_ws/src/install/controller/share/controller/package.zsh'
[0.794s] Level 1:colcon.colcon_core.environment:create_file_with_runtime_dependencies(/ros_ws/src/install/controller/share/colcon-core/packages/controller)
[0.794s] DEBUG:colcon.colcon_parallel_executor.executor.parallel:closing loop
[0.795s] DEBUG:colcon.colcon_parallel_executor.executor.parallel:loop closed
[0.795s] DEBUG:colcon.colcon_parallel_executor.executor.parallel:run_until_complete finished with '0'
[0.795s] DEBUG:colcon.colcon_core.event_reactor:joining thread
[0.798s] INFO:colcon.colcon_core.plugin_system:Skipping extension 'colcon_notification.desktop_notification.notify_send': Could not find 'notify-send'
[0.798s] INFO:colcon.colcon_core.plugin_system:Skipping extension 'colcon_notification.desktop_notification.terminal_notifier': Not used on non-Darwin systems
[0.798s] INFO:colcon.colcon_core.plugin_system:Skipping extension 'colcon_notification.desktop_notification.win32': Not used on non-Windows systems
[0.798s] INFO:colcon.colcon_notification.desktop_notification:Sending desktop notification using 'notify2'
[0.798s] DEBUG:colcon.colcon_notification.desktop_notification.notify2:Failed to initialize notify2: org.freedesktop.DBus.Error.NotSupported: Unable to autolaunch a dbus-daemon without a $DISPLAY for X11
[0.798s] DEBUG:colcon.colcon_core.event_reactor:joined thread
[0.799s] INFO:colcon.colcon_core.shell:Creating prefix script '/ros_ws/src/install/local_setup.ps1'
[0.799s] INFO:colcon.colcon_core.shell:Creating prefix util module '/ros_ws/src/install/_local_setup_util_ps1.py'
[0.800s] INFO:colcon.colcon_core.shell:Creating prefix chain script '/ros_ws/src/install/setup.ps1'
[0.801s] INFO:colcon.colcon_core.shell:Creating prefix script '/ros_ws/src/install/local_setup.sh'
[0.801s] INFO:colcon.colcon_core.shell:Creating prefix util module '/ros_ws/src/install/_local_setup_util_sh.py'
[0.801s] INFO:colcon.colcon_core.shell:Creating prefix chain script '/ros_ws/src/install/setup.sh'
[0.802s] INFO:colcon.colcon_core.shell:Creating prefix script '/ros_ws/src/install/local_setup.bash'
[0.802s] INFO:colcon.colcon_core.shell:Creating prefix chain script '/ros_ws/src/install/setup.bash'
[0.803s] INFO:colcon.colcon_core.shell:Creating prefix script '/ros_ws/src/install/local_setup.zsh'
[0.803s] INFO:colcon.colcon_core.shell:Creating prefix chain script '/ros_ws/src/install/setup.zsh'
