[  1%] Built target controller__rosidl_generator_type_description
[  1%] Built target ament_cmake_python_copy_controller
[  2%] Built target controller__cpp
[ 25%] Built target controller__rosidl_generator_c
[ 34%] Built target controller__rosidl_typesupport_introspection_c
[ 44%] Built target controller__rosidl_typesupport_c
[ 54%] Built target controller__rosidl_typesupport_cpp
[ 62%] Built target controller__rosidl_typesupport_introspection_cpp
[ 72%] Built target controller__rosidl_typesupport_fastrtps_c
[ 81%] Built target controller__rosidl_typesupport_fastrtps_cpp
[ 81%] Built target controller
[ 83%] Built target controller_node
[ 84%] Built target controller__py
[ 93%] Built target controller__rosidl_generator_py
[ 95%] Built target controller_s__rosidl_typesupport_fastrtps_c
[ 97%] Built target controller_s__rosidl_typesupport_introspection_c
[100%] Built target controller_s__rosidl_typesupport_c
running egg_info
writing controller.egg-info/PKG-INFO
writing dependency_links to controller.egg-info/dependency_links.txt
writing top-level names to controller.egg-info/top_level.txt
reading manifest file 'controller.egg-info/SOURCES.txt'
writing manifest file 'controller.egg-info/SOURCES.txt'
[100%] Built target ament_cmake_python_build_controller_egg
-- Install configuration: ""
-- Up-to-date: /ros_ws/src/install/controller/share/ament_index/resource_index/rosidl_interfaces/controller
-- Up-to-date: /ros_ws/src/install/controller/share/controller/msg/MotorSpeed.json
-- Up-to-date: /ros_ws/src/install/controller/share/controller/msg/Pose.json
-- Up-to-date: /ros_ws/src/install/controller/share/controller/msg/Uvector.json
-- Up-to-date: /ros_ws/src/install/controller/share/controller/msg/ErrorMsg.json
-- Up-to-date: /ros_ws/src/install/controller/share/controller/srv/AngularWrench.json
-- Up-to-date: /ros_ws/src/install/controller/share/controller/srv/LinearWrench.json
-- Up-to-date: /ros_ws/src/install/controller/include/controller/controller
-- Up-to-date: /ros_ws/src/install/controller/include/controller/controller/msg
-- Up-to-date: /ros_ws/src/install/controller/include/controller/controller/msg/error_msg.h
-- Up-to-date: /ros_ws/src/install/controller/include/controller/controller/msg/detail
-- Up-to-date: /ros_ws/src/install/controller/include/controller/controller/msg/detail/error_msg__functions.h
-- Up-to-date: /ros_ws/src/install/controller/include/controller/controller/msg/detail/uvector__type_support.c
-- Up-to-date: /ros_ws/src/install/controller/include/controller/controller/msg/detail/motor_speed__functions.c
-- Up-to-date: /ros_ws/src/install/controller/include/controller/controller/msg/detail/pose__type_support.h
-- Up-to-date: /ros_ws/src/install/controller/include/controller/controller/msg/detail/pose__functions.c
-- Up-to-date: /ros_ws/src/install/controller/include/controller/controller/msg/detail/pose__struct.h
-- Up-to-date: /ros_ws/src/install/controller/include/controller/controller/msg/detail/motor_speed__functions.h
-- Up-to-date: /ros_ws/src/install/controller/include/controller/controller/msg/detail/motor_speed__description.c
-- Up-to-date: /ros_ws/src/install/controller/include/controller/controller/msg/detail/error_msg__type_support.c
-- Up-to-date: /ros_ws/src/install/controller/include/controller/controller/msg/detail/uvector__struct.h
-- Up-to-date: /ros_ws/src/install/controller/include/controller/controller/msg/detail/error_msg__struct.h
-- Up-to-date: /ros_ws/src/install/controller/include/controller/controller/msg/detail/uvector__functions.c
-- Up-to-date: /ros_ws/src/install/controller/include/controller/controller/msg/detail/error_msg__functions.c
-- Up-to-date: /ros_ws/src/install/controller/include/controller/controller/msg/detail/motor_speed__type_support.c
-- Up-to-date: /ros_ws/src/install/controller/include/controller/controller/msg/detail/uvector__description.c
-- Up-to-date: /ros_ws/src/install/controller/include/controller/controller/msg/detail/pose__type_support.c
-- Up-to-date: /ros_ws/src/install/controller/include/controller/controller/msg/detail/pose__functions.h
-- Up-to-date: /ros_ws/src/install/controller/include/controller/controller/msg/detail/error_msg__type_support.h
-- Up-to-date: /ros_ws/src/install/controller/include/controller/controller/msg/detail/uvector__functions.h
-- Up-to-date: /ros_ws/src/install/controller/include/controller/controller/msg/detail/motor_speed__struct.h
-- Up-to-date: /ros_ws/src/install/controller/include/controller/controller/msg/detail/uvector__type_support.h
-- Up-to-date: /ros_ws/src/install/controller/include/controller/controller/msg/detail/motor_speed__type_support.h
-- Up-to-date: /ros_ws/src/install/controller/include/controller/controller/msg/detail/pose__description.c
-- Up-to-date: /ros_ws/src/install/controller/include/controller/controller/msg/detail/error_msg__description.c
-- Up-to-date: /ros_ws/src/install/controller/include/controller/controller/msg/uvector.h
-- Up-to-date: /ros_ws/src/install/controller/include/controller/controller/msg/pose.h
-- Up-to-date: /ros_ws/src/install/controller/include/controller/controller/msg/motor_speed.h
-- Up-to-date: /ros_ws/src/install/controller/include/controller/controller/msg/rosidl_generator_c__visibility_control.h
-- Up-to-date: /ros_ws/src/install/controller/include/controller/controller/srv
-- Up-to-date: /ros_ws/src/install/controller/include/controller/controller/srv/detail
-- Up-to-date: /ros_ws/src/install/controller/include/controller/controller/srv/detail/angular_wrench__functions.h
-- Up-to-date: /ros_ws/src/install/controller/include/controller/controller/srv/detail/angular_wrench__type_support.c
-- Up-to-date: /ros_ws/src/install/controller/include/controller/controller/srv/detail/angular_wrench__description.c
-- Up-to-date: /ros_ws/src/install/controller/include/controller/controller/srv/detail/linear_wrench__type_support.c
-- Up-to-date: /ros_ws/src/install/controller/include/controller/controller/srv/detail/linear_wrench__struct.h
-- Up-to-date: /ros_ws/src/install/controller/include/controller/controller/srv/detail/linear_wrench__type_support.h
-- Up-to-date: /ros_ws/src/install/controller/include/controller/controller/srv/detail/angular_wrench__type_support.h
-- Up-to-date: /ros_ws/src/install/controller/include/controller/controller/srv/detail/linear_wrench__functions.c
-- Up-to-date: /ros_ws/src/install/controller/include/controller/controller/srv/detail/linear_wrench__description.c
-- Up-to-date: /ros_ws/src/install/controller/include/controller/controller/srv/detail/angular_wrench__struct.h
-- Up-to-date: /ros_ws/src/install/controller/include/controller/controller/srv/detail/angular_wrench__functions.c
-- Up-to-date: /ros_ws/src/install/controller/include/controller/controller/srv/detail/linear_wrench__functions.h
-- Up-to-date: /ros_ws/src/install/controller/include/controller/controller/srv/linear_wrench.h
-- Up-to-date: /ros_ws/src/install/controller/include/controller/controller/srv/angular_wrench.h
-- Up-to-date: /ros_ws/src/install/controller/share/controller/environment/library_path.sh
-- Up-to-date: /ros_ws/src/install/controller/share/controller/environment/library_path.dsv
-- Up-to-date: /ros_ws/src/install/controller/lib/libcontroller__rosidl_generator_c.so
-- Up-to-date: /ros_ws/src/install/controller/include/controller/controller
-- Up-to-date: /ros_ws/src/install/controller/include/controller/controller/msg
-- Up-to-date: /ros_ws/src/install/controller/include/controller/controller/msg/rosidl_typesupport_fastrtps_c__visibility_control.h
-- Up-to-date: /ros_ws/src/install/controller/include/controller/controller/msg/detail
-- Up-to-date: /ros_ws/src/install/controller/include/controller/controller/msg/detail/uvector__rosidl_typesupport_fastrtps_c.h
-- Up-to-date: /ros_ws/src/install/controller/include/controller/controller/msg/detail/motor_speed__rosidl_typesupport_fastrtps_c.h
-- Up-to-date: /ros_ws/src/install/controller/include/controller/controller/msg/detail/error_msg__rosidl_typesupport_fastrtps_c.h
-- Up-to-date: /ros_ws/src/install/controller/include/controller/controller/msg/detail/pose__rosidl_typesupport_fastrtps_c.h
-- Up-to-date: /ros_ws/src/install/controller/include/controller/controller/srv
-- Up-to-date: /ros_ws/src/install/controller/include/controller/controller/srv/detail
-- Up-to-date: /ros_ws/src/install/controller/include/controller/controller/srv/detail/angular_wrench__rosidl_typesupport_fastrtps_c.h
-- Up-to-date: /ros_ws/src/install/controller/include/controller/controller/srv/detail/linear_wrench__rosidl_typesupport_fastrtps_c.h
-- Up-to-date: /ros_ws/src/install/controller/lib/libcontroller__rosidl_typesupport_fastrtps_c.so
-- Up-to-date: /ros_ws/src/install/controller/include/controller/controller
-- Up-to-date: /ros_ws/src/install/controller/include/controller/controller/msg
-- Up-to-date: /ros_ws/src/install/controller/include/controller/controller/msg/uvector.hpp
-- Up-to-date: /ros_ws/src/install/controller/include/controller/controller/msg/detail
-- Up-to-date: /ros_ws/src/install/controller/include/controller/controller/msg/detail/error_msg__builder.hpp
-- Up-to-date: /ros_ws/src/install/controller/include/controller/controller/msg/detail/error_msg__traits.hpp
-- Up-to-date: /ros_ws/src/install/controller/include/controller/controller/msg/detail/motor_speed__traits.hpp
-- Up-to-date: /ros_ws/src/install/controller/include/controller/controller/msg/detail/motor_speed__builder.hpp
-- Up-to-date: /ros_ws/src/install/controller/include/controller/controller/msg/detail/uvector__builder.hpp
-- Up-to-date: /ros_ws/src/install/controller/include/controller/controller/msg/detail/pose__type_support.hpp
-- Up-to-date: /ros_ws/src/install/controller/include/controller/controller/msg/detail/error_msg__struct.hpp
-- Up-to-date: /ros_ws/src/install/controller/include/controller/controller/msg/detail/pose__traits.hpp
-- Up-to-date: /ros_ws/src/install/controller/include/controller/controller/msg/detail/uvector__struct.hpp
-- Up-to-date: /ros_ws/src/install/controller/include/controller/controller/msg/detail/uvector__traits.hpp
-- Up-to-date: /ros_ws/src/install/controller/include/controller/controller/msg/detail/motor_speed__struct.hpp
-- Up-to-date: /ros_ws/src/install/controller/include/controller/controller/msg/detail/motor_speed__type_support.hpp
-- Up-to-date: /ros_ws/src/install/controller/include/controller/controller/msg/detail/pose__builder.hpp
-- Up-to-date: /ros_ws/src/install/controller/include/controller/controller/msg/detail/pose__struct.hpp
-- Up-to-date: /ros_ws/src/install/controller/include/controller/controller/msg/detail/uvector__type_support.hpp
-- Up-to-date: /ros_ws/src/install/controller/include/controller/controller/msg/detail/error_msg__type_support.hpp
-- Up-to-date: /ros_ws/src/install/controller/include/controller/controller/msg/error_msg.hpp
-- Up-to-date: /ros_ws/src/install/controller/include/controller/controller/msg/motor_speed.hpp
-- Up-to-date: /ros_ws/src/install/controller/include/controller/controller/msg/rosidl_generator_cpp__visibility_control.hpp
-- Up-to-date: /ros_ws/src/install/controller/include/controller/controller/msg/pose.hpp
-- Up-to-date: /ros_ws/src/install/controller/include/controller/controller/srv
-- Up-to-date: /ros_ws/src/install/controller/include/controller/controller/srv/angular_wrench.hpp
-- Up-to-date: /ros_ws/src/install/controller/include/controller/controller/srv/detail
-- Up-to-date: /ros_ws/src/install/controller/include/controller/controller/srv/detail/angular_wrench__struct.hpp
-- Up-to-date: /ros_ws/src/install/controller/include/controller/controller/srv/detail/linear_wrench__struct.hpp
-- Up-to-date: /ros_ws/src/install/controller/include/controller/controller/srv/detail/angular_wrench__type_support.hpp
-- Up-to-date: /ros_ws/src/install/controller/include/controller/controller/srv/detail/angular_wrench__traits.hpp
-- Up-to-date: /ros_ws/src/install/controller/include/controller/controller/srv/detail/linear_wrench__type_support.hpp
-- Up-to-date: /ros_ws/src/install/controller/include/controller/controller/srv/detail/linear_wrench__builder.hpp
-- Up-to-date: /ros_ws/src/install/controller/include/controller/controller/srv/detail/linear_wrench__traits.hpp
-- Up-to-date: /ros_ws/src/install/controller/include/controller/controller/srv/detail/angular_wrench__builder.hpp
-- Up-to-date: /ros_ws/src/install/controller/include/controller/controller/srv/linear_wrench.hpp
-- Up-to-date: /ros_ws/src/install/controller/include/controller/controller
-- Up-to-date: /ros_ws/src/install/controller/include/controller/controller/msg
-- Up-to-date: /ros_ws/src/install/controller/include/controller/controller/msg/rosidl_typesupport_fastrtps_cpp__visibility_control.h
-- Up-to-date: /ros_ws/src/install/controller/include/controller/controller/msg/detail
-- Up-to-date: /ros_ws/src/install/controller/include/controller/controller/msg/detail/pose__rosidl_typesupport_fastrtps_cpp.hpp
-- Up-to-date: /ros_ws/src/install/controller/include/controller/controller/msg/detail/dds_fastrtps
-- Up-to-date: /ros_ws/src/install/controller/include/controller/controller/msg/detail/motor_speed__rosidl_typesupport_fastrtps_cpp.hpp
-- Up-to-date: /ros_ws/src/install/controller/include/controller/controller/msg/detail/uvector__rosidl_typesupport_fastrtps_cpp.hpp
-- Up-to-date: /ros_ws/src/install/controller/include/controller/controller/msg/detail/error_msg__rosidl_typesupport_fastrtps_cpp.hpp
-- Up-to-date: /ros_ws/src/install/controller/include/controller/controller/srv
-- Up-to-date: /ros_ws/src/install/controller/include/controller/controller/srv/detail
-- Up-to-date: /ros_ws/src/install/controller/include/controller/controller/srv/detail/angular_wrench__rosidl_typesupport_fastrtps_cpp.hpp
-- Up-to-date: /ros_ws/src/install/controller/include/controller/controller/srv/detail/dds_fastrtps
-- Up-to-date: /ros_ws/src/install/controller/include/controller/controller/srv/detail/linear_wrench__rosidl_typesupport_fastrtps_cpp.hpp
-- Up-to-date: /ros_ws/src/install/controller/lib/libcontroller__rosidl_typesupport_fastrtps_cpp.so
-- Up-to-date: /ros_ws/src/install/controller/include/controller/controller
-- Up-to-date: /ros_ws/src/install/controller/include/controller/controller/msg
-- Up-to-date: /ros_ws/src/install/controller/include/controller/controller/msg/rosidl_typesupport_introspection_c__visibility_control.h
-- Up-to-date: /ros_ws/src/install/controller/include/controller/controller/msg/detail
-- Up-to-date: /ros_ws/src/install/controller/include/controller/controller/msg/detail/uvector__type_support.c
-- Up-to-date: /ros_ws/src/install/controller/include/controller/controller/msg/detail/pose__rosidl_typesupport_introspection_c.h
-- Up-to-date: /ros_ws/src/install/controller/include/controller/controller/msg/detail/uvector__rosidl_typesupport_introspection_c.h
-- Up-to-date: /ros_ws/src/install/controller/include/controller/controller/msg/detail/error_msg__type_support.c
-- Up-to-date: /ros_ws/src/install/controller/include/controller/controller/msg/detail/motor_speed__rosidl_typesupport_introspection_c.h
-- Up-to-date: /ros_ws/src/install/controller/include/controller/controller/msg/detail/motor_speed__type_support.c
-- Up-to-date: /ros_ws/src/install/controller/include/controller/controller/msg/detail/pose__type_support.c
-- Up-to-date: /ros_ws/src/install/controller/include/controller/controller/msg/detail/error_msg__rosidl_typesupport_introspection_c.h
-- Up-to-date: /ros_ws/src/install/controller/include/controller/controller/srv
-- Up-to-date: /ros_ws/src/install/controller/include/controller/controller/srv/detail
-- Up-to-date: /ros_ws/src/install/controller/include/controller/controller/srv/detail/angular_wrench__type_support.c
-- Up-to-date: /ros_ws/src/install/controller/include/controller/controller/srv/detail/linear_wrench__type_support.c
-- Up-to-date: /ros_ws/src/install/controller/include/controller/controller/srv/detail/linear_wrench__rosidl_typesupport_introspection_c.h
-- Up-to-date: /ros_ws/src/install/controller/include/controller/controller/srv/detail/angular_wrench__rosidl_typesupport_introspection_c.h
-- Up-to-date: /ros_ws/src/install/controller/lib/libcontroller__rosidl_typesupport_introspection_c.so
-- Up-to-date: /ros_ws/src/install/controller/lib/libcontroller__rosidl_typesupport_c.so
-- Up-to-date: /ros_ws/src/install/controller/include/controller/controller
-- Up-to-date: /ros_ws/src/install/controller/include/controller/controller/msg
-- Up-to-date: /ros_ws/src/install/controller/include/controller/controller/msg/detail
-- Up-to-date: /ros_ws/src/install/controller/include/controller/controller/msg/detail/motor_speed__type_support.cpp
-- Up-to-date: /ros_ws/src/install/controller/include/controller/controller/msg/detail/pose__rosidl_typesupport_introspection_cpp.hpp
-- Up-to-date: /ros_ws/src/install/controller/include/controller/controller/msg/detail/uvector__rosidl_typesupport_introspection_cpp.hpp
-- Up-to-date: /ros_ws/src/install/controller/include/controller/controller/msg/detail/error_msg__type_support.cpp
-- Up-to-date: /ros_ws/src/install/controller/include/controller/controller/msg/detail/motor_speed__rosidl_typesupport_introspection_cpp.hpp
-- Up-to-date: /ros_ws/src/install/controller/include/controller/controller/msg/detail/uvector__type_support.cpp
-- Up-to-date: /ros_ws/src/install/controller/include/controller/controller/msg/detail/pose__type_support.cpp
-- Up-to-date: /ros_ws/src/install/controller/include/controller/controller/msg/detail/error_msg__rosidl_typesupport_introspection_cpp.hpp
-- Up-to-date: /ros_ws/src/install/controller/include/controller/controller/srv
-- Up-to-date: /ros_ws/src/install/controller/include/controller/controller/srv/detail
-- Up-to-date: /ros_ws/src/install/controller/include/controller/controller/srv/detail/angular_wrench__type_support.cpp
-- Up-to-date: /ros_ws/src/install/controller/include/controller/controller/srv/detail/linear_wrench__rosidl_typesupport_introspection_cpp.hpp
-- Up-to-date: /ros_ws/src/install/controller/include/controller/controller/srv/detail/angular_wrench__rosidl_typesupport_introspection_cpp.hpp
-- Up-to-date: /ros_ws/src/install/controller/include/controller/controller/srv/detail/linear_wrench__type_support.cpp
-- Up-to-date: /ros_ws/src/install/controller/lib/libcontroller__rosidl_typesupport_introspection_cpp.so
-- Up-to-date: /ros_ws/src/install/controller/lib/libcontroller__rosidl_typesupport_cpp.so
-- Up-to-date: /ros_ws/src/install/controller/share/controller/environment/pythonpath.sh
-- Up-to-date: /ros_ws/src/install/controller/share/controller/environment/pythonpath.dsv
-- Up-to-date: /ros_ws/src/install/controller/lib/python3.12/site-packages/controller-0.1.0-py3.12.egg-info
-- Installing: /ros_ws/src/install/controller/lib/python3.12/site-packages/controller-0.1.0-py3.12.egg-info/dependency_links.txt
-- Installing: /ros_ws/src/install/controller/lib/python3.12/site-packages/controller-0.1.0-py3.12.egg-info/SOURCES.txt
-- Installing: /ros_ws/src/install/controller/lib/python3.12/site-packages/controller-0.1.0-py3.12.egg-info/top_level.txt
-- Installing: /ros_ws/src/install/controller/lib/python3.12/site-packages/controller-0.1.0-py3.12.egg-info/PKG-INFO
-- Up-to-date: /ros_ws/src/install/controller/lib/python3.12/site-packages/controller
-- Up-to-date: /ros_ws/src/install/controller/lib/python3.12/site-packages/controller/_controller_s.ep.rosidl_typesupport_introspection_c.c
-- Up-to-date: /ros_ws/src/install/controller/lib/python3.12/site-packages/controller/_controller_s.ep.rosidl_typesupport_c.c
-- Up-to-date: /ros_ws/src/install/controller/lib/python3.12/site-packages/controller/msg
-- Up-to-date: /ros_ws/src/install/controller/lib/python3.12/site-packages/controller/msg/_pose.py
-- Up-to-date: /ros_ws/src/install/controller/lib/python3.12/site-packages/controller/msg/_pose_s.c
-- Up-to-date: /ros_ws/src/install/controller/lib/python3.12/site-packages/controller/msg/_motor_speed.py
-- Up-to-date: /ros_ws/src/install/controller/lib/python3.12/site-packages/controller/msg/_uvector.py
-- Up-to-date: /ros_ws/src/install/controller/lib/python3.12/site-packages/controller/msg/_motor_speed_s.c
-- Up-to-date: /ros_ws/src/install/controller/lib/python3.12/site-packages/controller/msg/_error_msg.py
-- Up-to-date: /ros_ws/src/install/controller/lib/python3.12/site-packages/controller/msg/__init__.py
-- Up-to-date: /ros_ws/src/install/controller/lib/python3.12/site-packages/controller/msg/_uvector_s.c
-- Up-to-date: /ros_ws/src/install/controller/lib/python3.12/site-packages/controller/msg/_error_msg_s.c
-- Up-to-date: /ros_ws/src/install/controller/lib/python3.12/site-packages/controller/controller_s__rosidl_typesupport_introspection_c.so
-- Up-to-date: /ros_ws/src/install/controller/lib/python3.12/site-packages/controller/controller_s__rosidl_typesupport_fastrtps_c.so
-- Up-to-date: /ros_ws/src/install/controller/lib/python3.12/site-packages/controller/__init__.py
-- Up-to-date: /ros_ws/src/install/controller/lib/python3.12/site-packages/controller/controller_s__rosidl_typesupport_c.so
-- Up-to-date: /ros_ws/src/install/controller/lib/python3.12/site-packages/controller/srv
-- Up-to-date: /ros_ws/src/install/controller/lib/python3.12/site-packages/controller/srv/_linear_wrench_s.c
-- Up-to-date: /ros_ws/src/install/controller/lib/python3.12/site-packages/controller/srv/_angular_wrench_s.c
-- Up-to-date: /ros_ws/src/install/controller/lib/python3.12/site-packages/controller/srv/__init__.py
-- Up-to-date: /ros_ws/src/install/controller/lib/python3.12/site-packages/controller/srv/_linear_wrench.py
-- Up-to-date: /ros_ws/src/install/controller/lib/python3.12/site-packages/controller/srv/_angular_wrench.py
-- Up-to-date: /ros_ws/src/install/controller/lib/python3.12/site-packages/controller/_controller_s.ep.rosidl_typesupport_fastrtps_c.c
Listing '/ros_ws/src/install/controller/lib/python3.12/site-packages/controller'...
Listing '/ros_ws/src/install/controller/lib/python3.12/site-packages/controller/msg'...
Listing '/ros_ws/src/install/controller/lib/python3.12/site-packages/controller/srv'...
-- Up-to-date: /ros_ws/src/install/controller/lib/python3.12/site-packages/controller/controller_s__rosidl_typesupport_fastrtps_c.so
-- Up-to-date: /ros_ws/src/install/controller/lib/python3.12/site-packages/controller/controller_s__rosidl_typesupport_introspection_c.so
-- Up-to-date: /ros_ws/src/install/controller/lib/python3.12/site-packages/controller/controller_s__rosidl_typesupport_c.so
-- Up-to-date: /ros_ws/src/install/controller/lib/libcontroller__rosidl_generator_py.so
-- Up-to-date: /ros_ws/src/install/controller/share/controller/msg/MotorSpeed.idl
-- Up-to-date: /ros_ws/src/install/controller/share/controller/msg/Pose.idl
-- Up-to-date: /ros_ws/src/install/controller/share/controller/msg/Uvector.idl
-- Up-to-date: /ros_ws/src/install/controller/share/controller/msg/ErrorMsg.idl
-- Up-to-date: /ros_ws/src/install/controller/share/controller/srv/AngularWrench.idl
-- Up-to-date: /ros_ws/src/install/controller/share/controller/srv/LinearWrench.idl
-- Up-to-date: /ros_ws/src/install/controller/share/controller/msg/MotorSpeed.msg
-- Up-to-date: /ros_ws/src/install/controller/share/controller/msg/Pose.msg
-- Up-to-date: /ros_ws/src/install/controller/share/controller/msg/Uvector.msg
-- Up-to-date: /ros_ws/src/install/controller/share/controller/msg/ErrorMsg.msg
-- Up-to-date: /ros_ws/src/install/controller/share/controller/srv/AngularWrench.srv
-- Up-to-date: /ros_ws/src/install/controller/share/controller/srv/LinearWrench.srv
-- Up-to-date: /ros_ws/src/install/controller/lib/controller/controller_node
-- Up-to-date: /ros_ws/src/install/controller/share/controller//launch
-- Up-to-date: /ros_ws/src/install/controller/share/controller//launch/control.launch.py
-- Up-to-date: /ros_ws/src/install/controller/share/ament_index/resource_index/package_run_dependencies/controller
-- Up-to-date: /ros_ws/src/install/controller/share/ament_index/resource_index/parent_prefix_path/controller
-- Up-to-date: /ros_ws/src/install/controller/share/controller/environment/ament_prefix_path.sh
-- Up-to-date: /ros_ws/src/install/controller/share/controller/environment/ament_prefix_path.dsv
-- Up-to-date: /ros_ws/src/install/controller/share/controller/environment/path.sh
-- Up-to-date: /ros_ws/src/install/controller/share/controller/environment/path.dsv
-- Up-to-date: /ros_ws/src/install/controller/share/controller/local_setup.bash
-- Up-to-date: /ros_ws/src/install/controller/share/controller/local_setup.sh
-- Up-to-date: /ros_ws/src/install/controller/share/controller/local_setup.zsh
-- Up-to-date: /ros_ws/src/install/controller/share/controller/local_setup.dsv
-- Installing: /ros_ws/src/install/controller/share/controller/package.dsv
-- Up-to-date: /ros_ws/src/install/controller/share/ament_index/resource_index/packages/controller
-- Up-to-date: /ros_ws/src/install/controller/share/controller/cmake/export_controller__rosidl_generator_cExport.cmake
-- Up-to-date: /ros_ws/src/install/controller/share/controller/cmake/export_controller__rosidl_generator_cExport-noconfig.cmake
-- Up-to-date: /ros_ws/src/install/controller/share/controller/cmake/export_controller__rosidl_typesupport_fastrtps_cExport.cmake
-- Up-to-date: /ros_ws/src/install/controller/share/controller/cmake/export_controller__rosidl_typesupport_fastrtps_cExport-noconfig.cmake
-- Up-to-date: /ros_ws/src/install/controller/share/controller/cmake/export_controller__rosidl_generator_cppExport.cmake
-- Up-to-date: /ros_ws/src/install/controller/share/controller/cmake/export_controller__rosidl_typesupport_fastrtps_cppExport.cmake
-- Up-to-date: /ros_ws/src/install/controller/share/controller/cmake/export_controller__rosidl_typesupport_fastrtps_cppExport-noconfig.cmake
-- Up-to-date: /ros_ws/src/install/controller/share/controller/cmake/controller__rosidl_typesupport_introspection_cExport.cmake
-- Up-to-date: /ros_ws/src/install/controller/share/controller/cmake/controller__rosidl_typesupport_introspection_cExport-noconfig.cmake
-- Up-to-date: /ros_ws/src/install/controller/share/controller/cmake/controller__rosidl_typesupport_cExport.cmake
-- Up-to-date: /ros_ws/src/install/controller/share/controller/cmake/controller__rosidl_typesupport_cExport-noconfig.cmake
-- Up-to-date: /ros_ws/src/install/controller/share/controller/cmake/controller__rosidl_typesupport_introspection_cppExport.cmake
-- Up-to-date: /ros_ws/src/install/controller/share/controller/cmake/controller__rosidl_typesupport_introspection_cppExport-noconfig.cmake
-- Up-to-date: /ros_ws/src/install/controller/share/controller/cmake/controller__rosidl_typesupport_cppExport.cmake
-- Up-to-date: /ros_ws/src/install/controller/share/controller/cmake/controller__rosidl_typesupport_cppExport-noconfig.cmake
-- Up-to-date: /ros_ws/src/install/controller/share/controller/cmake/export_controller__rosidl_generator_pyExport.cmake
-- Up-to-date: /ros_ws/src/install/controller/share/controller/cmake/export_controller__rosidl_generator_pyExport-noconfig.cmake
-- Up-to-date: /ros_ws/src/install/controller/share/controller/cmake/rosidl_cmake-extras.cmake
-- Up-to-date: /ros_ws/src/install/controller/share/controller/cmake/ament_cmake_export_dependencies-extras.cmake
-- Up-to-date: /ros_ws/src/install/controller/share/controller/cmake/ament_cmake_export_include_directories-extras.cmake
-- Up-to-date: /ros_ws/src/install/controller/share/controller/cmake/ament_cmake_export_libraries-extras.cmake
-- Up-to-date: /ros_ws/src/install/controller/share/controller/cmake/ament_cmake_export_targets-extras.cmake
-- Up-to-date: /ros_ws/src/install/controller/share/controller/cmake/rosidl_cmake_export_typesupport_targets-extras.cmake
-- Up-to-date: /ros_ws/src/install/controller/share/controller/cmake/rosidl_cmake_export_typesupport_libraries-extras.cmake
-- Up-to-date: /ros_ws/src/install/controller/share/controller/cmake/controllerConfig.cmake
-- Up-to-date: /ros_ws/src/install/controller/share/controller/cmake/controllerConfig-version.cmake
-- Up-to-date: /ros_ws/src/install/controller/share/controller/package.xml
