[0.010s] Invoking command in '/ros_ws/src/build/controller': CMAKE_PREFIX_PATH=/ros_ws/src/install/maneuver:/ros_ws/src/install/libkdtp:/ros_ws/src/install/uav_simulator:/ros_ws/src/install/controller:/ros_ws/src/install/firmware:/ros_ws/install/firmware:/ros_ws/install/uav_simulator:/ros_ws/install/my_ros2_package:/ros_ws/install/controller:/ros_ws/install/maneuver:/ros_ws/install/libkdtp:/opt/ros/jazzy/opt/gz_math_vendor:/opt/ros/jazzy/opt/gz_utils_vendor:/opt/ros/jazzy/opt/gz_cmake_vendor:/opt/ros/jazzy LD_LIBRARY_PATH=/ros_ws/src/install/maneuver/lib:/ros_ws/src/install/libkdtp/lib:/ros_ws/src/install/uav_simulator/lib:/ros_ws/src/install/controller/lib:/ros_ws/install/uav_simulator/lib:/ros_ws/install/my_ros2_package/lib:/ros_ws/install/controller/lib:/ros_ws/install/maneuver/lib:/ros_ws/install/libkdtp/lib:/opt/ros/jazzy/opt/rviz_ogre_vendor/lib:/opt/ros/jazzy/lib/x86_64-linux-gnu:/opt/ros/jazzy/opt/gz_math_vendor/lib:/opt/ros/jazzy/opt/gz_utils_vendor/lib:/opt/ros/jazzy/opt/gz_cmake_vendor/lib:/opt/ros/jazzy/lib PYTHONPATH=/ros_ws/src/install/maneuver/lib/python3.12/site-packages:/ros_ws/src/install/controller/lib/python3.12/site-packages:/ros_ws/install/my_ros2_package/lib/python3.12/site-packages:/ros_ws/install/controller/lib/python3.12/site-packages:/ros_ws/install/maneuver/lib/python3.12/site-packages:/opt/ros/jazzy/lib/python3.12/site-packages /usr/bin/cmake --build /ros_ws/src/build/controller -- -j16 -l16
[0.049s] [  1%] Built target controller__rosidl_generator_type_description
[0.056s] [  1%] Built target ament_cmake_python_copy_controller
[0.065s] [  2%] Built target controller__cpp
[0.075s] [ 25%] Built target controller__rosidl_generator_c
[0.098s] [ 34%] Built target controller__rosidl_typesupport_introspection_c
[0.101s] [ 44%] Built target controller__rosidl_typesupport_c
[0.106s] [ 54%] Built target controller__rosidl_typesupport_cpp
[0.106s] [ 62%] Built target controller__rosidl_typesupport_introspection_cpp
[0.106s] [ 72%] Built target controller__rosidl_typesupport_fastrtps_c
[0.108s] [ 81%] Built target controller__rosidl_typesupport_fastrtps_cpp
[0.124s] [ 81%] Built target controller
[0.135s] [ 83%] Built target controller_node
[0.142s] [ 84%] Built target controller__py
[0.165s] [ 93%] Built target controller__rosidl_generator_py
[0.184s] [ 95%] Built target controller_s__rosidl_typesupport_fastrtps_c
[0.184s] [ 97%] Built target controller_s__rosidl_typesupport_introspection_c
[0.184s] [100%] Built target controller_s__rosidl_typesupport_c
[0.218s] running egg_info
[0.230s] writing controller.egg-info/PKG-INFO
[0.230s] writing dependency_links to controller.egg-info/dependency_links.txt
[0.230s] writing top-level names to controller.egg-info/top_level.txt
[0.263s] reading manifest file 'controller.egg-info/SOURCES.txt'
[0.263s] writing manifest file 'controller.egg-info/SOURCES.txt'
[0.281s] [100%] Built target ament_cmake_python_build_controller_egg
[0.289s] Invoked command in '/ros_ws/src/build/controller' returned '0': CMAKE_PREFIX_PATH=/ros_ws/src/install/maneuver:/ros_ws/src/install/libkdtp:/ros_ws/src/install/uav_simulator:/ros_ws/src/install/controller:/ros_ws/src/install/firmware:/ros_ws/install/firmware:/ros_ws/install/uav_simulator:/ros_ws/install/my_ros2_package:/ros_ws/install/controller:/ros_ws/install/maneuver:/ros_ws/install/libkdtp:/opt/ros/jazzy/opt/gz_math_vendor:/opt/ros/jazzy/opt/gz_utils_vendor:/opt/ros/jazzy/opt/gz_cmake_vendor:/opt/ros/jazzy LD_LIBRARY_PATH=/ros_ws/src/install/maneuver/lib:/ros_ws/src/install/libkdtp/lib:/ros_ws/src/install/uav_simulator/lib:/ros_ws/src/install/controller/lib:/ros_ws/install/uav_simulator/lib:/ros_ws/install/my_ros2_package/lib:/ros_ws/install/controller/lib:/ros_ws/install/maneuver/lib:/ros_ws/install/libkdtp/lib:/opt/ros/jazzy/opt/rviz_ogre_vendor/lib:/opt/ros/jazzy/lib/x86_64-linux-gnu:/opt/ros/jazzy/opt/gz_math_vendor/lib:/opt/ros/jazzy/opt/gz_utils_vendor/lib:/opt/ros/jazzy/opt/gz_cmake_vendor/lib:/opt/ros/jazzy/lib PYTHONPATH=/ros_ws/src/install/maneuver/lib/python3.12/site-packages:/ros_ws/src/install/controller/lib/python3.12/site-packages:/ros_ws/install/my_ros2_package/lib/python3.12/site-packages:/ros_ws/install/controller/lib/python3.12/site-packages:/ros_ws/install/maneuver/lib/python3.12/site-packages:/opt/ros/jazzy/lib/python3.12/site-packages /usr/bin/cmake --build /ros_ws/src/build/controller -- -j16 -l16
[0.290s] Invoking command in '/ros_ws/src/build/controller': CMAKE_PREFIX_PATH=/ros_ws/src/install/maneuver:/ros_ws/src/install/libkdtp:/ros_ws/src/install/uav_simulator:/ros_ws/src/install/controller:/ros_ws/src/install/firmware:/ros_ws/install/firmware:/ros_ws/install/uav_simulator:/ros_ws/install/my_ros2_package:/ros_ws/install/controller:/ros_ws/install/maneuver:/ros_ws/install/libkdtp:/opt/ros/jazzy/opt/gz_math_vendor:/opt/ros/jazzy/opt/gz_utils_vendor:/opt/ros/jazzy/opt/gz_cmake_vendor:/opt/ros/jazzy LD_LIBRARY_PATH=/ros_ws/src/install/maneuver/lib:/ros_ws/src/install/libkdtp/lib:/ros_ws/src/install/uav_simulator/lib:/ros_ws/src/install/controller/lib:/ros_ws/install/uav_simulator/lib:/ros_ws/install/my_ros2_package/lib:/ros_ws/install/controller/lib:/ros_ws/install/maneuver/lib:/ros_ws/install/libkdtp/lib:/opt/ros/jazzy/opt/rviz_ogre_vendor/lib:/opt/ros/jazzy/lib/x86_64-linux-gnu:/opt/ros/jazzy/opt/gz_math_vendor/lib:/opt/ros/jazzy/opt/gz_utils_vendor/lib:/opt/ros/jazzy/opt/gz_cmake_vendor/lib:/opt/ros/jazzy/lib PYTHONPATH=/ros_ws/src/install/maneuver/lib/python3.12/site-packages:/ros_ws/src/install/controller/lib/python3.12/site-packages:/ros_ws/install/my_ros2_package/lib/python3.12/site-packages:/ros_ws/install/controller/lib/python3.12/site-packages:/ros_ws/install/maneuver/lib/python3.12/site-packages:/opt/ros/jazzy/lib/python3.12/site-packages /usr/bin/cmake --install /ros_ws/src/build/controller
[0.295s] -- Install configuration: ""
[0.295s] -- Up-to-date: /ros_ws/src/install/controller/share/ament_index/resource_index/rosidl_interfaces/controller
[0.296s] -- Up-to-date: /ros_ws/src/install/controller/share/controller/msg/MotorSpeed.json
[0.296s] -- Up-to-date: /ros_ws/src/install/controller/share/controller/msg/Pose.json
[0.296s] -- Up-to-date: /ros_ws/src/install/controller/share/controller/msg/Uvector.json
[0.296s] -- Up-to-date: /ros_ws/src/install/controller/share/controller/msg/ErrorMsg.json
[0.296s] -- Up-to-date: /ros_ws/src/install/controller/share/controller/srv/AngularWrench.json
[0.296s] -- Up-to-date: /ros_ws/src/install/controller/share/controller/srv/LinearWrench.json
[0.296s] -- Up-to-date: /ros_ws/src/install/controller/include/controller/controller
[0.296s] -- Up-to-date: /ros_ws/src/install/controller/include/controller/controller/msg
[0.296s] -- Up-to-date: /ros_ws/src/install/controller/include/controller/controller/msg/error_msg.h
[0.296s] -- Up-to-date: /ros_ws/src/install/controller/include/controller/controller/msg/detail
[0.296s] -- Up-to-date: /ros_ws/src/install/controller/include/controller/controller/msg/detail/error_msg__functions.h
[0.297s] -- Up-to-date: /ros_ws/src/install/controller/include/controller/controller/msg/detail/uvector__type_support.c
[0.297s] -- Up-to-date: /ros_ws/src/install/controller/include/controller/controller/msg/detail/motor_speed__functions.c
[0.297s] -- Up-to-date: /ros_ws/src/install/controller/include/controller/controller/msg/detail/pose__type_support.h
[0.297s] -- Up-to-date: /ros_ws/src/install/controller/include/controller/controller/msg/detail/pose__functions.c
[0.297s] -- Up-to-date: /ros_ws/src/install/controller/include/controller/controller/msg/detail/pose__struct.h
[0.297s] -- Up-to-date: /ros_ws/src/install/controller/include/controller/controller/msg/detail/motor_speed__functions.h
[0.297s] -- Up-to-date: /ros_ws/src/install/controller/include/controller/controller/msg/detail/motor_speed__description.c
[0.297s] -- Up-to-date: /ros_ws/src/install/controller/include/controller/controller/msg/detail/error_msg__type_support.c
[0.297s] -- Up-to-date: /ros_ws/src/install/controller/include/controller/controller/msg/detail/uvector__struct.h
[0.297s] -- Up-to-date: /ros_ws/src/install/controller/include/controller/controller/msg/detail/error_msg__struct.h
[0.297s] -- Up-to-date: /ros_ws/src/install/controller/include/controller/controller/msg/detail/uvector__functions.c
[0.298s] -- Up-to-date: /ros_ws/src/install/controller/include/controller/controller/msg/detail/error_msg__functions.c
[0.298s] -- Up-to-date: /ros_ws/src/install/controller/include/controller/controller/msg/detail/motor_speed__type_support.c
[0.298s] -- Up-to-date: /ros_ws/src/install/controller/include/controller/controller/msg/detail/uvector__description.c
[0.298s] -- Up-to-date: /ros_ws/src/install/controller/include/controller/controller/msg/detail/pose__type_support.c
[0.298s] -- Up-to-date: /ros_ws/src/install/controller/include/controller/controller/msg/detail/pose__functions.h
[0.298s] -- Up-to-date: /ros_ws/src/install/controller/include/controller/controller/msg/detail/error_msg__type_support.h
[0.298s] -- Up-to-date: /ros_ws/src/install/controller/include/controller/controller/msg/detail/uvector__functions.h
[0.298s] -- Up-to-date: /ros_ws/src/install/controller/include/controller/controller/msg/detail/motor_speed__struct.h
[0.298s] -- Up-to-date: /ros_ws/src/install/controller/include/controller/controller/msg/detail/uvector__type_support.h
[0.298s] -- Up-to-date: /ros_ws/src/install/controller/include/controller/controller/msg/detail/motor_speed__type_support.h
[0.298s] -- Up-to-date: /ros_ws/src/install/controller/include/controller/controller/msg/detail/pose__description.c
[0.298s] -- Up-to-date: /ros_ws/src/install/controller/include/controller/controller/msg/detail/error_msg__description.c
[0.298s] -- Up-to-date: /ros_ws/src/install/controller/include/controller/controller/msg/uvector.h
[0.298s] -- Up-to-date: /ros_ws/src/install/controller/include/controller/controller/msg/pose.h
[0.299s] -- Up-to-date: /ros_ws/src/install/controller/include/controller/controller/msg/motor_speed.h
[0.299s] -- Up-to-date: /ros_ws/src/install/controller/include/controller/controller/msg/rosidl_generator_c__visibility_control.h
[0.299s] -- Up-to-date: /ros_ws/src/install/controller/include/controller/controller/srv
[0.299s] -- Up-to-date: /ros_ws/src/install/controller/include/controller/controller/srv/detail
[0.299s] -- Up-to-date: /ros_ws/src/install/controller/include/controller/controller/srv/detail/angular_wrench__functions.h
[0.299s] -- Up-to-date: /ros_ws/src/install/controller/include/controller/controller/srv/detail/angular_wrench__type_support.c
[0.299s] -- Up-to-date: /ros_ws/src/install/controller/include/controller/controller/srv/detail/angular_wrench__description.c
[0.299s] -- Up-to-date: /ros_ws/src/install/controller/include/controller/controller/srv/detail/linear_wrench__type_support.c
[0.299s] -- Up-to-date: /ros_ws/src/install/controller/include/controller/controller/srv/detail/linear_wrench__struct.h
[0.299s] -- Up-to-date: /ros_ws/src/install/controller/include/controller/controller/srv/detail/linear_wrench__type_support.h
[0.299s] -- Up-to-date: /ros_ws/src/install/controller/include/controller/controller/srv/detail/angular_wrench__type_support.h
[0.299s] -- Up-to-date: /ros_ws/src/install/controller/include/controller/controller/srv/detail/linear_wrench__functions.c
[0.299s] -- Up-to-date: /ros_ws/src/install/controller/include/controller/controller/srv/detail/linear_wrench__description.c
[0.299s] -- Up-to-date: /ros_ws/src/install/controller/include/controller/controller/srv/detail/angular_wrench__struct.h
[0.300s] -- Up-to-date: /ros_ws/src/install/controller/include/controller/controller/srv/detail/angular_wrench__functions.c
[0.300s] -- Up-to-date: /ros_ws/src/install/controller/include/controller/controller/srv/detail/linear_wrench__functions.h
[0.300s] -- Up-to-date: /ros_ws/src/install/controller/include/controller/controller/srv/linear_wrench.h
[0.300s] -- Up-to-date: /ros_ws/src/install/controller/include/controller/controller/srv/angular_wrench.h
[0.300s] -- Up-to-date: /ros_ws/src/install/controller/share/controller/environment/library_path.sh
[0.300s] -- Up-to-date: /ros_ws/src/install/controller/share/controller/environment/library_path.dsv
[0.300s] -- Up-to-date: /ros_ws/src/install/controller/lib/libcontroller__rosidl_generator_c.so
[0.300s] -- Up-to-date: /ros_ws/src/install/controller/include/controller/controller
[0.300s] -- Up-to-date: /ros_ws/src/install/controller/include/controller/controller/msg
[0.300s] -- Up-to-date: /ros_ws/src/install/controller/include/controller/controller/msg/rosidl_typesupport_fastrtps_c__visibility_control.h
[0.300s] -- Up-to-date: /ros_ws/src/install/controller/include/controller/controller/msg/detail
[0.300s] -- Up-to-date: /ros_ws/src/install/controller/include/controller/controller/msg/detail/uvector__rosidl_typesupport_fastrtps_c.h
[0.300s] -- Up-to-date: /ros_ws/src/install/controller/include/controller/controller/msg/detail/motor_speed__rosidl_typesupport_fastrtps_c.h
[0.300s] -- Up-to-date: /ros_ws/src/install/controller/include/controller/controller/msg/detail/error_msg__rosidl_typesupport_fastrtps_c.h
[0.300s] -- Up-to-date: /ros_ws/src/install/controller/include/controller/controller/msg/detail/pose__rosidl_typesupport_fastrtps_c.h
[0.300s] -- Up-to-date: /ros_ws/src/install/controller/include/controller/controller/srv
[0.301s] -- Up-to-date: /ros_ws/src/install/controller/include/controller/controller/srv/detail
[0.301s] -- Up-to-date: /ros_ws/src/install/controller/include/controller/controller/srv/detail/angular_wrench__rosidl_typesupport_fastrtps_c.h
[0.301s] -- Up-to-date: /ros_ws/src/install/controller/include/controller/controller/srv/detail/linear_wrench__rosidl_typesupport_fastrtps_c.h
[0.301s] -- Up-to-date: /ros_ws/src/install/controller/lib/libcontroller__rosidl_typesupport_fastrtps_c.so
[0.301s] -- Up-to-date: /ros_ws/src/install/controller/include/controller/controller
[0.301s] -- Up-to-date: /ros_ws/src/install/controller/include/controller/controller/msg
[0.301s] -- Up-to-date: /ros_ws/src/install/controller/include/controller/controller/msg/uvector.hpp
[0.301s] -- Up-to-date: /ros_ws/src/install/controller/include/controller/controller/msg/detail
[0.301s] -- Up-to-date: /ros_ws/src/install/controller/include/controller/controller/msg/detail/error_msg__builder.hpp
[0.301s] -- Up-to-date: /ros_ws/src/install/controller/include/controller/controller/msg/detail/error_msg__traits.hpp
[0.301s] -- Up-to-date: /ros_ws/src/install/controller/include/controller/controller/msg/detail/motor_speed__traits.hpp
[0.301s] -- Up-to-date: /ros_ws/src/install/controller/include/controller/controller/msg/detail/motor_speed__builder.hpp
[0.301s] -- Up-to-date: /ros_ws/src/install/controller/include/controller/controller/msg/detail/uvector__builder.hpp
[0.302s] -- Up-to-date: /ros_ws/src/install/controller/include/controller/controller/msg/detail/pose__type_support.hpp
[0.302s] -- Up-to-date: /ros_ws/src/install/controller/include/controller/controller/msg/detail/error_msg__struct.hpp
[0.302s] -- Up-to-date: /ros_ws/src/install/controller/include/controller/controller/msg/detail/pose__traits.hpp
[0.302s] -- Up-to-date: /ros_ws/src/install/controller/include/controller/controller/msg/detail/uvector__struct.hpp
[0.302s] -- Up-to-date: /ros_ws/src/install/controller/include/controller/controller/msg/detail/uvector__traits.hpp
[0.302s] -- Up-to-date: /ros_ws/src/install/controller/include/controller/controller/msg/detail/motor_speed__struct.hpp
[0.302s] -- Up-to-date: /ros_ws/src/install/controller/include/controller/controller/msg/detail/motor_speed__type_support.hpp
[0.302s] -- Up-to-date: /ros_ws/src/install/controller/include/controller/controller/msg/detail/pose__builder.hpp
[0.302s] -- Up-to-date: /ros_ws/src/install/controller/include/controller/controller/msg/detail/pose__struct.hpp
[0.302s] -- Up-to-date: /ros_ws/src/install/controller/include/controller/controller/msg/detail/uvector__type_support.hpp
[0.302s] -- Up-to-date: /ros_ws/src/install/controller/include/controller/controller/msg/detail/error_msg__type_support.hpp
[0.302s] -- Up-to-date: /ros_ws/src/install/controller/include/controller/controller/msg/error_msg.hpp
[0.302s] -- Up-to-date: /ros_ws/src/install/controller/include/controller/controller/msg/motor_speed.hpp
[0.302s] -- Up-to-date: /ros_ws/src/install/controller/include/controller/controller/msg/rosidl_generator_cpp__visibility_control.hpp
[0.302s] -- Up-to-date: /ros_ws/src/install/controller/include/controller/controller/msg/pose.hpp
[0.302s] -- Up-to-date: /ros_ws/src/install/controller/include/controller/controller/srv
[0.302s] -- Up-to-date: /ros_ws/src/install/controller/include/controller/controller/srv/angular_wrench.hpp
[0.302s] -- Up-to-date: /ros_ws/src/install/controller/include/controller/controller/srv/detail
[0.303s] -- Up-to-date: /ros_ws/src/install/controller/include/controller/controller/srv/detail/angular_wrench__struct.hpp
[0.303s] -- Up-to-date: /ros_ws/src/install/controller/include/controller/controller/srv/detail/linear_wrench__struct.hpp
[0.303s] -- Up-to-date: /ros_ws/src/install/controller/include/controller/controller/srv/detail/angular_wrench__type_support.hpp
[0.303s] -- Up-to-date: /ros_ws/src/install/controller/include/controller/controller/srv/detail/angular_wrench__traits.hpp
[0.303s] -- Up-to-date: /ros_ws/src/install/controller/include/controller/controller/srv/detail/linear_wrench__type_support.hpp
[0.303s] -- Up-to-date: /ros_ws/src/install/controller/include/controller/controller/srv/detail/linear_wrench__builder.hpp
[0.303s] -- Up-to-date: /ros_ws/src/install/controller/include/controller/controller/srv/detail/linear_wrench__traits.hpp
[0.303s] -- Up-to-date: /ros_ws/src/install/controller/include/controller/controller/srv/detail/angular_wrench__builder.hpp
[0.303s] -- Up-to-date: /ros_ws/src/install/controller/include/controller/controller/srv/linear_wrench.hpp
[0.303s] -- Up-to-date: /ros_ws/src/install/controller/include/controller/controller
[0.303s] -- Up-to-date: /ros_ws/src/install/controller/include/controller/controller/msg
[0.303s] -- Up-to-date: /ros_ws/src/install/controller/include/controller/controller/msg/rosidl_typesupport_fastrtps_cpp__visibility_control.h
[0.303s] -- Up-to-date: /ros_ws/src/install/controller/include/controller/controller/msg/detail
[0.303s] -- Up-to-date: /ros_ws/src/install/controller/include/controller/controller/msg/detail/pose__rosidl_typesupport_fastrtps_cpp.hpp
[0.303s] -- Up-to-date: /ros_ws/src/install/controller/include/controller/controller/msg/detail/dds_fastrtps
[0.303s] -- Up-to-date: /ros_ws/src/install/controller/include/controller/controller/msg/detail/motor_speed__rosidl_typesupport_fastrtps_cpp.hpp
[0.303s] -- Up-to-date: /ros_ws/src/install/controller/include/controller/controller/msg/detail/uvector__rosidl_typesupport_fastrtps_cpp.hpp
[0.303s] -- Up-to-date: /ros_ws/src/install/controller/include/controller/controller/msg/detail/error_msg__rosidl_typesupport_fastrtps_cpp.hpp
[0.303s] -- Up-to-date: /ros_ws/src/install/controller/include/controller/controller/srv
[0.304s] -- Up-to-date: /ros_ws/src/install/controller/include/controller/controller/srv/detail
[0.304s] -- Up-to-date: /ros_ws/src/install/controller/include/controller/controller/srv/detail/angular_wrench__rosidl_typesupport_fastrtps_cpp.hpp
[0.304s] -- Up-to-date: /ros_ws/src/install/controller/include/controller/controller/srv/detail/dds_fastrtps
[0.304s] -- Up-to-date: /ros_ws/src/install/controller/include/controller/controller/srv/detail/linear_wrench__rosidl_typesupport_fastrtps_cpp.hpp
[0.304s] -- Up-to-date: /ros_ws/src/install/controller/lib/libcontroller__rosidl_typesupport_fastrtps_cpp.so
[0.304s] -- Up-to-date: /ros_ws/src/install/controller/include/controller/controller
[0.304s] -- Up-to-date: /ros_ws/src/install/controller/include/controller/controller/msg
[0.304s] -- Up-to-date: /ros_ws/src/install/controller/include/controller/controller/msg/rosidl_typesupport_introspection_c__visibility_control.h
[0.304s] -- Up-to-date: /ros_ws/src/install/controller/include/controller/controller/msg/detail
[0.304s] -- Up-to-date: /ros_ws/src/install/controller/include/controller/controller/msg/detail/uvector__type_support.c
[0.304s] -- Up-to-date: /ros_ws/src/install/controller/include/controller/controller/msg/detail/pose__rosidl_typesupport_introspection_c.h
[0.304s] -- Up-to-date: /ros_ws/src/install/controller/include/controller/controller/msg/detail/uvector__rosidl_typesupport_introspection_c.h
[0.304s] -- Up-to-date: /ros_ws/src/install/controller/include/controller/controller/msg/detail/error_msg__type_support.c
[0.304s] -- Up-to-date: /ros_ws/src/install/controller/include/controller/controller/msg/detail/motor_speed__rosidl_typesupport_introspection_c.h
[0.304s] -- Up-to-date: /ros_ws/src/install/controller/include/controller/controller/msg/detail/motor_speed__type_support.c
[0.304s] -- Up-to-date: /ros_ws/src/install/controller/include/controller/controller/msg/detail/pose__type_support.c
[0.304s] -- Up-to-date: /ros_ws/src/install/controller/include/controller/controller/msg/detail/error_msg__rosidl_typesupport_introspection_c.h
[0.304s] -- Up-to-date: /ros_ws/src/install/controller/include/controller/controller/srv
[0.304s] -- Up-to-date: /ros_ws/src/install/controller/include/controller/controller/srv/detail
[0.304s] -- Up-to-date: /ros_ws/src/install/controller/include/controller/controller/srv/detail/angular_wrench__type_support.c
[0.305s] -- Up-to-date: /ros_ws/src/install/controller/include/controller/controller/srv/detail/linear_wrench__type_support.c
[0.305s] -- Up-to-date: /ros_ws/src/install/controller/include/controller/controller/srv/detail/linear_wrench__rosidl_typesupport_introspection_c.h
[0.305s] -- Up-to-date: /ros_ws/src/install/controller/include/controller/controller/srv/detail/angular_wrench__rosidl_typesupport_introspection_c.h
[0.305s] -- Up-to-date: /ros_ws/src/install/controller/lib/libcontroller__rosidl_typesupport_introspection_c.so
[0.305s] -- Up-to-date: /ros_ws/src/install/controller/lib/libcontroller__rosidl_typesupport_c.so
[0.305s] -- Up-to-date: /ros_ws/src/install/controller/include/controller/controller
[0.305s] -- Up-to-date: /ros_ws/src/install/controller/include/controller/controller/msg
[0.305s] -- Up-to-date: /ros_ws/src/install/controller/include/controller/controller/msg/detail
[0.305s] -- Up-to-date: /ros_ws/src/install/controller/include/controller/controller/msg/detail/motor_speed__type_support.cpp
[0.305s] -- Up-to-date: /ros_ws/src/install/controller/include/controller/controller/msg/detail/pose__rosidl_typesupport_introspection_cpp.hpp
[0.305s] -- Up-to-date: /ros_ws/src/install/controller/include/controller/controller/msg/detail/uvector__rosidl_typesupport_introspection_cpp.hpp
[0.305s] -- Up-to-date: /ros_ws/src/install/controller/include/controller/controller/msg/detail/error_msg__type_support.cpp
[0.305s] -- Up-to-date: /ros_ws/src/install/controller/include/controller/controller/msg/detail/motor_speed__rosidl_typesupport_introspection_cpp.hpp
[0.305s] -- Up-to-date: /ros_ws/src/install/controller/include/controller/controller/msg/detail/uvector__type_support.cpp
[0.305s] -- Up-to-date: /ros_ws/src/install/controller/include/controller/controller/msg/detail/pose__type_support.cpp
[0.305s] -- Up-to-date: /ros_ws/src/install/controller/include/controller/controller/msg/detail/error_msg__rosidl_typesupport_introspection_cpp.hpp
[0.305s] -- Up-to-date: /ros_ws/src/install/controller/include/controller/controller/srv
[0.305s] -- Up-to-date: /ros_ws/src/install/controller/include/controller/controller/srv/detail
[0.305s] -- Up-to-date: /ros_ws/src/install/controller/include/controller/controller/srv/detail/angular_wrench__type_support.cpp
[0.306s] -- Up-to-date: /ros_ws/src/install/controller/include/controller/controller/srv/detail/linear_wrench__rosidl_typesupport_introspection_cpp.hpp
[0.306s] -- Up-to-date: /ros_ws/src/install/controller/include/controller/controller/srv/detail/angular_wrench__rosidl_typesupport_introspection_cpp.hpp
[0.306s] -- Up-to-date: /ros_ws/src/install/controller/include/controller/controller/srv/detail/linear_wrench__type_support.cpp
[0.306s] -- Up-to-date: /ros_ws/src/install/controller/lib/libcontroller__rosidl_typesupport_introspection_cpp.so
[0.306s] -- Up-to-date: /ros_ws/src/install/controller/lib/libcontroller__rosidl_typesupport_cpp.so
[0.306s] -- Up-to-date: /ros_ws/src/install/controller/share/controller/environment/pythonpath.sh
[0.306s] -- Up-to-date: /ros_ws/src/install/controller/share/controller/environment/pythonpath.dsv
[0.306s] -- Up-to-date: /ros_ws/src/install/controller/lib/python3.12/site-packages/controller-0.1.0-py3.12.egg-info
[0.306s] -- Installing: /ros_ws/src/install/controller/lib/python3.12/site-packages/controller-0.1.0-py3.12.egg-info/dependency_links.txt
[0.306s] -- Installing: /ros_ws/src/install/controller/lib/python3.12/site-packages/controller-0.1.0-py3.12.egg-info/SOURCES.txt
[0.306s] -- Installing: /ros_ws/src/install/controller/lib/python3.12/site-packages/controller-0.1.0-py3.12.egg-info/top_level.txt
[0.306s] -- Installing: /ros_ws/src/install/controller/lib/python3.12/site-packages/controller-0.1.0-py3.12.egg-info/PKG-INFO
[0.306s] -- Up-to-date: /ros_ws/src/install/controller/lib/python3.12/site-packages/controller
[0.306s] -- Up-to-date: /ros_ws/src/install/controller/lib/python3.12/site-packages/controller/_controller_s.ep.rosidl_typesupport_introspection_c.c
[0.306s] -- Up-to-date: /ros_ws/src/install/controller/lib/python3.12/site-packages/controller/_controller_s.ep.rosidl_typesupport_c.c
[0.306s] -- Up-to-date: /ros_ws/src/install/controller/lib/python3.12/site-packages/controller/msg
[0.306s] -- Up-to-date: /ros_ws/src/install/controller/lib/python3.12/site-packages/controller/msg/_pose.py
[0.306s] -- Up-to-date: /ros_ws/src/install/controller/lib/python3.12/site-packages/controller/msg/_pose_s.c
[0.306s] -- Up-to-date: /ros_ws/src/install/controller/lib/python3.12/site-packages/controller/msg/_motor_speed.py
[0.306s] -- Up-to-date: /ros_ws/src/install/controller/lib/python3.12/site-packages/controller/msg/_uvector.py
[0.307s] -- Up-to-date: /ros_ws/src/install/controller/lib/python3.12/site-packages/controller/msg/_motor_speed_s.c
[0.307s] -- Up-to-date: /ros_ws/src/install/controller/lib/python3.12/site-packages/controller/msg/_error_msg.py
[0.307s] -- Up-to-date: /ros_ws/src/install/controller/lib/python3.12/site-packages/controller/msg/__init__.py
[0.307s] -- Up-to-date: /ros_ws/src/install/controller/lib/python3.12/site-packages/controller/msg/_uvector_s.c
[0.307s] -- Up-to-date: /ros_ws/src/install/controller/lib/python3.12/site-packages/controller/msg/_error_msg_s.c
[0.307s] -- Up-to-date: /ros_ws/src/install/controller/lib/python3.12/site-packages/controller/controller_s__rosidl_typesupport_introspection_c.so
[0.307s] -- Up-to-date: /ros_ws/src/install/controller/lib/python3.12/site-packages/controller/controller_s__rosidl_typesupport_fastrtps_c.so
[0.307s] -- Up-to-date: /ros_ws/src/install/controller/lib/python3.12/site-packages/controller/__init__.py
[0.307s] -- Up-to-date: /ros_ws/src/install/controller/lib/python3.12/site-packages/controller/controller_s__rosidl_typesupport_c.so
[0.307s] -- Up-to-date: /ros_ws/src/install/controller/lib/python3.12/site-packages/controller/srv
[0.307s] -- Up-to-date: /ros_ws/src/install/controller/lib/python3.12/site-packages/controller/srv/_linear_wrench_s.c
[0.307s] -- Up-to-date: /ros_ws/src/install/controller/lib/python3.12/site-packages/controller/srv/_angular_wrench_s.c
[0.307s] -- Up-to-date: /ros_ws/src/install/controller/lib/python3.12/site-packages/controller/srv/__init__.py
[0.307s] -- Up-to-date: /ros_ws/src/install/controller/lib/python3.12/site-packages/controller/srv/_linear_wrench.py
[0.307s] -- Up-to-date: /ros_ws/src/install/controller/lib/python3.12/site-packages/controller/srv/_angular_wrench.py
[0.307s] -- Up-to-date: /ros_ws/src/install/controller/lib/python3.12/site-packages/controller/_controller_s.ep.rosidl_typesupport_fastrtps_c.c
[0.325s] Listing '/ros_ws/src/install/controller/lib/python3.12/site-packages/controller'...
[0.325s] Listing '/ros_ws/src/install/controller/lib/python3.12/site-packages/controller/msg'...
[0.325s] Listing '/ros_ws/src/install/controller/lib/python3.12/site-packages/controller/srv'...
[0.329s] -- Up-to-date: /ros_ws/src/install/controller/lib/python3.12/site-packages/controller/controller_s__rosidl_typesupport_fastrtps_c.so
[0.329s] -- Up-to-date: /ros_ws/src/install/controller/lib/python3.12/site-packages/controller/controller_s__rosidl_typesupport_introspection_c.so
[0.329s] -- Up-to-date: /ros_ws/src/install/controller/lib/python3.12/site-packages/controller/controller_s__rosidl_typesupport_c.so
[0.329s] -- Up-to-date: /ros_ws/src/install/controller/lib/libcontroller__rosidl_generator_py.so
[0.329s] -- Up-to-date: /ros_ws/src/install/controller/share/controller/msg/MotorSpeed.idl
[0.329s] -- Up-to-date: /ros_ws/src/install/controller/share/controller/msg/Pose.idl
[0.329s] -- Up-to-date: /ros_ws/src/install/controller/share/controller/msg/Uvector.idl
[0.329s] -- Up-to-date: /ros_ws/src/install/controller/share/controller/msg/ErrorMsg.idl
[0.330s] -- Up-to-date: /ros_ws/src/install/controller/share/controller/srv/AngularWrench.idl
[0.330s] -- Up-to-date: /ros_ws/src/install/controller/share/controller/srv/LinearWrench.idl
[0.330s] -- Up-to-date: /ros_ws/src/install/controller/share/controller/msg/MotorSpeed.msg
[0.330s] -- Up-to-date: /ros_ws/src/install/controller/share/controller/msg/Pose.msg
[0.330s] -- Up-to-date: /ros_ws/src/install/controller/share/controller/msg/Uvector.msg
[0.330s] -- Up-to-date: /ros_ws/src/install/controller/share/controller/msg/ErrorMsg.msg
[0.330s] -- Up-to-date: /ros_ws/src/install/controller/share/controller/srv/AngularWrench.srv
[0.330s] -- Up-to-date: /ros_ws/src/install/controller/share/controller/srv/LinearWrench.srv
[0.330s] -- Up-to-date: /ros_ws/src/install/controller/lib/controller/controller_node
[0.330s] -- Up-to-date: /ros_ws/src/install/controller/share/controller//launch
[0.330s] -- Up-to-date: /ros_ws/src/install/controller/share/controller//launch/control.launch.py
[0.330s] -- Up-to-date: /ros_ws/src/install/controller/share/ament_index/resource_index/package_run_dependencies/controller
[0.330s] -- Up-to-date: /ros_ws/src/install/controller/share/ament_index/resource_index/parent_prefix_path/controller
[0.330s] -- Up-to-date: /ros_ws/src/install/controller/share/controller/environment/ament_prefix_path.sh
[0.330s] -- Up-to-date: /ros_ws/src/install/controller/share/controller/environment/ament_prefix_path.dsv
[0.331s] -- Up-to-date: /ros_ws/src/install/controller/share/controller/environment/path.sh
[0.331s] -- Up-to-date: /ros_ws/src/install/controller/share/controller/environment/path.dsv
[0.331s] -- Up-to-date: /ros_ws/src/install/controller/share/controller/local_setup.bash
[0.331s] -- Up-to-date: /ros_ws/src/install/controller/share/controller/local_setup.sh
[0.331s] -- Up-to-date: /ros_ws/src/install/controller/share/controller/local_setup.zsh
[0.331s] -- Up-to-date: /ros_ws/src/install/controller/share/controller/local_setup.dsv
[0.331s] -- Installing: /ros_ws/src/install/controller/share/controller/package.dsv
[0.331s] -- Up-to-date: /ros_ws/src/install/controller/share/ament_index/resource_index/packages/controller
[0.331s] -- Up-to-date: /ros_ws/src/install/controller/share/controller/cmake/export_controller__rosidl_generator_cExport.cmake
[0.331s] -- Up-to-date: /ros_ws/src/install/controller/share/controller/cmake/export_controller__rosidl_generator_cExport-noconfig.cmake
[0.331s] -- Up-to-date: /ros_ws/src/install/controller/share/controller/cmake/export_controller__rosidl_typesupport_fastrtps_cExport.cmake
[0.331s] -- Up-to-date: /ros_ws/src/install/controller/share/controller/cmake/export_controller__rosidl_typesupport_fastrtps_cExport-noconfig.cmake
[0.331s] -- Up-to-date: /ros_ws/src/install/controller/share/controller/cmake/export_controller__rosidl_generator_cppExport.cmake
[0.331s] -- Up-to-date: /ros_ws/src/install/controller/share/controller/cmake/export_controller__rosidl_typesupport_fastrtps_cppExport.cmake
[0.331s] -- Up-to-date: /ros_ws/src/install/controller/share/controller/cmake/export_controller__rosidl_typesupport_fastrtps_cppExport-noconfig.cmake
[0.331s] -- Up-to-date: /ros_ws/src/install/controller/share/controller/cmake/controller__rosidl_typesupport_introspection_cExport.cmake
[0.332s] -- Up-to-date: /ros_ws/src/install/controller/share/controller/cmake/controller__rosidl_typesupport_introspection_cExport-noconfig.cmake
[0.332s] -- Up-to-date: /ros_ws/src/install/controller/share/controller/cmake/controller__rosidl_typesupport_cExport.cmake
[0.332s] -- Up-to-date: /ros_ws/src/install/controller/share/controller/cmake/controller__rosidl_typesupport_cExport-noconfig.cmake
[0.332s] -- Up-to-date: /ros_ws/src/install/controller/share/controller/cmake/controller__rosidl_typesupport_introspection_cppExport.cmake
[0.332s] -- Up-to-date: /ros_ws/src/install/controller/share/controller/cmake/controller__rosidl_typesupport_introspection_cppExport-noconfig.cmake
[0.332s] -- Up-to-date: /ros_ws/src/install/controller/share/controller/cmake/controller__rosidl_typesupport_cppExport.cmake
[0.332s] -- Up-to-date: /ros_ws/src/install/controller/share/controller/cmake/controller__rosidl_typesupport_cppExport-noconfig.cmake
[0.332s] -- Up-to-date: /ros_ws/src/install/controller/share/controller/cmake/export_controller__rosidl_generator_pyExport.cmake
[0.332s] -- Up-to-date: /ros_ws/src/install/controller/share/controller/cmake/export_controller__rosidl_generator_pyExport-noconfig.cmake
[0.332s] -- Up-to-date: /ros_ws/src/install/controller/share/controller/cmake/rosidl_cmake-extras.cmake
[0.332s] -- Up-to-date: /ros_ws/src/install/controller/share/controller/cmake/ament_cmake_export_dependencies-extras.cmake
[0.332s] -- Up-to-date: /ros_ws/src/install/controller/share/controller/cmake/ament_cmake_export_include_directories-extras.cmake
[0.332s] -- Up-to-date: /ros_ws/src/install/controller/share/controller/cmake/ament_cmake_export_libraries-extras.cmake
[0.332s] -- Up-to-date: /ros_ws/src/install/controller/share/controller/cmake/ament_cmake_export_targets-extras.cmake
[0.333s] -- Up-to-date: /ros_ws/src/install/controller/share/controller/cmake/rosidl_cmake_export_typesupport_targets-extras.cmake
[0.333s] -- Up-to-date: /ros_ws/src/install/controller/share/controller/cmake/rosidl_cmake_export_typesupport_libraries-extras.cmake
[0.333s] -- Up-to-date: /ros_ws/src/install/controller/share/controller/cmake/controllerConfig.cmake
[0.333s] -- Up-to-date: /ros_ws/src/install/controller/share/controller/cmake/controllerConfig-version.cmake
[0.333s] -- Up-to-date: /ros_ws/src/install/controller/share/controller/package.xml
[0.334s] Invoked command in '/ros_ws/src/build/controller' returned '0': CMAKE_PREFIX_PATH=/ros_ws/src/install/maneuver:/ros_ws/src/install/libkdtp:/ros_ws/src/install/uav_simulator:/ros_ws/src/install/controller:/ros_ws/src/install/firmware:/ros_ws/install/firmware:/ros_ws/install/uav_simulator:/ros_ws/install/my_ros2_package:/ros_ws/install/controller:/ros_ws/install/maneuver:/ros_ws/install/libkdtp:/opt/ros/jazzy/opt/gz_math_vendor:/opt/ros/jazzy/opt/gz_utils_vendor:/opt/ros/jazzy/opt/gz_cmake_vendor:/opt/ros/jazzy LD_LIBRARY_PATH=/ros_ws/src/install/maneuver/lib:/ros_ws/src/install/libkdtp/lib:/ros_ws/src/install/uav_simulator/lib:/ros_ws/src/install/controller/lib:/ros_ws/install/uav_simulator/lib:/ros_ws/install/my_ros2_package/lib:/ros_ws/install/controller/lib:/ros_ws/install/maneuver/lib:/ros_ws/install/libkdtp/lib:/opt/ros/jazzy/opt/rviz_ogre_vendor/lib:/opt/ros/jazzy/lib/x86_64-linux-gnu:/opt/ros/jazzy/opt/gz_math_vendor/lib:/opt/ros/jazzy/opt/gz_utils_vendor/lib:/opt/ros/jazzy/opt/gz_cmake_vendor/lib:/opt/ros/jazzy/lib PYTHONPATH=/ros_ws/src/install/maneuver/lib/python3.12/site-packages:/ros_ws/src/install/controller/lib/python3.12/site-packages:/ros_ws/install/my_ros2_package/lib/python3.12/site-packages:/ros_ws/install/controller/lib/python3.12/site-packages:/ros_ws/install/maneuver/lib/python3.12/site-packages:/opt/ros/jazzy/lib/python3.12/site-packages /usr/bin/cmake --install /ros_ws/src/build/controller
