[0.008s] Invoking command in '/ros_ws/src/build/firmware': CMAKE_PREFIX_PATH=${CMAKE_PREFIX_PATH}:/opt/ros/jazzy /usr/bin/cmake --build /ros_ws/src/build/firmware -- -j16 -l16
[0.034s] Invoked command in '/ros_ws/src/build/firmware' returned '0': CMAKE_PREFIX_PATH=${CMAKE_PREFIX_PATH}:/opt/ros/jazzy /usr/bin/cmake --build /ros_ws/src/build/firmware -- -j16 -l16
[0.041s] Invoking command in '/ros_ws/src/build/firmware': CMAKE_PREFIX_PATH=${CMAKE_PREFIX_PATH}:/opt/ros/jazzy /usr/bin/cmake --install /ros_ws/src/build/firmware
[0.046s] -- Install configuration: ""
[0.046s] -- Up-to-date: /ros_ws/src/install/firmware/share/firmware//launch
[0.046s] -- Installing: /ros_ws/src/install/firmware/share/firmware//launch/simulate.launch.py
[0.046s] -- Up-to-date: /ros_ws/src/install/firmware/share/ament_index/resource_index/package_run_dependencies/firmware
[0.046s] -- Up-to-date: /ros_ws/src/install/firmware/share/ament_index/resource_index/parent_prefix_path/firmware
[0.046s] -- Up-to-date: /ros_ws/src/install/firmware/share/firmware/environment/ament_prefix_path.sh
[0.046s] -- Up-to-date: /ros_ws/src/install/firmware/share/firmware/environment/ament_prefix_path.dsv
[0.046s] -- Up-to-date: /ros_ws/src/install/firmware/share/firmware/environment/path.sh
[0.046s] -- Up-to-date: /ros_ws/src/install/firmware/share/firmware/environment/path.dsv
[0.046s] -- Up-to-date: /ros_ws/src/install/firmware/share/firmware/local_setup.bash
[0.046s] -- Up-to-date: /ros_ws/src/install/firmware/share/firmware/local_setup.sh
[0.046s] -- Up-to-date: /ros_ws/src/install/firmware/share/firmware/local_setup.zsh
[0.047s] -- Up-to-date: /ros_ws/src/install/firmware/share/firmware/local_setup.dsv
[0.047s] -- Up-to-date: /ros_ws/src/install/firmware/share/firmware/package.dsv
[0.047s] -- Up-to-date: /ros_ws/src/install/firmware/share/ament_index/resource_index/packages/firmware
[0.047s] -- Up-to-date: /ros_ws/src/install/firmware/share/firmware/cmake/firmwareConfig.cmake
[0.047s] -- Up-to-date: /ros_ws/src/install/firmware/share/firmware/cmake/firmwareConfig-version.cmake
[0.047s] -- Up-to-date: /ros_ws/src/install/firmware/share/firmware/package.xml
[0.049s] Invoked command in '/ros_ws/src/build/firmware' returned '0': CMAKE_PREFIX_PATH=${CMAKE_PREFIX_PATH}:/opt/ros/jazzy /usr/bin/cmake --install /ros_ws/src/build/firmware
