[100%] Built target libkdtp
-- Install configuration: ""
-- Up-to-date: /ros_ws/src/install/libkdtp/share/libkdtp/environment/library_path.sh
-- Up-to-date: /ros_ws/src/install/libkdtp/share/libkdtp/environment/library_path.dsv
-- Up-to-date: /ros_ws/src/install/libkdtp/include/libkdtp/libkdtp
-- Up-to-date: /ros_ws/src/install/libkdtp/include/libkdtp/libkdtp/kdtp.h
-- Up-to-date: /ros_ws/src/install/libkdtp/include/libkdtp/libkdtp/libkdtp.h
-- Up-to-date: /ros_ws/src/install/libkdtp/lib/liblibkdtp.so
-- Up-to-date: /ros_ws/src/install/libkdtp/share/ament_index/resource_index/package_run_dependencies/libkdtp
-- Up-to-date: /ros_ws/src/install/libkdtp/share/ament_index/resource_index/parent_prefix_path/libkdtp
-- Up-to-date: /ros_ws/src/install/libkdtp/share/libkdtp/environment/ament_prefix_path.sh
-- Up-to-date: /ros_ws/src/install/libkdtp/share/libkdtp/environment/ament_prefix_path.dsv
-- Up-to-date: /ros_ws/src/install/libkdtp/share/libkdtp/environment/path.sh
-- Up-to-date: /ros_ws/src/install/libkdtp/share/libkdtp/environment/path.dsv
-- Up-to-date: /ros_ws/src/install/libkdtp/share/libkdtp/local_setup.bash
-- Up-to-date: /ros_ws/src/install/libkdtp/share/libkdtp/local_setup.sh
-- Up-to-date: /ros_ws/src/install/libkdtp/share/libkdtp/local_setup.zsh
-- Up-to-date: /ros_ws/src/install/libkdtp/share/libkdtp/local_setup.dsv
-- Installing: /ros_ws/src/install/libkdtp/share/libkdtp/package.dsv
-- Up-to-date: /ros_ws/src/install/libkdtp/share/ament_index/resource_index/packages/libkdtp
-- Up-to-date: /ros_ws/src/install/libkdtp/share/libkdtp/cmake/export_libkdtpExport.cmake
-- Up-to-date: /ros_ws/src/install/libkdtp/share/libkdtp/cmake/export_libkdtpExport-noconfig.cmake
-- Up-to-date: /ros_ws/src/install/libkdtp/share/libkdtp/cmake/ament_cmake_export_include_directories-extras.cmake
-- Up-to-date: /ros_ws/src/install/libkdtp/share/libkdtp/cmake/ament_cmake_export_targets-extras.cmake
-- Up-to-date: /ros_ws/src/install/libkdtp/share/libkdtp/cmake/ament_cmake_export_libraries-extras.cmake
-- Up-to-date: /ros_ws/src/install/libkdtp/share/libkdtp/cmake/libkdtpConfig.cmake
-- Up-to-date: /ros_ws/src/install/libkdtp/share/libkdtp/cmake/libkdtpConfig-version.cmake
-- Up-to-date: /ros_ws/src/install/libkdtp/share/libkdtp/package.xml
