[0.008s] Invoking command in '/ros_ws/src/build/libkdtp': CMAKE_PREFIX_PATH=${CMAKE_PREFIX_PATH}:/opt/ros/jazzy /usr/bin/cmake --build /ros_ws/src/build/libkdtp -- -j16 -l16
[0.036s] [100%] Built target libkdtp
[0.042s] Invoked command in '/ros_ws/src/build/libkdtp' returned '0': CMAKE_PREFIX_PATH=${CMAKE_PREFIX_PATH}:/opt/ros/jazzy /usr/bin/cmake --build /ros_ws/src/build/libkdtp -- -j16 -l16
[0.047s] Invoking command in '/ros_ws/src/build/libkdtp': CMAKE_PREFIX_PATH=${CMAKE_PREFIX_PATH}:/opt/ros/jazzy /usr/bin/cmake --install /ros_ws/src/build/libkdtp
[0.051s] -- Install configuration: ""
[0.051s] -- Up-to-date: /ros_ws/src/install/libkdtp/share/libkdtp/environment/library_path.sh
[0.051s] -- Up-to-date: /ros_ws/src/install/libkdtp/share/libkdtp/environment/library_path.dsv
[0.051s] -- Up-to-date: /ros_ws/src/install/libkdtp/include/libkdtp/libkdtp
[0.051s] -- Up-to-date: /ros_ws/src/install/libkdtp/include/libkdtp/libkdtp/kdtp.h
[0.052s] -- Up-to-date: /ros_ws/src/install/libkdtp/include/libkdtp/libkdtp/libkdtp.h
[0.052s] -- Up-to-date: /ros_ws/src/install/libkdtp/lib/liblibkdtp.so
[0.052s] -- Up-to-date: /ros_ws/src/install/libkdtp/share/ament_index/resource_index/package_run_dependencies/libkdtp
[0.052s] -- Up-to-date: /ros_ws/src/install/libkdtp/share/ament_index/resource_index/parent_prefix_path/libkdtp
[0.052s] -- Up-to-date: /ros_ws/src/install/libkdtp/share/libkdtp/environment/ament_prefix_path.sh
[0.052s] -- Up-to-date: /ros_ws/src/install/libkdtp/share/libkdtp/environment/ament_prefix_path.dsv
[0.052s] -- Up-to-date: /ros_ws/src/install/libkdtp/share/libkdtp/environment/path.sh
[0.052s] -- Up-to-date: /ros_ws/src/install/libkdtp/share/libkdtp/environment/path.dsv
[0.052s] -- Up-to-date: /ros_ws/src/install/libkdtp/share/libkdtp/local_setup.bash
[0.052s] -- Up-to-date: /ros_ws/src/install/libkdtp/share/libkdtp/local_setup.sh
[0.052s] -- Up-to-date: /ros_ws/src/install/libkdtp/share/libkdtp/local_setup.zsh
[0.052s] -- Up-to-date: /ros_ws/src/install/libkdtp/share/libkdtp/local_setup.dsv
[0.052s] -- Installing: /ros_ws/src/install/libkdtp/share/libkdtp/package.dsv
[0.052s] -- Up-to-date: /ros_ws/src/install/libkdtp/share/ament_index/resource_index/packages/libkdtp
[0.052s] -- Up-to-date: /ros_ws/src/install/libkdtp/share/libkdtp/cmake/export_libkdtpExport.cmake
[0.052s] -- Up-to-date: /ros_ws/src/install/libkdtp/share/libkdtp/cmake/export_libkdtpExport-noconfig.cmake
[0.052s] -- Up-to-date: /ros_ws/src/install/libkdtp/share/libkdtp/cmake/ament_cmake_export_include_directories-extras.cmake
[0.052s] -- Up-to-date: /ros_ws/src/install/libkdtp/share/libkdtp/cmake/ament_cmake_export_targets-extras.cmake
[0.052s] -- Up-to-date: /ros_ws/src/install/libkdtp/share/libkdtp/cmake/ament_cmake_export_libraries-extras.cmake
[0.052s] -- Up-to-date: /ros_ws/src/install/libkdtp/share/libkdtp/cmake/libkdtpConfig.cmake
[0.053s] -- Up-to-date: /ros_ws/src/install/libkdtp/share/libkdtp/cmake/libkdtpConfig-version.cmake
[0.053s] -- Up-to-date: /ros_ws/src/install/libkdtp/share/libkdtp/package.xml
[0.053s] Invoked command in '/ros_ws/src/build/libkdtp' returned '0': CMAKE_PREFIX_PATH=${CMAKE_PREFIX_PATH}:/opt/ros/jazzy /usr/bin/cmake --install /ros_ws/src/build/libkdtp
