[  1%] Built target maneuver__rosidl_generator_type_description
[  1%] Built target ament_cmake_python_copy_maneuver
[  1%] Built target maneuver__cpp
[ 26%] Built target maneuver__rosidl_generator_c
[ 44%] Built target maneuver__rosidl_typesupport_c
[ 44%] Built target maneuver__rosidl_typesupport_introspection_c
[ 54%] Built target maneuver__rosidl_typesupport_cpp
[ 64%] Built target maneuver__rosidl_typesupport_introspection_cpp
[ 78%] Built target maneuver__rosidl_typesupport_fastrtps_c
[ 83%] Built target maneuver__rosidl_typesupport_fastrtps_cpp
[ 83%] Built target maneuver
[ 84%] Built target maneuver_node
[ 85%] Built target maneuver__py
[ 94%] Built target maneuver__rosidl_generator_py
[100%] Built target maneuver_s__rosidl_typesupport_c
[100%] Built target maneuver_s__rosidl_typesupport_introspection_c
[100%] Built target maneuver_s__rosidl_typesupport_fastrtps_c
running egg_info
writing maneuver.egg-info/PKG-INFO
writing dependency_links to maneuver.egg-info/dependency_links.txt
writing top-level names to maneuver.egg-info/top_level.txt
reading manifest file 'maneuver.egg-info/SOURCES.txt'
writing manifest file 'maneuver.egg-info/SOURCES.txt'
[100%] Built target ament_cmake_python_build_maneuver_egg
-- Install configuration: ""
-- Installing: /ros_ws/src/install/maneuver/share/ament_index/resource_index/rosidl_interfaces/maneuver
-- Installing: /ros_ws/src/install/maneuver/share/maneuver/msg/FullPose.json
-- Installing: /ros_ws/src/install/maneuver/share/maneuver/srv/LiftOff.json
-- Installing: /ros_ws/src/install/maneuver/share/maneuver/srv/ArmDisarm.json
-- Installing: /ros_ws/src/install/maneuver/share/maneuver/srv/GotoPoint.json
-- Installing: /ros_ws/src/install/maneuver/share/maneuver/srv/Goto6DPoint.json
-- Installing: /ros_ws/src/install/maneuver/share/maneuver/srv/Ellipse5D.json
-- Installing: /ros_ws/src/install/maneuver/share/maneuver/srv/RotateTo.json
-- Installing: /ros_ws/src/install/maneuver/share/maneuver/srv/Land.json
-- Installing: /ros_ws/src/install/maneuver/share/maneuver/srv/FullFlip.json
-- Installing: /ros_ws/src/install/maneuver/include/maneuver/maneuver
-- Installing: /ros_ws/src/install/maneuver/include/maneuver/maneuver/msg
-- Installing: /ros_ws/src/install/maneuver/include/maneuver/maneuver/msg/detail
-- Installing: /ros_ws/src/install/maneuver/include/maneuver/maneuver/msg/detail/full_pose__type_support.c
-- Installing: /ros_ws/src/install/maneuver/include/maneuver/maneuver/msg/detail/full_pose__type_support.h
-- Installing: /ros_ws/src/install/maneuver/include/maneuver/maneuver/msg/detail/full_pose__functions.h
-- Installing: /ros_ws/src/install/maneuver/include/maneuver/maneuver/msg/detail/full_pose__functions.c
-- Installing: /ros_ws/src/install/maneuver/include/maneuver/maneuver/msg/detail/full_pose__description.c
-- Installing: /ros_ws/src/install/maneuver/include/maneuver/maneuver/msg/detail/full_pose__struct.h
-- Installing: /ros_ws/src/install/maneuver/include/maneuver/maneuver/msg/full_pose.h
-- Installing: /ros_ws/src/install/maneuver/include/maneuver/maneuver/msg/rosidl_generator_c__visibility_control.h
-- Installing: /ros_ws/src/install/maneuver/include/maneuver/maneuver/srv
-- Installing: /ros_ws/src/install/maneuver/include/maneuver/maneuver/srv/full_flip.h
-- Installing: /ros_ws/src/install/maneuver/include/maneuver/maneuver/srv/rotate_to.h
-- Installing: /ros_ws/src/install/maneuver/include/maneuver/maneuver/srv/land.h
-- Installing: /ros_ws/src/install/maneuver/include/maneuver/maneuver/srv/detail
-- Installing: /ros_ws/src/install/maneuver/include/maneuver/maneuver/srv/detail/land__type_support.h
-- Installing: /ros_ws/src/install/maneuver/include/maneuver/maneuver/srv/detail/full_flip__struct.h
-- Installing: /ros_ws/src/install/maneuver/include/maneuver/maneuver/srv/detail/goto_point__struct.h
-- Installing: /ros_ws/src/install/maneuver/include/maneuver/maneuver/srv/detail/rotate_to__functions.c
-- Installing: /ros_ws/src/install/maneuver/include/maneuver/maneuver/srv/detail/lift_off__description.c
-- Installing: /ros_ws/src/install/maneuver/include/maneuver/maneuver/srv/detail/land__struct.h
-- Installing: /ros_ws/src/install/maneuver/include/maneuver/maneuver/srv/detail/land__functions.c
-- Installing: /ros_ws/src/install/maneuver/include/maneuver/maneuver/srv/detail/full_flip__type_support.c
-- Installing: /ros_ws/src/install/maneuver/include/maneuver/maneuver/srv/detail/rotate_to__description.c
-- Installing: /ros_ws/src/install/maneuver/include/maneuver/maneuver/srv/detail/goto6_d_point__description.c
-- Installing: /ros_ws/src/install/maneuver/include/maneuver/maneuver/srv/detail/goto_point__functions.c
-- Installing: /ros_ws/src/install/maneuver/include/maneuver/maneuver/srv/detail/ellipse5_d__functions.c
-- Installing: /ros_ws/src/install/maneuver/include/maneuver/maneuver/srv/detail/goto6_d_point__functions.c
-- Installing: /ros_ws/src/install/maneuver/include/maneuver/maneuver/srv/detail/rotate_to__type_support.h
-- Installing: /ros_ws/src/install/maneuver/include/maneuver/maneuver/srv/detail/goto6_d_point__type_support.c
-- Installing: /ros_ws/src/install/maneuver/include/maneuver/maneuver/srv/detail/lift_off__type_support.c
-- Installing: /ros_ws/src/install/maneuver/include/maneuver/maneuver/srv/detail/land__type_support.c
-- Installing: /ros_ws/src/install/maneuver/include/maneuver/maneuver/srv/detail/goto_point__description.c
-- Installing: /ros_ws/src/install/maneuver/include/maneuver/maneuver/srv/detail/full_flip__functions.c
-- Installing: /ros_ws/src/install/maneuver/include/maneuver/maneuver/srv/detail/lift_off__functions.c
-- Installing: /ros_ws/src/install/maneuver/include/maneuver/maneuver/srv/detail/rotate_to__functions.h
-- Installing: /ros_ws/src/install/maneuver/include/maneuver/maneuver/srv/detail/rotate_to__struct.h
-- Installing: /ros_ws/src/install/maneuver/include/maneuver/maneuver/srv/detail/ellipse5_d__type_support.c
-- Installing: /ros_ws/src/install/maneuver/include/maneuver/maneuver/srv/detail/goto6_d_point__struct.h
-- Installing: /ros_ws/src/install/maneuver/include/maneuver/maneuver/srv/detail/arm_disarm__description.c
-- Installing: /ros_ws/src/install/maneuver/include/maneuver/maneuver/srv/detail/lift_off__type_support.h
-- Installing: /ros_ws/src/install/maneuver/include/maneuver/maneuver/srv/detail/arm_disarm__functions.h
-- Installing: /ros_ws/src/install/maneuver/include/maneuver/maneuver/srv/detail/arm_disarm__functions.c
-- Installing: /ros_ws/src/install/maneuver/include/maneuver/maneuver/srv/detail/goto_point__functions.h
-- Installing: /ros_ws/src/install/maneuver/include/maneuver/maneuver/srv/detail/land__description.c
-- Installing: /ros_ws/src/install/maneuver/include/maneuver/maneuver/srv/detail/lift_off__struct.h
-- Installing: /ros_ws/src/install/maneuver/include/maneuver/maneuver/srv/detail/arm_disarm__type_support.h
-- Installing: /ros_ws/src/install/maneuver/include/maneuver/maneuver/srv/detail/goto6_d_point__functions.h
-- Installing: /ros_ws/src/install/maneuver/include/maneuver/maneuver/srv/detail/ellipse5_d__struct.h
-- Installing: /ros_ws/src/install/maneuver/include/maneuver/maneuver/srv/detail/land__functions.h
-- Installing: /ros_ws/src/install/maneuver/include/maneuver/maneuver/srv/detail/full_flip__type_support.h
-- Installing: /ros_ws/src/install/maneuver/include/maneuver/maneuver/srv/detail/ellipse5_d__description.c
-- Installing: /ros_ws/src/install/maneuver/include/maneuver/maneuver/srv/detail/goto_point__type_support.c
-- Installing: /ros_ws/src/install/maneuver/include/maneuver/maneuver/srv/detail/rotate_to__type_support.c
-- Installing: /ros_ws/src/install/maneuver/include/maneuver/maneuver/srv/detail/lift_off__functions.h
-- Installing: /ros_ws/src/install/maneuver/include/maneuver/maneuver/srv/detail/goto6_d_point__type_support.h
-- Installing: /ros_ws/src/install/maneuver/include/maneuver/maneuver/srv/detail/full_flip__functions.h
-- Installing: /ros_ws/src/install/maneuver/include/maneuver/maneuver/srv/detail/ellipse5_d__functions.h
-- Installing: /ros_ws/src/install/maneuver/include/maneuver/maneuver/srv/detail/full_flip__description.c
-- Installing: /ros_ws/src/install/maneuver/include/maneuver/maneuver/srv/detail/ellipse5_d__type_support.h
-- Installing: /ros_ws/src/install/maneuver/include/maneuver/maneuver/srv/detail/arm_disarm__type_support.c
-- Installing: /ros_ws/src/install/maneuver/include/maneuver/maneuver/srv/detail/goto_point__type_support.h
-- Installing: /ros_ws/src/install/maneuver/include/maneuver/maneuver/srv/detail/arm_disarm__struct.h
-- Installing: /ros_ws/src/install/maneuver/include/maneuver/maneuver/srv/goto_point.h
-- Installing: /ros_ws/src/install/maneuver/include/maneuver/maneuver/srv/lift_off.h
-- Installing: /ros_ws/src/install/maneuver/include/maneuver/maneuver/srv/ellipse5_d.h
-- Installing: /ros_ws/src/install/maneuver/include/maneuver/maneuver/srv/arm_disarm.h
-- Installing: /ros_ws/src/install/maneuver/include/maneuver/maneuver/srv/goto6_d_point.h
-- Installing: /ros_ws/src/install/maneuver/share/maneuver/environment/library_path.sh
-- Installing: /ros_ws/src/install/maneuver/share/maneuver/environment/library_path.dsv
-- Installing: /ros_ws/src/install/maneuver/lib/libmaneuver__rosidl_generator_c.so
-- Set non-toolchain portion of runtime path of "/ros_ws/src/install/maneuver/lib/libmaneuver__rosidl_generator_c.so" to ""
-- Up-to-date: /ros_ws/src/install/maneuver/include/maneuver/maneuver
-- Up-to-date: /ros_ws/src/install/maneuver/include/maneuver/maneuver/msg
-- Installing: /ros_ws/src/install/maneuver/include/maneuver/maneuver/msg/rosidl_typesupport_fastrtps_c__visibility_control.h
-- Up-to-date: /ros_ws/src/install/maneuver/include/maneuver/maneuver/msg/detail
-- Installing: /ros_ws/src/install/maneuver/include/maneuver/maneuver/msg/detail/full_pose__rosidl_typesupport_fastrtps_c.h
-- Up-to-date: /ros_ws/src/install/maneuver/include/maneuver/maneuver/srv
-- Up-to-date: /ros_ws/src/install/maneuver/include/maneuver/maneuver/srv/detail
-- Installing: /ros_ws/src/install/maneuver/include/maneuver/maneuver/srv/detail/land__rosidl_typesupport_fastrtps_c.h
-- Installing: /ros_ws/src/install/maneuver/include/maneuver/maneuver/srv/detail/goto_point__rosidl_typesupport_fastrtps_c.h
-- Installing: /ros_ws/src/install/maneuver/include/maneuver/maneuver/srv/detail/ellipse5_d__rosidl_typesupport_fastrtps_c.h
-- Installing: /ros_ws/src/install/maneuver/include/maneuver/maneuver/srv/detail/lift_off__rosidl_typesupport_fastrtps_c.h
-- Installing: /ros_ws/src/install/maneuver/include/maneuver/maneuver/srv/detail/arm_disarm__rosidl_typesupport_fastrtps_c.h
-- Installing: /ros_ws/src/install/maneuver/include/maneuver/maneuver/srv/detail/goto6_d_point__rosidl_typesupport_fastrtps_c.h
-- Installing: /ros_ws/src/install/maneuver/include/maneuver/maneuver/srv/detail/full_flip__rosidl_typesupport_fastrtps_c.h
-- Installing: /ros_ws/src/install/maneuver/include/maneuver/maneuver/srv/detail/rotate_to__rosidl_typesupport_fastrtps_c.h
-- Installing: /ros_ws/src/install/maneuver/lib/libmaneuver__rosidl_typesupport_fastrtps_c.so
-- Set non-toolchain portion of runtime path of "/ros_ws/src/install/maneuver/lib/libmaneuver__rosidl_typesupport_fastrtps_c.so" to ""
-- Up-to-date: /ros_ws/src/install/maneuver/include/maneuver/maneuver
-- Up-to-date: /ros_ws/src/install/maneuver/include/maneuver/maneuver/msg
-- Installing: /ros_ws/src/install/maneuver/include/maneuver/maneuver/msg/full_pose.hpp
-- Up-to-date: /ros_ws/src/install/maneuver/include/maneuver/maneuver/msg/detail
-- Installing: /ros_ws/src/install/maneuver/include/maneuver/maneuver/msg/detail/full_pose__type_support.hpp
-- Installing: /ros_ws/src/install/maneuver/include/maneuver/maneuver/msg/detail/full_pose__builder.hpp
-- Installing: /ros_ws/src/install/maneuver/include/maneuver/maneuver/msg/detail/full_pose__struct.hpp
-- Installing: /ros_ws/src/install/maneuver/include/maneuver/maneuver/msg/detail/full_pose__traits.hpp
-- Installing: /ros_ws/src/install/maneuver/include/maneuver/maneuver/msg/rosidl_generator_cpp__visibility_control.hpp
-- Up-to-date: /ros_ws/src/install/maneuver/include/maneuver/maneuver/srv
-- Installing: /ros_ws/src/install/maneuver/include/maneuver/maneuver/srv/goto_point.hpp
-- Installing: /ros_ws/src/install/maneuver/include/maneuver/maneuver/srv/land.hpp
-- Installing: /ros_ws/src/install/maneuver/include/maneuver/maneuver/srv/goto6_d_point.hpp
-- Installing: /ros_ws/src/install/maneuver/include/maneuver/maneuver/srv/rotate_to.hpp
-- Up-to-date: /ros_ws/src/install/maneuver/include/maneuver/maneuver/srv/detail
-- Installing: /ros_ws/src/install/maneuver/include/maneuver/maneuver/srv/detail/arm_disarm__traits.hpp
-- Installing: /ros_ws/src/install/maneuver/include/maneuver/maneuver/srv/detail/rotate_to__type_support.hpp
-- Installing: /ros_ws/src/install/maneuver/include/maneuver/maneuver/srv/detail/goto6_d_point__type_support.hpp
-- Installing: /ros_ws/src/install/maneuver/include/maneuver/maneuver/srv/detail/goto_point__type_support.hpp
-- Installing: /ros_ws/src/install/maneuver/include/maneuver/maneuver/srv/detail/lift_off__type_support.hpp
-- Installing: /ros_ws/src/install/maneuver/include/maneuver/maneuver/srv/detail/goto6_d_point__builder.hpp
-- Installing: /ros_ws/src/install/maneuver/include/maneuver/maneuver/srv/detail/land__traits.hpp
-- Installing: /ros_ws/src/install/maneuver/include/maneuver/maneuver/srv/detail/goto_point__builder.hpp
-- Installing: /ros_ws/src/install/maneuver/include/maneuver/maneuver/srv/detail/ellipse5_d__struct.hpp
-- Installing: /ros_ws/src/install/maneuver/include/maneuver/maneuver/srv/detail/land__builder.hpp
-- Installing: /ros_ws/src/install/maneuver/include/maneuver/maneuver/srv/detail/arm_disarm__builder.hpp
-- Installing: /ros_ws/src/install/maneuver/include/maneuver/maneuver/srv/detail/arm_disarm__struct.hpp
-- Installing: /ros_ws/src/install/maneuver/include/maneuver/maneuver/srv/detail/full_flip__type_support.hpp
-- Installing: /ros_ws/src/install/maneuver/include/maneuver/maneuver/srv/detail/ellipse5_d__traits.hpp
-- Installing: /ros_ws/src/install/maneuver/include/maneuver/maneuver/srv/detail/ellipse5_d__type_support.hpp
-- Installing: /ros_ws/src/install/maneuver/include/maneuver/maneuver/srv/detail/lift_off__struct.hpp
-- Installing: /ros_ws/src/install/maneuver/include/maneuver/maneuver/srv/detail/lift_off__traits.hpp
-- Installing: /ros_ws/src/install/maneuver/include/maneuver/maneuver/srv/detail/land__struct.hpp
-- Installing: /ros_ws/src/install/maneuver/include/maneuver/maneuver/srv/detail/land__type_support.hpp
-- Installing: /ros_ws/src/install/maneuver/include/maneuver/maneuver/srv/detail/rotate_to__builder.hpp
-- Installing: /ros_ws/src/install/maneuver/include/maneuver/maneuver/srv/detail/goto6_d_point__struct.hpp
-- Installing: /ros_ws/src/install/maneuver/include/maneuver/maneuver/srv/detail/goto_point__traits.hpp
-- Installing: /ros_ws/src/install/maneuver/include/maneuver/maneuver/srv/detail/rotate_to__struct.hpp
-- Installing: /ros_ws/src/install/maneuver/include/maneuver/maneuver/srv/detail/lift_off__builder.hpp
-- Installing: /ros_ws/src/install/maneuver/include/maneuver/maneuver/srv/detail/arm_disarm__type_support.hpp
-- Installing: /ros_ws/src/install/maneuver/include/maneuver/maneuver/srv/detail/ellipse5_d__builder.hpp
-- Installing: /ros_ws/src/install/maneuver/include/maneuver/maneuver/srv/detail/goto_point__struct.hpp
-- Installing: /ros_ws/src/install/maneuver/include/maneuver/maneuver/srv/detail/full_flip__struct.hpp
-- Installing: /ros_ws/src/install/maneuver/include/maneuver/maneuver/srv/detail/full_flip__traits.hpp
-- Installing: /ros_ws/src/install/maneuver/include/maneuver/maneuver/srv/detail/full_flip__builder.hpp
-- Installing: /ros_ws/src/install/maneuver/include/maneuver/maneuver/srv/detail/goto6_d_point__traits.hpp
-- Installing: /ros_ws/src/install/maneuver/include/maneuver/maneuver/srv/detail/rotate_to__traits.hpp
-- Installing: /ros_ws/src/install/maneuver/include/maneuver/maneuver/srv/ellipse5_d.hpp
-- Installing: /ros_ws/src/install/maneuver/include/maneuver/maneuver/srv/arm_disarm.hpp
-- Installing: /ros_ws/src/install/maneuver/include/maneuver/maneuver/srv/full_flip.hpp
-- Installing: /ros_ws/src/install/maneuver/include/maneuver/maneuver/srv/lift_off.hpp
-- Up-to-date: /ros_ws/src/install/maneuver/include/maneuver/maneuver
-- Up-to-date: /ros_ws/src/install/maneuver/include/maneuver/maneuver/msg
-- Installing: /ros_ws/src/install/maneuver/include/maneuver/maneuver/msg/rosidl_typesupport_fastrtps_cpp__visibility_control.h
-- Up-to-date: /ros_ws/src/install/maneuver/include/maneuver/maneuver/msg/detail
-- Installing: /ros_ws/src/install/maneuver/include/maneuver/maneuver/msg/detail/full_pose__rosidl_typesupport_fastrtps_cpp.hpp
-- Installing: /ros_ws/src/install/maneuver/include/maneuver/maneuver/msg/detail/dds_fastrtps
-- Up-to-date: /ros_ws/src/install/maneuver/include/maneuver/maneuver/srv
-- Up-to-date: /ros_ws/src/install/maneuver/include/maneuver/maneuver/srv/detail
-- Installing: /ros_ws/src/install/maneuver/include/maneuver/maneuver/srv/detail/dds_fastrtps
-- Installing: /ros_ws/src/install/maneuver/include/maneuver/maneuver/srv/detail/full_flip__rosidl_typesupport_fastrtps_cpp.hpp
-- Installing: /ros_ws/src/install/maneuver/include/maneuver/maneuver/srv/detail/lift_off__rosidl_typesupport_fastrtps_cpp.hpp
-- Installing: /ros_ws/src/install/maneuver/include/maneuver/maneuver/srv/detail/land__rosidl_typesupport_fastrtps_cpp.hpp
-- Installing: /ros_ws/src/install/maneuver/include/maneuver/maneuver/srv/detail/rotate_to__rosidl_typesupport_fastrtps_cpp.hpp
-- Installing: /ros_ws/src/install/maneuver/include/maneuver/maneuver/srv/detail/goto6_d_point__rosidl_typesupport_fastrtps_cpp.hpp
-- Installing: /ros_ws/src/install/maneuver/include/maneuver/maneuver/srv/detail/arm_disarm__rosidl_typesupport_fastrtps_cpp.hpp
-- Installing: /ros_ws/src/install/maneuver/include/maneuver/maneuver/srv/detail/goto_point__rosidl_typesupport_fastrtps_cpp.hpp
-- Installing: /ros_ws/src/install/maneuver/include/maneuver/maneuver/srv/detail/ellipse5_d__rosidl_typesupport_fastrtps_cpp.hpp
-- Installing: /ros_ws/src/install/maneuver/lib/libmaneuver__rosidl_typesupport_fastrtps_cpp.so
-- Set non-toolchain portion of runtime path of "/ros_ws/src/install/maneuver/lib/libmaneuver__rosidl_typesupport_fastrtps_cpp.so" to ""
-- Up-to-date: /ros_ws/src/install/maneuver/include/maneuver/maneuver
-- Up-to-date: /ros_ws/src/install/maneuver/include/maneuver/maneuver/msg
-- Installing: /ros_ws/src/install/maneuver/include/maneuver/maneuver/msg/rosidl_typesupport_introspection_c__visibility_control.h
-- Up-to-date: /ros_ws/src/install/maneuver/include/maneuver/maneuver/msg/detail
-- Installing: /ros_ws/src/install/maneuver/include/maneuver/maneuver/msg/detail/full_pose__type_support.c
-- Installing: /ros_ws/src/install/maneuver/include/maneuver/maneuver/msg/detail/full_pose__rosidl_typesupport_introspection_c.h
-- Up-to-date: /ros_ws/src/install/maneuver/include/maneuver/maneuver/srv
-- Up-to-date: /ros_ws/src/install/maneuver/include/maneuver/maneuver/srv/detail
-- Installing: /ros_ws/src/install/maneuver/include/maneuver/maneuver/srv/detail/ellipse5_d__rosidl_typesupport_introspection_c.h
-- Installing: /ros_ws/src/install/maneuver/include/maneuver/maneuver/srv/detail/full_flip__type_support.c
-- Installing: /ros_ws/src/install/maneuver/include/maneuver/maneuver/srv/detail/goto6_d_point__rosidl_typesupport_introspection_c.h
-- Installing: /ros_ws/src/install/maneuver/include/maneuver/maneuver/srv/detail/rotate_to__rosidl_typesupport_introspection_c.h
-- Installing: /ros_ws/src/install/maneuver/include/maneuver/maneuver/srv/detail/lift_off__rosidl_typesupport_introspection_c.h
-- Installing: /ros_ws/src/install/maneuver/include/maneuver/maneuver/srv/detail/goto6_d_point__type_support.c
-- Installing: /ros_ws/src/install/maneuver/include/maneuver/maneuver/srv/detail/lift_off__type_support.c
-- Installing: /ros_ws/src/install/maneuver/include/maneuver/maneuver/srv/detail/land__type_support.c
-- Installing: /ros_ws/src/install/maneuver/include/maneuver/maneuver/srv/detail/ellipse5_d__type_support.c
-- Installing: /ros_ws/src/install/maneuver/include/maneuver/maneuver/srv/detail/goto_point__rosidl_typesupport_introspection_c.h
-- Installing: /ros_ws/src/install/maneuver/include/maneuver/maneuver/srv/detail/goto_point__type_support.c
-- Installing: /ros_ws/src/install/maneuver/include/maneuver/maneuver/srv/detail/rotate_to__type_support.c
-- Installing: /ros_ws/src/install/maneuver/include/maneuver/maneuver/srv/detail/land__rosidl_typesupport_introspection_c.h
-- Installing: /ros_ws/src/install/maneuver/include/maneuver/maneuver/srv/detail/full_flip__rosidl_typesupport_introspection_c.h
-- Installing: /ros_ws/src/install/maneuver/include/maneuver/maneuver/srv/detail/arm_disarm__type_support.c
-- Installing: /ros_ws/src/install/maneuver/include/maneuver/maneuver/srv/detail/arm_disarm__rosidl_typesupport_introspection_c.h
-- Installing: /ros_ws/src/install/maneuver/lib/libmaneuver__rosidl_typesupport_introspection_c.so
-- Set non-toolchain portion of runtime path of "/ros_ws/src/install/maneuver/lib/libmaneuver__rosidl_typesupport_introspection_c.so" to ""
-- Installing: /ros_ws/src/install/maneuver/lib/libmaneuver__rosidl_typesupport_c.so
-- Set non-toolchain portion of runtime path of "/ros_ws/src/install/maneuver/lib/libmaneuver__rosidl_typesupport_c.so" to ""
-- Up-to-date: /ros_ws/src/install/maneuver/include/maneuver/maneuver
-- Up-to-date: /ros_ws/src/install/maneuver/include/maneuver/maneuver/msg
-- Up-to-date: /ros_ws/src/install/maneuver/include/maneuver/maneuver/msg/detail
-- Installing: /ros_ws/src/install/maneuver/include/maneuver/maneuver/msg/detail/full_pose__rosidl_typesupport_introspection_cpp.hpp
-- Installing: /ros_ws/src/install/maneuver/include/maneuver/maneuver/msg/detail/full_pose__type_support.cpp
-- Up-to-date: /ros_ws/src/install/maneuver/include/maneuver/maneuver/srv
-- Up-to-date: /ros_ws/src/install/maneuver/include/maneuver/maneuver/srv/detail
-- Installing: /ros_ws/src/install/maneuver/include/maneuver/maneuver/srv/detail/goto_point__rosidl_typesupport_introspection_cpp.hpp
-- Installing: /ros_ws/src/install/maneuver/include/maneuver/maneuver/srv/detail/arm_disarm__rosidl_typesupport_introspection_cpp.hpp
-- Installing: /ros_ws/src/install/maneuver/include/maneuver/maneuver/srv/detail/rotate_to__rosidl_typesupport_introspection_cpp.hpp
-- Installing: /ros_ws/src/install/maneuver/include/maneuver/maneuver/srv/detail/goto_point__type_support.cpp
-- Installing: /ros_ws/src/install/maneuver/include/maneuver/maneuver/srv/detail/goto6_d_point__type_support.cpp
-- Installing: /ros_ws/src/install/maneuver/include/maneuver/maneuver/srv/detail/lift_off__type_support.cpp
-- Installing: /ros_ws/src/install/maneuver/include/maneuver/maneuver/srv/detail/full_flip__type_support.cpp
-- Installing: /ros_ws/src/install/maneuver/include/maneuver/maneuver/srv/detail/ellipse5_d__type_support.cpp
-- Installing: /ros_ws/src/install/maneuver/include/maneuver/maneuver/srv/detail/land__type_support.cpp
-- Installing: /ros_ws/src/install/maneuver/include/maneuver/maneuver/srv/detail/goto6_d_point__rosidl_typesupport_introspection_cpp.hpp
-- Installing: /ros_ws/src/install/maneuver/include/maneuver/maneuver/srv/detail/land__rosidl_typesupport_introspection_cpp.hpp
-- Installing: /ros_ws/src/install/maneuver/include/maneuver/maneuver/srv/detail/ellipse5_d__rosidl_typesupport_introspection_cpp.hpp
-- Installing: /ros_ws/src/install/maneuver/include/maneuver/maneuver/srv/detail/full_flip__rosidl_typesupport_introspection_cpp.hpp
-- Installing: /ros_ws/src/install/maneuver/include/maneuver/maneuver/srv/detail/lift_off__rosidl_typesupport_introspection_cpp.hpp
-- Installing: /ros_ws/src/install/maneuver/include/maneuver/maneuver/srv/detail/arm_disarm__type_support.cpp
-- Installing: /ros_ws/src/install/maneuver/include/maneuver/maneuver/srv/detail/rotate_to__type_support.cpp
-- Installing: /ros_ws/src/install/maneuver/lib/libmaneuver__rosidl_typesupport_introspection_cpp.so
-- Set non-toolchain portion of runtime path of "/ros_ws/src/install/maneuver/lib/libmaneuver__rosidl_typesupport_introspection_cpp.so" to ""
-- Installing: /ros_ws/src/install/maneuver/lib/libmaneuver__rosidl_typesupport_cpp.so
-- Set non-toolchain portion of runtime path of "/ros_ws/src/install/maneuver/lib/libmaneuver__rosidl_typesupport_cpp.so" to ""
-- Installing: /ros_ws/src/install/maneuver/share/maneuver/environment/pythonpath.sh
-- Installing: /ros_ws/src/install/maneuver/share/maneuver/environment/pythonpath.dsv
-- Installing: /ros_ws/src/install/maneuver/lib/python3.12/site-packages/maneuver-0.1.0-py3.12.egg-info
-- Installing: /ros_ws/src/install/maneuver/lib/python3.12/site-packages/maneuver-0.1.0-py3.12.egg-info/dependency_links.txt
-- Installing: /ros_ws/src/install/maneuver/lib/python3.12/site-packages/maneuver-0.1.0-py3.12.egg-info/SOURCES.txt
-- Installing: /ros_ws/src/install/maneuver/lib/python3.12/site-packages/maneuver-0.1.0-py3.12.egg-info/top_level.txt
-- Installing: /ros_ws/src/install/maneuver/lib/python3.12/site-packages/maneuver-0.1.0-py3.12.egg-info/PKG-INFO
-- Installing: /ros_ws/src/install/maneuver/lib/python3.12/site-packages/maneuver
-- Installing: /ros_ws/src/install/maneuver/lib/python3.12/site-packages/maneuver/maneuver_s__rosidl_typesupport_fastrtps_c.so
-- Installing: /ros_ws/src/install/maneuver/lib/python3.12/site-packages/maneuver/_maneuver_s.ep.rosidl_typesupport_introspection_c.c
-- Installing: /ros_ws/src/install/maneuver/lib/python3.12/site-packages/maneuver/msg
-- Installing: /ros_ws/src/install/maneuver/lib/python3.12/site-packages/maneuver/msg/__init__.py
-- Installing: /ros_ws/src/install/maneuver/lib/python3.12/site-packages/maneuver/msg/_full_pose_s.c
-- Installing: /ros_ws/src/install/maneuver/lib/python3.12/site-packages/maneuver/msg/_full_pose.py
-- Installing: /ros_ws/src/install/maneuver/lib/python3.12/site-packages/maneuver/_maneuver_s.ep.rosidl_typesupport_fastrtps_c.c
-- Installing: /ros_ws/src/install/maneuver/lib/python3.12/site-packages/maneuver/__init__.py
-- Installing: /ros_ws/src/install/maneuver/lib/python3.12/site-packages/maneuver/srv
-- Installing: /ros_ws/src/install/maneuver/lib/python3.12/site-packages/maneuver/srv/_goto6_d_point_s.c
-- Installing: /ros_ws/src/install/maneuver/lib/python3.12/site-packages/maneuver/srv/_goto6_d_point.py
-- Installing: /ros_ws/src/install/maneuver/lib/python3.12/site-packages/maneuver/srv/_land_s.c
-- Installing: /ros_ws/src/install/maneuver/lib/python3.12/site-packages/maneuver/srv/_lift_off_s.c
-- Installing: /ros_ws/src/install/maneuver/lib/python3.12/site-packages/maneuver/srv/_goto_point.py
-- Installing: /ros_ws/src/install/maneuver/lib/python3.12/site-packages/maneuver/srv/_ellipse5_d_s.c
-- Installing: /ros_ws/src/install/maneuver/lib/python3.12/site-packages/maneuver/srv/_full_flip.py
-- Installing: /ros_ws/src/install/maneuver/lib/python3.12/site-packages/maneuver/srv/_rotate_to.py
-- Installing: /ros_ws/src/install/maneuver/lib/python3.12/site-packages/maneuver/srv/_rotate_to_s.c
-- Installing: /ros_ws/src/install/maneuver/lib/python3.12/site-packages/maneuver/srv/_ellipse5_d.py
-- Installing: /ros_ws/src/install/maneuver/lib/python3.12/site-packages/maneuver/srv/_arm_disarm.py
-- Installing: /ros_ws/src/install/maneuver/lib/python3.12/site-packages/maneuver/srv/_arm_disarm_s.c
-- Installing: /ros_ws/src/install/maneuver/lib/python3.12/site-packages/maneuver/srv/__init__.py
-- Installing: /ros_ws/src/install/maneuver/lib/python3.12/site-packages/maneuver/srv/_goto_point_s.c
-- Installing: /ros_ws/src/install/maneuver/lib/python3.12/site-packages/maneuver/srv/_full_flip_s.c
-- Installing: /ros_ws/src/install/maneuver/lib/python3.12/site-packages/maneuver/srv/_lift_off.py
-- Installing: /ros_ws/src/install/maneuver/lib/python3.12/site-packages/maneuver/srv/_land.py
-- Installing: /ros_ws/src/install/maneuver/lib/python3.12/site-packages/maneuver/_maneuver_s.ep.rosidl_typesupport_c.c
-- Installing: /ros_ws/src/install/maneuver/lib/python3.12/site-packages/maneuver/maneuver_s__rosidl_typesupport_c.so
-- Installing: /ros_ws/src/install/maneuver/lib/python3.12/site-packages/maneuver/maneuver_s__rosidl_typesupport_introspection_c.so
Listing '/ros_ws/src/install/maneuver/lib/python3.12/site-packages/maneuver'...
Compiling '/ros_ws/src/install/maneuver/lib/python3.12/site-packages/maneuver/__init__.py'...
Listing '/ros_ws/src/install/maneuver/lib/python3.12/site-packages/maneuver/msg'...
Compiling '/ros_ws/src/install/maneuver/lib/python3.12/site-packages/maneuver/msg/__init__.py'...
Compiling '/ros_ws/src/install/maneuver/lib/python3.12/site-packages/maneuver/msg/_full_pose.py'...
Listing '/ros_ws/src/install/maneuver/lib/python3.12/site-packages/maneuver/srv'...
Compiling '/ros_ws/src/install/maneuver/lib/python3.12/site-packages/maneuver/srv/__init__.py'...
Compiling '/ros_ws/src/install/maneuver/lib/python3.12/site-packages/maneuver/srv/_arm_disarm.py'...
Compiling '/ros_ws/src/install/maneuver/lib/python3.12/site-packages/maneuver/srv/_ellipse5_d.py'...
Compiling '/ros_ws/src/install/maneuver/lib/python3.12/site-packages/maneuver/srv/_full_flip.py'...
Compiling '/ros_ws/src/install/maneuver/lib/python3.12/site-packages/maneuver/srv/_goto6_d_point.py'...
Compiling '/ros_ws/src/install/maneuver/lib/python3.12/site-packages/maneuver/srv/_goto_point.py'...
Compiling '/ros_ws/src/install/maneuver/lib/python3.12/site-packages/maneuver/srv/_land.py'...
Compiling '/ros_ws/src/install/maneuver/lib/python3.12/site-packages/maneuver/srv/_lift_off.py'...
Compiling '/ros_ws/src/install/maneuver/lib/python3.12/site-packages/maneuver/srv/_rotate_to.py'...
-- Installing: /ros_ws/src/install/maneuver/lib/python3.12/site-packages/maneuver/maneuver_s__rosidl_typesupport_fastrtps_c.so
-- Set non-toolchain portion of runtime path of "/ros_ws/src/install/maneuver/lib/python3.12/site-packages/maneuver/maneuver_s__rosidl_typesupport_fastrtps_c.so" to ""
-- Installing: /ros_ws/src/install/maneuver/lib/python3.12/site-packages/maneuver/maneuver_s__rosidl_typesupport_introspection_c.so
-- Set non-toolchain portion of runtime path of "/ros_ws/src/install/maneuver/lib/python3.12/site-packages/maneuver/maneuver_s__rosidl_typesupport_introspection_c.so" to ""
-- Installing: /ros_ws/src/install/maneuver/lib/python3.12/site-packages/maneuver/maneuver_s__rosidl_typesupport_c.so
-- Set non-toolchain portion of runtime path of "/ros_ws/src/install/maneuver/lib/python3.12/site-packages/maneuver/maneuver_s__rosidl_typesupport_c.so" to ""
-- Installing: /ros_ws/src/install/maneuver/lib/libmaneuver__rosidl_generator_py.so
-- Set non-toolchain portion of runtime path of "/ros_ws/src/install/maneuver/lib/libmaneuver__rosidl_generator_py.so" to ""
-- Installing: /ros_ws/src/install/maneuver/share/maneuver/msg/FullPose.idl
-- Installing: /ros_ws/src/install/maneuver/share/maneuver/srv/LiftOff.idl
-- Installing: /ros_ws/src/install/maneuver/share/maneuver/srv/ArmDisarm.idl
-- Installing: /ros_ws/src/install/maneuver/share/maneuver/srv/GotoPoint.idl
-- Installing: /ros_ws/src/install/maneuver/share/maneuver/srv/Goto6DPoint.idl
-- Installing: /ros_ws/src/install/maneuver/share/maneuver/srv/Ellipse5D.idl
-- Installing: /ros_ws/src/install/maneuver/share/maneuver/srv/RotateTo.idl
-- Installing: /ros_ws/src/install/maneuver/share/maneuver/srv/Land.idl
-- Installing: /ros_ws/src/install/maneuver/share/maneuver/srv/FullFlip.idl
-- Installing: /ros_ws/src/install/maneuver/share/maneuver/msg/FullPose.msg
-- Installing: /ros_ws/src/install/maneuver/share/maneuver/srv/LiftOff.srv
-- Installing: /ros_ws/src/install/maneuver/share/maneuver/srv/ArmDisarm.srv
-- Installing: /ros_ws/src/install/maneuver/share/maneuver/srv/GotoPoint.srv
-- Installing: /ros_ws/src/install/maneuver/share/maneuver/srv/Goto6DPoint.srv
-- Installing: /ros_ws/src/install/maneuver/share/maneuver/srv/Ellipse5D.srv
-- Installing: /ros_ws/src/install/maneuver/share/maneuver/srv/RotateTo.srv
-- Installing: /ros_ws/src/install/maneuver/share/maneuver/srv/Land.srv
-- Installing: /ros_ws/src/install/maneuver/share/maneuver/srv/FullFlip.srv
-- Installing: /ros_ws/src/install/maneuver/lib/maneuver/maneuver_node
-- Set non-toolchain portion of runtime path of "/ros_ws/src/install/maneuver/lib/maneuver/maneuver_node" to ""
-- Installing: /ros_ws/src/install/maneuver/share/maneuver//launch
-- Installing: /ros_ws/src/install/maneuver/share/maneuver//launch/maneuver.launch.py
-- Installing: /ros_ws/src/install/maneuver/share/ament_index/resource_index/package_run_dependencies/maneuver
-- Installing: /ros_ws/src/install/maneuver/share/ament_index/resource_index/parent_prefix_path/maneuver
-- Installing: /ros_ws/src/install/maneuver/share/maneuver/environment/ament_prefix_path.sh
-- Installing: /ros_ws/src/install/maneuver/share/maneuver/environment/ament_prefix_path.dsv
-- Installing: /ros_ws/src/install/maneuver/share/maneuver/environment/path.sh
-- Installing: /ros_ws/src/install/maneuver/share/maneuver/environment/path.dsv
-- Installing: /ros_ws/src/install/maneuver/share/maneuver/local_setup.bash
-- Installing: /ros_ws/src/install/maneuver/share/maneuver/local_setup.sh
-- Installing: /ros_ws/src/install/maneuver/share/maneuver/local_setup.zsh
-- Installing: /ros_ws/src/install/maneuver/share/maneuver/local_setup.dsv
-- Installing: /ros_ws/src/install/maneuver/share/maneuver/package.dsv
-- Installing: /ros_ws/src/install/maneuver/share/ament_index/resource_index/packages/maneuver
-- Installing: /ros_ws/src/install/maneuver/share/maneuver/cmake/export_maneuver__rosidl_generator_cExport.cmake
-- Installing: /ros_ws/src/install/maneuver/share/maneuver/cmake/export_maneuver__rosidl_generator_cExport-noconfig.cmake
-- Installing: /ros_ws/src/install/maneuver/share/maneuver/cmake/export_maneuver__rosidl_typesupport_fastrtps_cExport.cmake
-- Installing: /ros_ws/src/install/maneuver/share/maneuver/cmake/export_maneuver__rosidl_typesupport_fastrtps_cExport-noconfig.cmake
-- Installing: /ros_ws/src/install/maneuver/share/maneuver/cmake/export_maneuver__rosidl_generator_cppExport.cmake
-- Installing: /ros_ws/src/install/maneuver/share/maneuver/cmake/export_maneuver__rosidl_typesupport_fastrtps_cppExport.cmake
-- Installing: /ros_ws/src/install/maneuver/share/maneuver/cmake/export_maneuver__rosidl_typesupport_fastrtps_cppExport-noconfig.cmake
-- Installing: /ros_ws/src/install/maneuver/share/maneuver/cmake/maneuver__rosidl_typesupport_introspection_cExport.cmake
-- Installing: /ros_ws/src/install/maneuver/share/maneuver/cmake/maneuver__rosidl_typesupport_introspection_cExport-noconfig.cmake
-- Installing: /ros_ws/src/install/maneuver/share/maneuver/cmake/maneuver__rosidl_typesupport_cExport.cmake
-- Installing: /ros_ws/src/install/maneuver/share/maneuver/cmake/maneuver__rosidl_typesupport_cExport-noconfig.cmake
-- Installing: /ros_ws/src/install/maneuver/share/maneuver/cmake/maneuver__rosidl_typesupport_introspection_cppExport.cmake
-- Installing: /ros_ws/src/install/maneuver/share/maneuver/cmake/maneuver__rosidl_typesupport_introspection_cppExport-noconfig.cmake
-- Installing: /ros_ws/src/install/maneuver/share/maneuver/cmake/maneuver__rosidl_typesupport_cppExport.cmake
-- Installing: /ros_ws/src/install/maneuver/share/maneuver/cmake/maneuver__rosidl_typesupport_cppExport-noconfig.cmake
-- Installing: /ros_ws/src/install/maneuver/share/maneuver/cmake/export_maneuver__rosidl_generator_pyExport.cmake
-- Installing: /ros_ws/src/install/maneuver/share/maneuver/cmake/export_maneuver__rosidl_generator_pyExport-noconfig.cmake
-- Installing: /ros_ws/src/install/maneuver/share/maneuver/cmake/rosidl_cmake-extras.cmake
-- Installing: /ros_ws/src/install/maneuver/share/maneuver/cmake/ament_cmake_export_dependencies-extras.cmake
-- Installing: /ros_ws/src/install/maneuver/share/maneuver/cmake/ament_cmake_export_include_directories-extras.cmake
-- Installing: /ros_ws/src/install/maneuver/share/maneuver/cmake/ament_cmake_export_libraries-extras.cmake
-- Installing: /ros_ws/src/install/maneuver/share/maneuver/cmake/ament_cmake_export_targets-extras.cmake
-- Installing: /ros_ws/src/install/maneuver/share/maneuver/cmake/rosidl_cmake_export_typesupport_targets-extras.cmake
-- Installing: /ros_ws/src/install/maneuver/share/maneuver/cmake/rosidl_cmake_export_typesupport_libraries-extras.cmake
-- Installing: /ros_ws/src/install/maneuver/share/maneuver/cmake/maneuverConfig.cmake
-- Installing: /ros_ws/src/install/maneuver/share/maneuver/cmake/maneuverConfig-version.cmake
-- Installing: /ros_ws/src/install/maneuver/share/maneuver/package.xml
