[ 50%] Built target OdometrySensor
[100%] Built target BetaMotorPlugin
-- Install configuration: ""
-- Up-to-date: /ros_ws/src/install/uav_simulator/lib/libBetaMotorPlugin.so
-- Up-to-date: /ros_ws/src/install/uav_simulator/lib/libOdometrySensor.so
-- Up-to-date: /ros_ws/src/install/uav_simulator/share/uav_simulator/launch
-- Up-to-date: /ros_ws/src/install/uav_simulator/share/uav_simulator/launch/gazebo_launch.py
-- Up-to-date: /ros_ws/src/install/uav_simulator/share/uav_simulator/launch/omnicopter_sim.launch.py
-- Up-to-date: /ros_ws/src/install/uav_simulator/share/uav_simulator/worlds
-- Up-to-date: /ros_ws/src/install/uav_simulator/share/uav_simulator/worlds/empty.sdf
-- Up-to-date: /ros_ws/src/install/uav_simulator/share/uav_simulator/worlds/omnicopter.world
-- Up-to-date: /ros_ws/src/install/uav_simulator/share/uav_simulator/worlds/models
-- Up-to-date: /ros_ws/src/install/uav_simulator/share/uav_simulator/worlds/models/omnicopter
-- Up-to-date: /ros_ws/src/install/uav_simulator/share/uav_simulator/worlds/models/omnicopter/meshes
-- Up-to-date: /ros_ws/src/install/uav_simulator/share/uav_simulator/worlds/models/omnicopter/meshes/omni2.stl
-- Up-to-date: /ros_ws/src/install/uav_simulator/share/uav_simulator/worlds/models/omnicopter/meshes/omni.stl
-- Up-to-date: /ros_ws/src/install/uav_simulator/share/uav_simulator/worlds/models/omnicopter/meshes/CW.stl
-- Up-to-date: /ros_ws/src/install/uav_simulator/share/uav_simulator/worlds/models/omnicopter/meshes/CCW.stl
-- Up-to-date: /ros_ws/src/install/uav_simulator/share/uav_simulator/worlds/models/omnicopter/model.sdf
-- Up-to-date: /ros_ws/src/install/uav_simulator/share/uav_simulator/worlds/models/omnicopter/model.config
-- Up-to-date: /ros_ws/src/install/uav_simulator/share/uav_simulator/worlds/models/omnicopter/sphericalToRPY.py
-- Up-to-date: /ros_ws/src/install/uav_simulator/share/uav_simulator/worlds/models/omnicopter/localToFixed.py
-- Up-to-date: /ros_ws/src/install/uav_simulator/share/ament_index/resource_index/package_run_dependencies/uav_simulator
-- Up-to-date: /ros_ws/src/install/uav_simulator/share/ament_index/resource_index/parent_prefix_path/uav_simulator
-- Up-to-date: /ros_ws/src/install/uav_simulator/share/uav_simulator/environment/ament_prefix_path.sh
-- Up-to-date: /ros_ws/src/install/uav_simulator/share/uav_simulator/environment/ament_prefix_path.dsv
-- Up-to-date: /ros_ws/src/install/uav_simulator/share/uav_simulator/environment/path.sh
-- Up-to-date: /ros_ws/src/install/uav_simulator/share/uav_simulator/environment/path.dsv
-- Up-to-date: /ros_ws/src/install/uav_simulator/share/uav_simulator/local_setup.bash
-- Up-to-date: /ros_ws/src/install/uav_simulator/share/uav_simulator/local_setup.sh
-- Up-to-date: /ros_ws/src/install/uav_simulator/share/uav_simulator/local_setup.zsh
-- Up-to-date: /ros_ws/src/install/uav_simulator/share/uav_simulator/local_setup.dsv
-- Installing: /ros_ws/src/install/uav_simulator/share/uav_simulator/package.dsv
-- Up-to-date: /ros_ws/src/install/uav_simulator/share/ament_index/resource_index/packages/uav_simulator
-- Up-to-date: /ros_ws/src/install/uav_simulator/share/uav_simulator/cmake/uav_simulatorConfig.cmake
-- Up-to-date: /ros_ws/src/install/uav_simulator/share/uav_simulator/cmake/uav_simulatorConfig-version.cmake
-- Up-to-date: /ros_ws/src/install/uav_simulator/share/uav_simulator/package.xml
