[0.009s] Invoking command in '/ros_ws/src/build/uav_simulator': CMAKE_PREFIX_PATH=/ros_ws/src/install/maneuver:/ros_ws/src/install/libkdtp:/ros_ws/src/install/uav_simulator:/ros_ws/src/install/controller:/ros_ws/src/install/firmware:/ros_ws/install/firmware:/ros_ws/install/uav_simulator:/ros_ws/install/my_ros2_package:/ros_ws/install/controller:/ros_ws/install/maneuver:/ros_ws/install/libkdtp:/opt/ros/jazzy/opt/gz_math_vendor:/opt/ros/jazzy/opt/gz_utils_vendor:/opt/ros/jazzy/opt/gz_cmake_vendor:/opt/ros/jazzy LD_LIBRARY_PATH=/ros_ws/src/install/maneuver/lib:/ros_ws/src/install/libkdtp/lib:/ros_ws/src/install/uav_simulator/lib:/ros_ws/src/install/controller/lib:/ros_ws/install/uav_simulator/lib:/ros_ws/install/my_ros2_package/lib:/ros_ws/install/controller/lib:/ros_ws/install/maneuver/lib:/ros_ws/install/libkdtp/lib:/opt/ros/jazzy/opt/rviz_ogre_vendor/lib:/opt/ros/jazzy/lib/x86_64-linux-gnu:/opt/ros/jazzy/opt/gz_math_vendor/lib:/opt/ros/jazzy/opt/gz_utils_vendor/lib:/opt/ros/jazzy/opt/gz_cmake_vendor/lib:/opt/ros/jazzy/lib PYTHONPATH=/ros_ws/src/install/maneuver/lib/python3.12/site-packages:/ros_ws/src/install/controller/lib/python3.12/site-packages:/ros_ws/install/my_ros2_package/lib/python3.12/site-packages:/ros_ws/install/controller/lib/python3.12/site-packages:/ros_ws/install/maneuver/lib/python3.12/site-packages:/opt/ros/jazzy/lib/python3.12/site-packages /usr/bin/cmake --build /ros_ws/src/build/uav_simulator -- -j16 -l16
[0.059s] [ 50%] Built target OdometrySensor
[0.062s] [100%] Built target BetaMotorPlugin
[0.069s] Invoked command in '/ros_ws/src/build/uav_simulator' returned '0': CMAKE_PREFIX_PATH=/ros_ws/src/install/maneuver:/ros_ws/src/install/libkdtp:/ros_ws/src/install/uav_simulator:/ros_ws/src/install/controller:/ros_ws/src/install/firmware:/ros_ws/install/firmware:/ros_ws/install/uav_simulator:/ros_ws/install/my_ros2_package:/ros_ws/install/controller:/ros_ws/install/maneuver:/ros_ws/install/libkdtp:/opt/ros/jazzy/opt/gz_math_vendor:/opt/ros/jazzy/opt/gz_utils_vendor:/opt/ros/jazzy/opt/gz_cmake_vendor:/opt/ros/jazzy LD_LIBRARY_PATH=/ros_ws/src/install/maneuver/lib:/ros_ws/src/install/libkdtp/lib:/ros_ws/src/install/uav_simulator/lib:/ros_ws/src/install/controller/lib:/ros_ws/install/uav_simulator/lib:/ros_ws/install/my_ros2_package/lib:/ros_ws/install/controller/lib:/ros_ws/install/maneuver/lib:/ros_ws/install/libkdtp/lib:/opt/ros/jazzy/opt/rviz_ogre_vendor/lib:/opt/ros/jazzy/lib/x86_64-linux-gnu:/opt/ros/jazzy/opt/gz_math_vendor/lib:/opt/ros/jazzy/opt/gz_utils_vendor/lib:/opt/ros/jazzy/opt/gz_cmake_vendor/lib:/opt/ros/jazzy/lib PYTHONPATH=/ros_ws/src/install/maneuver/lib/python3.12/site-packages:/ros_ws/src/install/controller/lib/python3.12/site-packages:/ros_ws/install/my_ros2_package/lib/python3.12/site-packages:/ros_ws/install/controller/lib/python3.12/site-packages:/ros_ws/install/maneuver/lib/python3.12/site-packages:/opt/ros/jazzy/lib/python3.12/site-packages /usr/bin/cmake --build /ros_ws/src/build/uav_simulator -- -j16 -l16
[0.070s] Invoking command in '/ros_ws/src/build/uav_simulator': CMAKE_PREFIX_PATH=/ros_ws/src/install/maneuver:/ros_ws/src/install/libkdtp:/ros_ws/src/install/uav_simulator:/ros_ws/src/install/controller:/ros_ws/src/install/firmware:/ros_ws/install/firmware:/ros_ws/install/uav_simulator:/ros_ws/install/my_ros2_package:/ros_ws/install/controller:/ros_ws/install/maneuver:/ros_ws/install/libkdtp:/opt/ros/jazzy/opt/gz_math_vendor:/opt/ros/jazzy/opt/gz_utils_vendor:/opt/ros/jazzy/opt/gz_cmake_vendor:/opt/ros/jazzy LD_LIBRARY_PATH=/ros_ws/src/install/maneuver/lib:/ros_ws/src/install/libkdtp/lib:/ros_ws/src/install/uav_simulator/lib:/ros_ws/src/install/controller/lib:/ros_ws/install/uav_simulator/lib:/ros_ws/install/my_ros2_package/lib:/ros_ws/install/controller/lib:/ros_ws/install/maneuver/lib:/ros_ws/install/libkdtp/lib:/opt/ros/jazzy/opt/rviz_ogre_vendor/lib:/opt/ros/jazzy/lib/x86_64-linux-gnu:/opt/ros/jazzy/opt/gz_math_vendor/lib:/opt/ros/jazzy/opt/gz_utils_vendor/lib:/opt/ros/jazzy/opt/gz_cmake_vendor/lib:/opt/ros/jazzy/lib PYTHONPATH=/ros_ws/src/install/maneuver/lib/python3.12/site-packages:/ros_ws/src/install/controller/lib/python3.12/site-packages:/ros_ws/install/my_ros2_package/lib/python3.12/site-packages:/ros_ws/install/controller/lib/python3.12/site-packages:/ros_ws/install/maneuver/lib/python3.12/site-packages:/opt/ros/jazzy/lib/python3.12/site-packages /usr/bin/cmake --install /ros_ws/src/build/uav_simulator
[0.076s] -- Install configuration: ""
[0.077s] -- Up-to-date: /ros_ws/src/install/uav_simulator/lib/libBetaMotorPlugin.so
[0.077s] -- Up-to-date: /ros_ws/src/install/uav_simulator/lib/libOdometrySensor.so
[0.077s] -- Up-to-date: /ros_ws/src/install/uav_simulator/share/uav_simulator/launch
[0.077s] -- Up-to-date: /ros_ws/src/install/uav_simulator/share/uav_simulator/launch/gazebo_launch.py
[0.077s] -- Up-to-date: /ros_ws/src/install/uav_simulator/share/uav_simulator/launch/omnicopter_sim.launch.py
[0.077s] -- Up-to-date: /ros_ws/src/install/uav_simulator/share/uav_simulator/worlds
[0.077s] -- Up-to-date: /ros_ws/src/install/uav_simulator/share/uav_simulator/worlds/empty.sdf
[0.077s] -- Up-to-date: /ros_ws/src/install/uav_simulator/share/uav_simulator/worlds/omnicopter.world
[0.078s] -- Up-to-date: /ros_ws/src/install/uav_simulator/share/uav_simulator/worlds/models
[0.078s] -- Up-to-date: /ros_ws/src/install/uav_simulator/share/uav_simulator/worlds/models/omnicopter
[0.078s] -- Up-to-date: /ros_ws/src/install/uav_simulator/share/uav_simulator/worlds/models/omnicopter/meshes
[0.078s] -- Up-to-date: /ros_ws/src/install/uav_simulator/share/uav_simulator/worlds/models/omnicopter/meshes/omni2.stl
[0.078s] -- Up-to-date: /ros_ws/src/install/uav_simulator/share/uav_simulator/worlds/models/omnicopter/meshes/omni.stl
[0.078s] -- Up-to-date: /ros_ws/src/install/uav_simulator/share/uav_simulator/worlds/models/omnicopter/meshes/CW.stl
[0.078s] -- Up-to-date: /ros_ws/src/install/uav_simulator/share/uav_simulator/worlds/models/omnicopter/meshes/CCW.stl
[0.078s] -- Up-to-date: /ros_ws/src/install/uav_simulator/share/uav_simulator/worlds/models/omnicopter/model.sdf
[0.078s] -- Up-to-date: /ros_ws/src/install/uav_simulator/share/uav_simulator/worlds/models/omnicopter/model.config
[0.078s] -- Up-to-date: /ros_ws/src/install/uav_simulator/share/uav_simulator/worlds/models/omnicopter/sphericalToRPY.py
[0.079s] -- Up-to-date: /ros_ws/src/install/uav_simulator/share/uav_simulator/worlds/models/omnicopter/localToFixed.py
[0.079s] -- Up-to-date: /ros_ws/src/install/uav_simulator/share/ament_index/resource_index/package_run_dependencies/uav_simulator
[0.080s] -- Up-to-date: /ros_ws/src/install/uav_simulator/share/ament_index/resource_index/parent_prefix_path/uav_simulator
[0.080s] -- Up-to-date: /ros_ws/src/install/uav_simulator/share/uav_simulator/environment/ament_prefix_path.sh
[0.080s] -- Up-to-date: /ros_ws/src/install/uav_simulator/share/uav_simulator/environment/ament_prefix_path.dsv
[0.080s] -- Up-to-date: /ros_ws/src/install/uav_simulator/share/uav_simulator/environment/path.sh
[0.080s] -- Up-to-date: /ros_ws/src/install/uav_simulator/share/uav_simulator/environment/path.dsv
[0.081s] -- Up-to-date: /ros_ws/src/install/uav_simulator/share/uav_simulator/local_setup.bash
[0.081s] -- Up-to-date: /ros_ws/src/install/uav_simulator/share/uav_simulator/local_setup.sh
[0.081s] -- Up-to-date: /ros_ws/src/install/uav_simulator/share/uav_simulator/local_setup.zsh
[0.081s] -- Up-to-date: /ros_ws/src/install/uav_simulator/share/uav_simulator/local_setup.dsv
[0.081s] -- Installing: /ros_ws/src/install/uav_simulator/share/uav_simulator/package.dsv
[0.081s] -- Up-to-date: /ros_ws/src/install/uav_simulator/share/ament_index/resource_index/packages/uav_simulator
[0.081s] -- Up-to-date: /ros_ws/src/install/uav_simulator/share/uav_simulator/cmake/uav_simulatorConfig.cmake
[0.081s] -- Up-to-date: /ros_ws/src/install/uav_simulator/share/uav_simulator/cmake/uav_simulatorConfig-version.cmake
[0.081s] -- Up-to-date: /ros_ws/src/install/uav_simulator/share/uav_simulator/package.xml
[0.081s] Invoked command in '/ros_ws/src/build/uav_simulator' returned '0': CMAKE_PREFIX_PATH=/ros_ws/src/install/maneuver:/ros_ws/src/install/libkdtp:/ros_ws/src/install/uav_simulator:/ros_ws/src/install/controller:/ros_ws/src/install/firmware:/ros_ws/install/firmware:/ros_ws/install/uav_simulator:/ros_ws/install/my_ros2_package:/ros_ws/install/controller:/ros_ws/install/maneuver:/ros_ws/install/libkdtp:/opt/ros/jazzy/opt/gz_math_vendor:/opt/ros/jazzy/opt/gz_utils_vendor:/opt/ros/jazzy/opt/gz_cmake_vendor:/opt/ros/jazzy LD_LIBRARY_PATH=/ros_ws/src/install/maneuver/lib:/ros_ws/src/install/libkdtp/lib:/ros_ws/src/install/uav_simulator/lib:/ros_ws/src/install/controller/lib:/ros_ws/install/uav_simulator/lib:/ros_ws/install/my_ros2_package/lib:/ros_ws/install/controller/lib:/ros_ws/install/maneuver/lib:/ros_ws/install/libkdtp/lib:/opt/ros/jazzy/opt/rviz_ogre_vendor/lib:/opt/ros/jazzy/lib/x86_64-linux-gnu:/opt/ros/jazzy/opt/gz_math_vendor/lib:/opt/ros/jazzy/opt/gz_utils_vendor/lib:/opt/ros/jazzy/opt/gz_cmake_vendor/lib:/opt/ros/jazzy/lib PYTHONPATH=/ros_ws/src/install/maneuver/lib/python3.12/site-packages:/ros_ws/src/install/controller/lib/python3.12/site-packages:/ros_ws/install/my_ros2_package/lib/python3.12/site-packages:/ros_ws/install/controller/lib/python3.12/site-packages:/ros_ws/install/maneuver/lib/python3.12/site-packages:/opt/ros/jazzy/lib/python3.12/site-packages /usr/bin/cmake --install /ros_ws/src/build/uav_simulator
