[0.007s] Invoking command in '/ros_ws/src/build/uav_simulator': AMENT_PREFIX_PATH=/ros_ws/src/install/maneuver:/ros_ws/src/install/libkdtp:${AMENT_PREFIX_PATH} CMAKE_PREFIX_PATH=/ros_ws/src/install/maneuver:/ros_ws/src/install/libkdtp:/ros_ws/install/uav_simulator:/ros_ws/install/my_ros2_package:/ros_ws/install/controller:/ros_ws/install/maneuver:/ros_ws/install/libkdtp:/opt/ros/jazzy/opt/gz_math_vendor:/opt/ros/jazzy/opt/gz_utils_vendor:/opt/ros/jazzy/opt/gz_cmake_vendor:/opt/ros/jazzy LD_LIBRARY_PATH=/ros_ws/src/install/maneuver/lib:/ros_ws/src/install/libkdtp/lib:${LD_LIBRARY_PATH} PYTHONPATH=/ros_ws/src/install/maneuver/lib/python3.12/site-packages:${PYTHONPATH} /usr/bin/cmake /ros_ws/src/uav_simulator -DCMAKE_INSTALL_PREFIX=/ros_ws/src/install/uav_simulator
[0.040s] -- The C compiler identification is GNU 13.2.0
[0.109s] -- The CXX compiler identification is GNU 13.2.0
[0.129s] -- Detecting C compiler ABI info
[0.251s] -- Detecting C compiler ABI info - done
[0.270s] -- Check for working C compiler: /usr/bin/cc - skipped
[0.270s] -- Detecting C compile features
[0.271s] -- Detecting C compile features - done
[0.287s] -- Detecting CXX compiler ABI info
[0.447s] -- Detecting CXX compiler ABI info - done
[0.464s] -- Check for working CXX compiler: /usr/bin/c++ - skipped
[0.464s] -- Detecting CXX compile features
[0.465s] -- Detecting CXX compile features - done
[0.469s] -- Found ament_cmake: 2.5.2 (/opt/ros/jazzy/share/ament_cmake/cmake)
[0.675s] -- Found Python3: /usr/bin/python3 (found version "3.12.3") found components: Interpreter 
[0.779s] -- Found rclcpp: 28.1.5 (/opt/ros/jazzy/share/rclcpp/cmake)
[0.828s] -- Found rosidl_generator_c: 4.6.4 (/opt/ros/jazzy/share/rosidl_generator_c/cmake)
[0.837s] -- Found rosidl_generator_cpp: 4.6.4 (/opt/ros/jazzy/share/rosidl_generator_cpp/cmake)
[0.849s] -- Using all available rosidl_typesupport_c: rosidl_typesupport_fastrtps_c;rosidl_typesupport_introspection_c
[0.861s] -- Using all available rosidl_typesupport_cpp: rosidl_typesupport_fastrtps_cpp;rosidl_typesupport_introspection_cpp
[0.913s] -- Found rmw_implementation_cmake: 7.3.1 (/opt/ros/jazzy/share/rmw_implementation_cmake/cmake)
[0.915s] -- Found rmw_fastrtps_cpp: 8.4.1 (/opt/ros/jazzy/share/rmw_fastrtps_cpp/cmake)
[0.959s] -- Found OpenSSL: /usr/lib/x86_64-linux-gnu/libcrypto.so (found version "3.0.13")  
[0.972s] -- Found FastRTPS: /opt/ros/jazzy/include (Required is at least version "2.13") 
[0.986s] -- Using RMW implementation 'rmw_fastrtps_cpp' as default
[1.036s] -- Looking for gz-sim8 -- found version 8.7.0
[1.040s] -- Searching for dependencies of gz-sim8
[1.042s] -- Looking for sdformat14 -- found version 14.6.0
[1.042s] -- Searching for dependencies of sdformat14
[1.045s] -- Checking for module 'tinyxml2'
[1.052s] --   Found tinyxml2, version 10.0.0
[1.067s] -- Looking for gz-math7 -- found version 7.5.1
[1.067s] -- Searching for dependencies of gz-math7
[1.068s] -- Looking for gz-utils2 -- found version 2.2.0
[1.068s] -- Searching for dependencies of gz-utils2
[1.069s] -- Looking for gz-utils2 -- found version 2.2.0
[1.069s] -- Searching for dependencies of gz-utils2
[1.069s] -- Searching for <gz-utils2> component [cli]
[1.070s] -- Looking for gz-utils2-cli -- found version 2.2.0
[1.070s] -- Searching for dependencies of gz-utils2-cli
[1.073s] -- Looking for gz-plugin2 -- found version 2.0.3
[1.073s] -- Searching for dependencies of gz-plugin2
[1.073s] -- Looking for gz-utils2 -- found version 2.2.0
[1.073s] -- Searching for <gz-plugin2> component [loader]
[1.075s] -- Looking for gz-plugin2-loader -- found version 2.0.3
[1.075s] -- Searching for dependencies of gz-plugin2-loader
[1.076s] -- Searching for <gz-plugin2> component [register]
[1.077s] -- Looking for gz-plugin2-register -- found version 2.0.3
[1.077s] -- Searching for dependencies of gz-plugin2-register
[1.080s] -- Looking for gz-transport13 -- found version 13.4.0
[1.080s] -- Searching for dependencies of gz-transport13
[1.178s] -- Found Protobuf: /usr/lib/x86_64-linux-gnu/libprotobuf.so (found version "3.21.12") 
[1.208s] -- Config-file not installed for ZeroMQ -- checking for pkg-config
[1.216s] -- Checking for module 'libzmq >= 4'
[1.234s] --   Found libzmq, version 4.3.5
[1.277s] -- Found ZeroMQ: TRUE (Required is at least version "4") 
[1.286s] -- Checking for module 'uuid'
[1.306s] --   Found uuid, version 2.39.3
[1.341s] -- Found UUID: TRUE  
[1.341s] -- Looking for gz-utils2 -- found version 2.2.0
[1.344s] -- Looking for gz-msgs10 -- found version 10.3.1
[1.344s] -- Searching for dependencies of gz-msgs10
[1.358s] -- Looking for gz-utils2 -- found version 2.2.0
[1.358s] -- Looking for gz-math7 -- found version 7.5.1
[1.461s] -- Searching for <gz-transport13> component [log]
[1.463s] -- Looking for gz-transport13-log -- found version 13.4.0
[1.463s] -- Searching for dependencies of gz-transport13-log
[1.463s] -- Searching for <gz-transport13> component [parameters]
[1.465s] -- Looking for gz-transport13-parameters -- found version 13.4.0
[1.465s] -- Searching for dependencies of gz-transport13-parameters
[1.466s] -- Looking for gz-msgs10 -- found version 10.3.1
[1.468s] -- Looking for gz-common5 -- found version 5.7.0
[1.468s] -- Searching for dependencies of gz-common5
[1.468s] -- Looking for gz-utils2 -- found version 2.2.0
[1.468s] -- Looking for dlfcn.h - found
[1.469s] -- Looking for libdl - found
[1.470s] -- Found DL: TRUE  
[1.475s] -- Searching for <gz-common5> component [av]
[1.478s] -- Looking for gz-common5-av -- found version 5.7.0
[1.478s] -- Searching for dependencies of gz-common5-av
[1.482s] -- Checking for module 'libswscale'
[1.496s] --   Found libswscale, version 7.5.100
[1.540s] -- Found SWSCALE: TRUE  
[1.548s] -- Checking for module 'libavdevice >= 56.4.100'
[1.567s] --   Found libavdevice, version 60.3.100
[1.628s] -- Found AVDEVICE: TRUE (Required is at least version "56.4.100") 
[1.637s] -- Checking for module 'libavformat'
[1.650s] --   Found libavformat, version 60.16.100
[1.692s] -- Found AVFORMAT: TRUE  
[1.698s] -- Checking for module 'libavcodec'
[1.706s] --   Found libavcodec, version 60.31.102
[1.726s] -- Found AVCODEC: TRUE  
[1.730s] -- Checking for module 'libavutil'
[1.744s] --   Found libavutil, version 58.29.100
[1.793s] -- Found AVUTIL: TRUE  
[1.794s] -- Searching for <gz-common5> component [events]
[1.800s] -- Looking for gz-common5-events -- found version 5.7.0
[1.800s] -- Searching for dependencies of gz-common5-events
[1.801s] -- Looking for gz-math7 -- found version 7.5.1
[1.802s] -- Searching for <gz-common5> component [graphics]
[1.808s] -- Looking for gz-common5-graphics -- found version 5.7.0
[1.808s] -- Searching for dependencies of gz-common5-graphics
[1.809s] -- Looking for gz-math7 -- found version 7.5.1
[1.817s] -- Found GzAssimp: TRUE (found version "5.3.0") 
[1.818s] -- Searching for <gz-common5> component [io]
[1.823s] -- Looking for gz-common5-io -- found version 5.7.0
[1.823s] -- Searching for dependencies of gz-common5-io
[1.825s] -- Searching for <gz-common5> component [profiler]
[1.830s] -- Looking for gz-common5-profiler -- found version 5.7.0
[1.830s] -- Searching for dependencies of gz-common5-profiler
[1.835s] -- Looking for gz-fuel_tools9 -- found version 9.1.0
[1.835s] -- Searching for dependencies of gz-fuel_tools9
[1.907s] -- Found CURL: /usr/lib/x86_64-linux-gnu/libcurl.so (found version "8.5.0")  
[1.922s] -- Checking for module 'jsoncpp'
[1.935s] --   Found jsoncpp, version 1.9.5
[1.975s] -- Found JSONCPP: TRUE  
[2.008s] -- Checking for module 'yaml-0.1'
[2.023s] --   Found yaml-0.1, version 0.2.5
[2.071s] -- Found YAML: TRUE  
[2.080s] -- Checking for module 'libzip'
[2.101s] --   Found libzip, version 1.7.3
[2.148s] -- Found ZIP: TRUE  
[2.149s] -- Looking for gz-utils2 -- found version 2.2.0
[2.149s] -- Looking for gz-common5 -- found version 5.7.0
[2.149s] -- Searching for dependencies of gz-common5
[2.149s] -- Looking for gz-utils2 -- found version 2.2.0
[2.150s] -- Looking for dlfcn.h - found
[2.150s] -- Looking for libdl - found
[2.154s] -- Searching for <gz-common5> component [testing]
[2.156s] -- Looking for gz-common5-testing -- found version 5.7.0
[2.156s] -- Searching for dependencies of gz-common5-testing
[2.157s] -- Looking for gz-math7 -- found version 7.5.1
[2.157s] -- Looking for gz-msgs10 -- found version 10.3.1
[2.159s] -- Looking for gz-gui8 -- found version 8.3.0
[2.159s] -- Searching for dependencies of gz-gui8
[2.195s] -- Looking for gz-utils2 -- found version 2.2.0
[2.196s] -- Looking for gz-math7 -- found version 7.5.1
[2.196s] -- Looking for gz-common5 -- found version 5.7.0
[2.197s] -- Looking for gz-plugin2 -- found version 2.0.3
[2.197s] -- Looking for gz-transport13 -- found version 13.4.0
[2.201s] -- Looking for gz-rendering8 -- found version 8.2.1
[2.202s] -- Searching for dependencies of gz-rendering8
[2.202s] -- Looking for gz-math7 -- found version 7.5.1
[2.202s] -- Searching for dependencies of gz-math7
[2.202s] -- Looking for gz-utils2 -- found version 2.2.0
[2.203s] -- Searching for <gz-math7> component [eigen3]
[2.203s] -- Looking for gz-math7-eigen3 -- found version 7.5.1
[2.203s] -- Searching for dependencies of gz-math7-eigen3
[2.210s] -- Looking for gz-common5 -- found version 5.7.0
[2.210s] -- Searching for dependencies of gz-common5
[2.210s] -- Looking for gz-utils2 -- found version 2.2.0
[2.210s] -- Looking for dlfcn.h - found
[2.210s] -- Looking for libdl - found
[2.215s] -- Searching for <gz-common5> component [graphics]
[2.215s] -- Searching for <gz-common5> component [events]
[2.215s] -- Searching for <gz-common5> component [geospatial]
[2.217s] -- Looking for gz-common5-geospatial -- found version 5.7.0
[2.217s] -- Searching for dependencies of gz-common5-geospatial
[2.217s] -- Looking for gz-math7 -- found version 7.5.1
[2.218s] -- Looking for gz-common5 -- found version 5.7.0
[2.218s] -- Looking for gz-plugin2 -- found version 2.0.3
[2.219s] -- Searching for dependencies of gz-plugin2
[2.219s] -- Looking for gz-utils2 -- found version 2.2.0
[2.219s] -- Searching for <gz-plugin2> component [all]
[2.221s] -- Looking for all libraries of gz-plugin2 -- found version 2.0.3
[2.221s] -- Looking for gz-plugin2 -- found version 2.0.3
[2.222s] -- Looking for gz-utils2 -- found version 2.2.0
[2.227s] -- Found OpenGL: /usr/lib/x86_64-linux-gnu/libOpenGL.so  found components: OpenGL 
[2.228s] -- Looking for gz-msgs10 -- found version 10.3.1
[2.250s] -- Looking for gz-physics7 -- found version 7.4.0
[2.250s] -- Searching for dependencies of gz-physics7
[2.250s] -- Looking for gz-common5 -- found version 5.7.0
[2.251s] -- Looking for gz-math7 -- found version 7.5.1
[2.251s] -- Looking for gz-plugin2 -- found version 2.0.3
[2.252s] -- Looking for gz-utils2 -- found version 2.2.0
[2.254s] -- Searching for <gz-physics7> component [heightmap]
[2.258s] -- Looking for gz-physics7-heightmap -- found version 7.4.0
[2.258s] -- Searching for dependencies of gz-physics7-heightmap
[2.259s] -- Looking for gz-common5 -- found version 5.7.0
[2.260s] -- Searching for <gz-physics7> component [mesh]
[2.264s] -- Looking for gz-physics7-mesh -- found version 7.4.0
[2.264s] -- Searching for dependencies of gz-physics7-mesh
[2.265s] -- Looking for gz-common5 -- found version 5.7.0
[2.266s] -- Searching for <gz-physics7> component [sdf]
[2.269s] -- Looking for gz-physics7-sdf -- found version 7.4.0
[2.269s] -- Searching for dependencies of gz-physics7-sdf
[2.270s] -- Looking for sdformat14 -- found version 14.6.0
[2.274s] -- Looking for gz-sensors8 -- found version 8.2.1
[2.274s] -- Searching for dependencies of gz-sensors8
[2.293s] -- Looking for gz-math7 -- found version 7.5.1
[2.293s] -- Looking for gz-common5 -- found version 5.7.0
[2.293s] -- Looking for gz-transport13 -- found version 13.4.0
[2.293s] -- Looking for gz-rendering8 -- found version 8.2.1
[2.294s] -- Looking for gz-msgs10 -- found version 10.3.1
[2.294s] -- Looking for sdformat14 -- found version 14.6.0
[2.294s] -- Searching for <gz-sensors8> component [air_pressure]
[2.296s] -- Looking for gz-sensors8-air_pressure -- found version 8.2.1
[2.296s] -- Searching for dependencies of gz-sensors8-air_pressure
[2.297s] -- Searching for <gz-sensors8> component [air_speed]
[2.299s] -- Looking for gz-sensors8-air_speed -- found version 8.2.1
[2.299s] -- Searching for dependencies of gz-sensors8-air_speed
[2.299s] -- Searching for <gz-sensors8> component [altimeter]
[2.301s] -- Looking for gz-sensors8-altimeter -- found version 8.2.1
[2.301s] -- Searching for dependencies of gz-sensors8-altimeter
[2.301s] -- Searching for <gz-sensors8> component [imu]
[2.303s] -- Looking for gz-sensors8-imu -- found version 8.2.1
[2.303s] -- Searching for dependencies of gz-sensors8-imu
[2.303s] -- Searching for <gz-sensors8> component [force_torque]
[2.305s] -- Looking for gz-sensors8-force_torque -- found version 8.2.1
[2.306s] -- Searching for dependencies of gz-sensors8-force_torque
[2.306s] -- Searching for <gz-sensors8> component [logical_camera]
[2.308s] -- Looking for gz-sensors8-logical_camera -- found version 8.2.1
[2.308s] -- Searching for dependencies of gz-sensors8-logical_camera
[2.308s] -- Searching for <gz-sensors8> component [magnetometer]
[2.310s] -- Looking for gz-sensors8-magnetometer -- found version 8.2.1
[2.310s] -- Searching for dependencies of gz-sensors8-magnetometer
[2.311s] -- Searching for <gz-sensors8> component [navsat]
[2.312s] -- Looking for gz-sensors8-navsat -- found version 8.2.1
[2.312s] -- Searching for dependencies of gz-sensors8-navsat
[2.313s] -- Searching for <gz-sensors8> component [dvl]
[2.315s] -- Looking for gz-sensors8-dvl -- found version 8.2.1
[2.315s] -- Searching for dependencies of gz-sensors8-dvl
[2.315s] -- Looking for gz-sensors8 -- found version 8.2.1
[2.315s] -- Searching for dependencies of gz-sensors8
[2.330s] -- Looking for gz-math7 -- found version 7.5.1
[2.330s] -- Looking for gz-common5 -- found version 5.7.0
[2.331s] -- Looking for gz-transport13 -- found version 13.4.0
[2.331s] -- Looking for gz-rendering8 -- found version 8.2.1
[2.331s] -- Looking for gz-msgs10 -- found version 10.3.1
[2.331s] -- Looking for sdformat14 -- found version 14.6.0
[2.332s] -- Searching for <gz-sensors8> component [rendering]
[2.333s] -- Looking for gz-sensors8-rendering -- found version 8.2.1
[2.334s] -- Searching for dependencies of gz-sensors8-rendering
[2.335s] -- Searching for <gz-sensors8> component [rendering]
[2.335s] -- Searching for <gz-sensors8> component [lidar]
[2.336s] -- Looking for gz-sensors8-lidar -- found version 8.2.1
[2.336s] -- Searching for dependencies of gz-sensors8-lidar
[2.337s] -- Looking for gz-sensors8 -- found version 8.2.1
[2.337s] -- Searching for <gz-sensors8> component [gpu_lidar]
[2.339s] -- Looking for gz-sensors8-gpu_lidar -- found version 8.2.1
[2.339s] -- Searching for dependencies of gz-sensors8-gpu_lidar
[2.339s] -- Looking for gz-sensors8 -- found version 8.2.1
[2.340s] -- Searching for <gz-sensors8> component [camera]
[2.341s] -- Looking for gz-sensors8-camera -- found version 8.2.1
[2.341s] -- Searching for dependencies of gz-sensors8-camera
[2.342s] -- Looking for gz-sensors8 -- found version 8.2.1
[2.342s] -- Searching for <gz-sensors8> component [boundingbox_camera]
[2.344s] -- Looking for gz-sensors8-boundingbox_camera -- found version 8.2.1
[2.344s] -- Searching for dependencies of gz-sensors8-boundingbox_camera
[2.345s] -- Searching for <gz-sensors8> component [segmentation_camera]
[2.347s] -- Looking for gz-sensors8-segmentation_camera -- found version 8.2.1
[2.347s] -- Searching for dependencies of gz-sensors8-segmentation_camera
[2.347s] -- Searching for <gz-sensors8> component [depth_camera]
[2.349s] -- Looking for gz-sensors8-depth_camera -- found version 8.2.1
[2.349s] -- Searching for dependencies of gz-sensors8-depth_camera
[2.349s] -- Looking for gz-sensors8 -- found version 8.2.1
[2.350s] -- Searching for <gz-sensors8> component [rgbd_camera]
[2.351s] -- Looking for gz-sensors8-rgbd_camera -- found version 8.2.1
[2.351s] -- Searching for dependencies of gz-sensors8-rgbd_camera
[2.352s] -- Looking for gz-sensors8 -- found version 8.2.1
[2.352s] -- Searching for <gz-sensors8> component [thermal_camera]
[2.354s] -- Looking for gz-sensors8-thermal_camera -- found version 8.2.1
[2.354s] -- Searching for dependencies of gz-sensors8-thermal_camera
[2.354s] -- Looking for gz-sensors8 -- found version 8.2.1
[2.355s] -- Searching for <gz-sensors8> component [wide_angle_camera]
[2.356s] -- Looking for gz-sensors8-wide_angle_camera -- found version 8.2.1
[2.357s] -- Searching for dependencies of gz-sensors8-wide_angle_camera
[2.357s] -- Looking for gz-rendering8 -- found version 8.2.1
[2.358s] -- Looking for gz-math7 -- found version 7.5.1
[2.358s] -- Looking for gz-utils2 -- found version 2.2.0
[2.375s] -- Found geometry_msgs: 5.3.5 (/opt/ros/jazzy/share/geometry_msgs/cmake)
[2.398s] -- Found nav_msgs: 5.3.5 (/opt/ros/jazzy/share/nav_msgs/cmake)
[2.416s] -- Found maneuver: 0.1.0 (/ros_ws/src/install/maneuver/share/maneuver/cmake)
[2.514s] -- Configuring done (2.5s)
[2.542s] -- Generating done (0.0s)
[2.554s] -- Build files have been written to: /ros_ws/src/build/uav_simulator
[2.571s] Invoked command in '/ros_ws/src/build/uav_simulator' returned '0': AMENT_PREFIX_PATH=/ros_ws/src/install/maneuver:/ros_ws/src/install/libkdtp:${AMENT_PREFIX_PATH} CMAKE_PREFIX_PATH=/ros_ws/src/install/maneuver:/ros_ws/src/install/libkdtp:/ros_ws/install/uav_simulator:/ros_ws/install/my_ros2_package:/ros_ws/install/controller:/ros_ws/install/maneuver:/ros_ws/install/libkdtp:/opt/ros/jazzy/opt/gz_math_vendor:/opt/ros/jazzy/opt/gz_utils_vendor:/opt/ros/jazzy/opt/gz_cmake_vendor:/opt/ros/jazzy LD_LIBRARY_PATH=/ros_ws/src/install/maneuver/lib:/ros_ws/src/install/libkdtp/lib:${LD_LIBRARY_PATH} PYTHONPATH=/ros_ws/src/install/maneuver/lib/python3.12/site-packages:${PYTHONPATH} /usr/bin/cmake /ros_ws/src/uav_simulator -DCMAKE_INSTALL_PREFIX=/ros_ws/src/install/uav_simulator
[2.572s] Invoking command in '/ros_ws/src/build/uav_simulator': AMENT_PREFIX_PATH=/ros_ws/src/install/maneuver:/ros_ws/src/install/libkdtp:${AMENT_PREFIX_PATH} CMAKE_PREFIX_PATH=/ros_ws/src/install/maneuver:/ros_ws/src/install/libkdtp:/ros_ws/install/uav_simulator:/ros_ws/install/my_ros2_package:/ros_ws/install/controller:/ros_ws/install/maneuver:/ros_ws/install/libkdtp:/opt/ros/jazzy/opt/gz_math_vendor:/opt/ros/jazzy/opt/gz_utils_vendor:/opt/ros/jazzy/opt/gz_cmake_vendor:/opt/ros/jazzy LD_LIBRARY_PATH=/ros_ws/src/install/maneuver/lib:/ros_ws/src/install/libkdtp/lib:${LD_LIBRARY_PATH} PYTHONPATH=/ros_ws/src/install/maneuver/lib/python3.12/site-packages:${PYTHONPATH} /usr/bin/cmake --build /ros_ws/src/build/uav_simulator -- -j16 -l16
[2.641s] [ 25%] [32mBuilding CXX object CMakeFiles/BetaMotorPlugin.dir/src/beta_motor_plugin.cpp.o[0m
[2.641s] [ 50%] [32mBuilding CXX object CMakeFiles/OdometrySensor.dir/src/odometry_plugin.cpp.o[0m
[9.696s] [ 75%] [32m[1mLinking CXX shared library libOdometrySensor.so[0m
[9.944s] [ 75%] Built target OdometrySensor
[12.610s] [100%] [32m[1mLinking CXX shared library libBetaMotorPlugin.so[0m
[12.968s] [100%] Built target BetaMotorPlugin
[12.975s] Invoked command in '/ros_ws/src/build/uav_simulator' returned '0': AMENT_PREFIX_PATH=/ros_ws/src/install/maneuver:/ros_ws/src/install/libkdtp:${AMENT_PREFIX_PATH} CMAKE_PREFIX_PATH=/ros_ws/src/install/maneuver:/ros_ws/src/install/libkdtp:/ros_ws/install/uav_simulator:/ros_ws/install/my_ros2_package:/ros_ws/install/controller:/ros_ws/install/maneuver:/ros_ws/install/libkdtp:/opt/ros/jazzy/opt/gz_math_vendor:/opt/ros/jazzy/opt/gz_utils_vendor:/opt/ros/jazzy/opt/gz_cmake_vendor:/opt/ros/jazzy LD_LIBRARY_PATH=/ros_ws/src/install/maneuver/lib:/ros_ws/src/install/libkdtp/lib:${LD_LIBRARY_PATH} PYTHONPATH=/ros_ws/src/install/maneuver/lib/python3.12/site-packages:${PYTHONPATH} /usr/bin/cmake --build /ros_ws/src/build/uav_simulator -- -j16 -l16
[12.975s] Invoking command in '/ros_ws/src/build/uav_simulator': AMENT_PREFIX_PATH=/ros_ws/src/install/maneuver:/ros_ws/src/install/libkdtp:${AMENT_PREFIX_PATH} CMAKE_PREFIX_PATH=/ros_ws/src/install/maneuver:/ros_ws/src/install/libkdtp:/ros_ws/install/uav_simulator:/ros_ws/install/my_ros2_package:/ros_ws/install/controller:/ros_ws/install/maneuver:/ros_ws/install/libkdtp:/opt/ros/jazzy/opt/gz_math_vendor:/opt/ros/jazzy/opt/gz_utils_vendor:/opt/ros/jazzy/opt/gz_cmake_vendor:/opt/ros/jazzy LD_LIBRARY_PATH=/ros_ws/src/install/maneuver/lib:/ros_ws/src/install/libkdtp/lib:${LD_LIBRARY_PATH} PYTHONPATH=/ros_ws/src/install/maneuver/lib/python3.12/site-packages:${PYTHONPATH} /usr/bin/cmake --install /ros_ws/src/build/uav_simulator
[12.980s] -- Install configuration: ""
[12.980s] -- Installing: /ros_ws/src/install/uav_simulator/lib/libBetaMotorPlugin.so
[12.984s] -- Set non-toolchain portion of runtime path of "/ros_ws/src/install/uav_simulator/lib/libBetaMotorPlugin.so" to ""
[12.984s] -- Installing: /ros_ws/src/install/uav_simulator/lib/libOdometrySensor.so
[12.986s] -- Set non-toolchain portion of runtime path of "/ros_ws/src/install/uav_simulator/lib/libOdometrySensor.so" to ""
[12.986s] -- Installing: /ros_ws/src/install/uav_simulator/share/uav_simulator/launch
[12.986s] -- Installing: /ros_ws/src/install/uav_simulator/share/uav_simulator/launch/gazebo_launch.py
[12.986s] -- Installing: /ros_ws/src/install/uav_simulator/share/uav_simulator/launch/omnicopter_sim.launch.py
[12.986s] -- Installing: /ros_ws/src/install/uav_simulator/share/uav_simulator/worlds
[12.986s] -- Installing: /ros_ws/src/install/uav_simulator/share/uav_simulator/worlds/empty.sdf
[12.986s] -- Installing: /ros_ws/src/install/uav_simulator/share/uav_simulator/worlds/omnicopter.world
[12.986s] -- Installing: /ros_ws/src/install/uav_simulator/share/uav_simulator/worlds/models
[12.986s] -- Installing: /ros_ws/src/install/uav_simulator/share/uav_simulator/worlds/models/omnicopter
[12.986s] -- Installing: /ros_ws/src/install/uav_simulator/share/uav_simulator/worlds/models/omnicopter/meshes
[12.986s] -- Installing: /ros_ws/src/install/uav_simulator/share/uav_simulator/worlds/models/omnicopter/meshes/omni2.stl
[12.996s] -- Installing: /ros_ws/src/install/uav_simulator/share/uav_simulator/worlds/models/omnicopter/meshes/omni.stl
[13.006s] -- Installing: /ros_ws/src/install/uav_simulator/share/uav_simulator/worlds/models/omnicopter/meshes/CW.stl
[13.006s] -- Installing: /ros_ws/src/install/uav_simulator/share/uav_simulator/worlds/models/omnicopter/meshes/CCW.stl
[13.006s] -- Installing: /ros_ws/src/install/uav_simulator/share/uav_simulator/worlds/models/omnicopter/model.sdf
[13.006s] -- Installing: /ros_ws/src/install/uav_simulator/share/uav_simulator/worlds/models/omnicopter/model.config
[13.006s] -- Installing: /ros_ws/src/install/uav_simulator/share/uav_simulator/worlds/models/omnicopter/sphericalToRPY.py
[13.006s] -- Installing: /ros_ws/src/install/uav_simulator/share/uav_simulator/worlds/models/omnicopter/localToFixed.py
[13.006s] -- Installing: /ros_ws/src/install/uav_simulator/share/ament_index/resource_index/package_run_dependencies/uav_simulator
[13.006s] -- Installing: /ros_ws/src/install/uav_simulator/share/ament_index/resource_index/parent_prefix_path/uav_simulator
[13.006s] -- Installing: /ros_ws/src/install/uav_simulator/share/uav_simulator/environment/ament_prefix_path.sh
[13.006s] -- Installing: /ros_ws/src/install/uav_simulator/share/uav_simulator/environment/ament_prefix_path.dsv
[13.007s] -- Installing: /ros_ws/src/install/uav_simulator/share/uav_simulator/environment/path.sh
[13.007s] -- Installing: /ros_ws/src/install/uav_simulator/share/uav_simulator/environment/path.dsv
[13.007s] -- Installing: /ros_ws/src/install/uav_simulator/share/uav_simulator/local_setup.bash
[13.007s] -- Installing: /ros_ws/src/install/uav_simulator/share/uav_simulator/local_setup.sh
[13.007s] -- Installing: /ros_ws/src/install/uav_simulator/share/uav_simulator/local_setup.zsh
[13.007s] -- Installing: /ros_ws/src/install/uav_simulator/share/uav_simulator/local_setup.dsv
[13.007s] -- Installing: /ros_ws/src/install/uav_simulator/share/uav_simulator/package.dsv
[13.007s] -- Installing: /ros_ws/src/install/uav_simulator/share/ament_index/resource_index/packages/uav_simulator
[13.007s] -- Installing: /ros_ws/src/install/uav_simulator/share/uav_simulator/cmake/uav_simulatorConfig.cmake
[13.007s] -- Installing: /ros_ws/src/install/uav_simulator/share/uav_simulator/cmake/uav_simulatorConfig-version.cmake
[13.007s] -- Installing: /ros_ws/src/install/uav_simulator/share/uav_simulator/package.xml
[13.008s] Invoked command in '/ros_ws/src/build/uav_simulator' returned '0': AMENT_PREFIX_PATH=/ros_ws/src/install/maneuver:/ros_ws/src/install/libkdtp:${AMENT_PREFIX_PATH} CMAKE_PREFIX_PATH=/ros_ws/src/install/maneuver:/ros_ws/src/install/libkdtp:/ros_ws/install/uav_simulator:/ros_ws/install/my_ros2_package:/ros_ws/install/controller:/ros_ws/install/maneuver:/ros_ws/install/libkdtp:/opt/ros/jazzy/opt/gz_math_vendor:/opt/ros/jazzy/opt/gz_utils_vendor:/opt/ros/jazzy/opt/gz_cmake_vendor:/opt/ros/jazzy LD_LIBRARY_PATH=/ros_ws/src/install/maneuver/lib:/ros_ws/src/install/libkdtp/lib:${LD_LIBRARY_PATH} PYTHONPATH=/ros_ws/src/install/maneuver/lib/python3.12/site-packages:${PYTHONPATH} /usr/bin/cmake --install /ros_ws/src/build/uav_simulator
