[0.005s] Invoking command in '/ros_ws/src/build/maneuver': AMENT_PREFIX_PATH=/ros_ws/src/install/libkdtp:${AMENT_PREFIX_PATH} CMAKE_PREFIX_PATH=/ros_ws/src/install/libkdtp:/ros_ws/install/uav_simulator:/ros_ws/install/my_ros2_package:/ros_ws/install/controller:/ros_ws/install/maneuver:/ros_ws/install/libkdtp:/opt/ros/jazzy/opt/gz_math_vendor:/opt/ros/jazzy/opt/gz_utils_vendor:/opt/ros/jazzy/opt/gz_cmake_vendor:/opt/ros/jazzy LD_LIBRARY_PATH=/ros_ws/src/install/libkdtp/lib:${LD_LIBRARY_PATH} /usr/bin/cmake --build /ros_ws/src/build/maneuver -- -j16 -l16
[0.059s] [  1%] Built target maneuver__rosidl_generator_type_description
[0.070s] [  1%] Built target ament_cmake_python_copy_maneuver
[0.087s] [  1%] Built target maneuver__cpp
[0.100s] [ 26%] Built target maneuver__rosidl_generator_c
[0.132s] [ 35%] Built target maneuver__rosidl_typesupport_c
[0.133s] [ 44%] Built target maneuver__rosidl_typesupport_introspection_c
[0.133s] [ 56%] Built target maneuver__rosidl_typesupport_cpp
[0.133s] [ 63%] Built target maneuver__rosidl_typesupport_fastrtps_c
[0.133s] [ 73%] Built target maneuver__rosidl_typesupport_introspection_cpp
[0.135s] [ 83%] Built target maneuver__rosidl_typesupport_fastrtps_cpp
[0.147s] [ 83%] Built target maneuver
[0.151s] [ 84%] Built target maneuver_node
[0.159s] [ 85%] Built target maneuver__py
[0.174s] [ 94%] Built target maneuver__rosidl_generator_py
[0.188s] [100%] Built target maneuver_s__rosidl_typesupport_introspection_c
[0.188s] [100%] Built target maneuver_s__rosidl_typesupport_fastrtps_c
[0.188s] [100%] Built target maneuver_s__rosidl_typesupport_c
[0.245s] running egg_info
[0.256s] writing maneuver.egg-info/PKG-INFO
[0.257s] writing dependency_links to maneuver.egg-info/dependency_links.txt
[0.257s] writing top-level names to maneuver.egg-info/top_level.txt
[0.287s] reading manifest file 'maneuver.egg-info/SOURCES.txt'
[0.287s] writing manifest file 'maneuver.egg-info/SOURCES.txt'
[0.304s] [100%] Built target ament_cmake_python_build_maneuver_egg
[0.311s] Invoked command in '/ros_ws/src/build/maneuver' returned '0': AMENT_PREFIX_PATH=/ros_ws/src/install/libkdtp:${AMENT_PREFIX_PATH} CMAKE_PREFIX_PATH=/ros_ws/src/install/libkdtp:/ros_ws/install/uav_simulator:/ros_ws/install/my_ros2_package:/ros_ws/install/controller:/ros_ws/install/maneuver:/ros_ws/install/libkdtp:/opt/ros/jazzy/opt/gz_math_vendor:/opt/ros/jazzy/opt/gz_utils_vendor:/opt/ros/jazzy/opt/gz_cmake_vendor:/opt/ros/jazzy LD_LIBRARY_PATH=/ros_ws/src/install/libkdtp/lib:${LD_LIBRARY_PATH} /usr/bin/cmake --build /ros_ws/src/build/maneuver -- -j16 -l16
[0.312s] Invoking command in '/ros_ws/src/build/maneuver': AMENT_PREFIX_PATH=/ros_ws/src/install/libkdtp:${AMENT_PREFIX_PATH} CMAKE_PREFIX_PATH=/ros_ws/src/install/libkdtp:/ros_ws/install/uav_simulator:/ros_ws/install/my_ros2_package:/ros_ws/install/controller:/ros_ws/install/maneuver:/ros_ws/install/libkdtp:/opt/ros/jazzy/opt/gz_math_vendor:/opt/ros/jazzy/opt/gz_utils_vendor:/opt/ros/jazzy/opt/gz_cmake_vendor:/opt/ros/jazzy LD_LIBRARY_PATH=/ros_ws/src/install/libkdtp/lib:${LD_LIBRARY_PATH} /usr/bin/cmake --install /ros_ws/src/build/maneuver
[0.317s] -- Install configuration: ""
[0.317s] -- Up-to-date: /ros_ws/src/install/maneuver/share/ament_index/resource_index/rosidl_interfaces/maneuver
[0.317s] -- Up-to-date: /ros_ws/src/install/maneuver/share/maneuver/msg/FullPose.json
[0.317s] -- Up-to-date: /ros_ws/src/install/maneuver/share/maneuver/srv/LiftOff.json
[0.317s] -- Up-to-date: /ros_ws/src/install/maneuver/share/maneuver/srv/ArmDisarm.json
[0.317s] -- Up-to-date: /ros_ws/src/install/maneuver/share/maneuver/srv/GotoPoint.json
[0.317s] -- Up-to-date: /ros_ws/src/install/maneuver/share/maneuver/srv/Goto6DPoint.json
[0.317s] -- Up-to-date: /ros_ws/src/install/maneuver/share/maneuver/srv/Ellipse5D.json
[0.317s] -- Up-to-date: /ros_ws/src/install/maneuver/share/maneuver/srv/RotateTo.json
[0.317s] -- Up-to-date: /ros_ws/src/install/maneuver/share/maneuver/srv/Land.json
[0.318s] -- Up-to-date: /ros_ws/src/install/maneuver/share/maneuver/srv/FullFlip.json
[0.318s] -- Up-to-date: /ros_ws/src/install/maneuver/include/maneuver/maneuver
[0.318s] -- Up-to-date: /ros_ws/src/install/maneuver/include/maneuver/maneuver/msg
[0.318s] -- Up-to-date: /ros_ws/src/install/maneuver/include/maneuver/maneuver/msg/detail
[0.318s] -- Up-to-date: /ros_ws/src/install/maneuver/include/maneuver/maneuver/msg/detail/full_pose__type_support.c
[0.318s] -- Up-to-date: /ros_ws/src/install/maneuver/include/maneuver/maneuver/msg/detail/full_pose__type_support.h
[0.318s] -- Up-to-date: /ros_ws/src/install/maneuver/include/maneuver/maneuver/msg/detail/full_pose__functions.h
[0.318s] -- Up-to-date: /ros_ws/src/install/maneuver/include/maneuver/maneuver/msg/detail/full_pose__functions.c
[0.318s] -- Up-to-date: /ros_ws/src/install/maneuver/include/maneuver/maneuver/msg/detail/full_pose__description.c
[0.318s] -- Up-to-date: /ros_ws/src/install/maneuver/include/maneuver/maneuver/msg/detail/full_pose__struct.h
[0.318s] -- Up-to-date: /ros_ws/src/install/maneuver/include/maneuver/maneuver/msg/full_pose.h
[0.318s] -- Up-to-date: /ros_ws/src/install/maneuver/include/maneuver/maneuver/msg/rosidl_generator_c__visibility_control.h
[0.318s] -- Up-to-date: /ros_ws/src/install/maneuver/include/maneuver/maneuver/srv
[0.318s] -- Up-to-date: /ros_ws/src/install/maneuver/include/maneuver/maneuver/srv/full_flip.h
[0.318s] -- Up-to-date: /ros_ws/src/install/maneuver/include/maneuver/maneuver/srv/rotate_to.h
[0.318s] -- Up-to-date: /ros_ws/src/install/maneuver/include/maneuver/maneuver/srv/land.h
[0.319s] -- Up-to-date: /ros_ws/src/install/maneuver/include/maneuver/maneuver/srv/detail
[0.319s] -- Up-to-date: /ros_ws/src/install/maneuver/include/maneuver/maneuver/srv/detail/land__type_support.h
[0.319s] -- Up-to-date: /ros_ws/src/install/maneuver/include/maneuver/maneuver/srv/detail/full_flip__struct.h
[0.319s] -- Up-to-date: /ros_ws/src/install/maneuver/include/maneuver/maneuver/srv/detail/goto_point__struct.h
[0.319s] -- Up-to-date: /ros_ws/src/install/maneuver/include/maneuver/maneuver/srv/detail/rotate_to__functions.c
[0.319s] -- Up-to-date: /ros_ws/src/install/maneuver/include/maneuver/maneuver/srv/detail/lift_off__description.c
[0.319s] -- Up-to-date: /ros_ws/src/install/maneuver/include/maneuver/maneuver/srv/detail/land__struct.h
[0.319s] -- Up-to-date: /ros_ws/src/install/maneuver/include/maneuver/maneuver/srv/detail/land__functions.c
[0.319s] -- Up-to-date: /ros_ws/src/install/maneuver/include/maneuver/maneuver/srv/detail/full_flip__type_support.c
[0.319s] -- Up-to-date: /ros_ws/src/install/maneuver/include/maneuver/maneuver/srv/detail/rotate_to__description.c
[0.319s] -- Up-to-date: /ros_ws/src/install/maneuver/include/maneuver/maneuver/srv/detail/goto6_d_point__description.c
[0.319s] -- Up-to-date: /ros_ws/src/install/maneuver/include/maneuver/maneuver/srv/detail/goto_point__functions.c
[0.319s] -- Up-to-date: /ros_ws/src/install/maneuver/include/maneuver/maneuver/srv/detail/ellipse5_d__functions.c
[0.319s] -- Up-to-date: /ros_ws/src/install/maneuver/include/maneuver/maneuver/srv/detail/goto6_d_point__functions.c
[0.319s] -- Up-to-date: /ros_ws/src/install/maneuver/include/maneuver/maneuver/srv/detail/rotate_to__type_support.h
[0.319s] -- Up-to-date: /ros_ws/src/install/maneuver/include/maneuver/maneuver/srv/detail/goto6_d_point__type_support.c
[0.319s] -- Up-to-date: /ros_ws/src/install/maneuver/include/maneuver/maneuver/srv/detail/lift_off__type_support.c
[0.320s] -- Up-to-date: /ros_ws/src/install/maneuver/include/maneuver/maneuver/srv/detail/land__type_support.c
[0.320s] -- Up-to-date: /ros_ws/src/install/maneuver/include/maneuver/maneuver/srv/detail/goto_point__description.c
[0.320s] -- Up-to-date: /ros_ws/src/install/maneuver/include/maneuver/maneuver/srv/detail/full_flip__functions.c
[0.320s] -- Up-to-date: /ros_ws/src/install/maneuver/include/maneuver/maneuver/srv/detail/lift_off__functions.c
[0.320s] -- Up-to-date: /ros_ws/src/install/maneuver/include/maneuver/maneuver/srv/detail/rotate_to__functions.h
[0.320s] -- Up-to-date: /ros_ws/src/install/maneuver/include/maneuver/maneuver/srv/detail/rotate_to__struct.h
[0.320s] -- Up-to-date: /ros_ws/src/install/maneuver/include/maneuver/maneuver/srv/detail/ellipse5_d__type_support.c
[0.320s] -- Up-to-date: /ros_ws/src/install/maneuver/include/maneuver/maneuver/srv/detail/goto6_d_point__struct.h
[0.320s] -- Up-to-date: /ros_ws/src/install/maneuver/include/maneuver/maneuver/srv/detail/arm_disarm__description.c
[0.320s] -- Up-to-date: /ros_ws/src/install/maneuver/include/maneuver/maneuver/srv/detail/lift_off__type_support.h
[0.320s] -- Up-to-date: /ros_ws/src/install/maneuver/include/maneuver/maneuver/srv/detail/arm_disarm__functions.h
[0.320s] -- Up-to-date: /ros_ws/src/install/maneuver/include/maneuver/maneuver/srv/detail/arm_disarm__functions.c
[0.320s] -- Up-to-date: /ros_ws/src/install/maneuver/include/maneuver/maneuver/srv/detail/goto_point__functions.h
[0.320s] -- Up-to-date: /ros_ws/src/install/maneuver/include/maneuver/maneuver/srv/detail/land__description.c
[0.320s] -- Up-to-date: /ros_ws/src/install/maneuver/include/maneuver/maneuver/srv/detail/lift_off__struct.h
[0.320s] -- Up-to-date: /ros_ws/src/install/maneuver/include/maneuver/maneuver/srv/detail/arm_disarm__type_support.h
[0.320s] -- Up-to-date: /ros_ws/src/install/maneuver/include/maneuver/maneuver/srv/detail/goto6_d_point__functions.h
[0.320s] -- Up-to-date: /ros_ws/src/install/maneuver/include/maneuver/maneuver/srv/detail/ellipse5_d__struct.h
[0.320s] -- Up-to-date: /ros_ws/src/install/maneuver/include/maneuver/maneuver/srv/detail/land__functions.h
[0.320s] -- Up-to-date: /ros_ws/src/install/maneuver/include/maneuver/maneuver/srv/detail/full_flip__type_support.h
[0.321s] -- Up-to-date: /ros_ws/src/install/maneuver/include/maneuver/maneuver/srv/detail/ellipse5_d__description.c
[0.321s] -- Up-to-date: /ros_ws/src/install/maneuver/include/maneuver/maneuver/srv/detail/goto_point__type_support.c
[0.321s] -- Up-to-date: /ros_ws/src/install/maneuver/include/maneuver/maneuver/srv/detail/rotate_to__type_support.c
[0.321s] -- Up-to-date: /ros_ws/src/install/maneuver/include/maneuver/maneuver/srv/detail/lift_off__functions.h
[0.321s] -- Up-to-date: /ros_ws/src/install/maneuver/include/maneuver/maneuver/srv/detail/goto6_d_point__type_support.h
[0.321s] -- Up-to-date: /ros_ws/src/install/maneuver/include/maneuver/maneuver/srv/detail/full_flip__functions.h
[0.321s] -- Up-to-date: /ros_ws/src/install/maneuver/include/maneuver/maneuver/srv/detail/ellipse5_d__functions.h
[0.321s] -- Up-to-date: /ros_ws/src/install/maneuver/include/maneuver/maneuver/srv/detail/full_flip__description.c
[0.321s] -- Up-to-date: /ros_ws/src/install/maneuver/include/maneuver/maneuver/srv/detail/ellipse5_d__type_support.h
[0.321s] -- Up-to-date: /ros_ws/src/install/maneuver/include/maneuver/maneuver/srv/detail/arm_disarm__type_support.c
[0.321s] -- Up-to-date: /ros_ws/src/install/maneuver/include/maneuver/maneuver/srv/detail/goto_point__type_support.h
[0.321s] -- Up-to-date: /ros_ws/src/install/maneuver/include/maneuver/maneuver/srv/detail/arm_disarm__struct.h
[0.321s] -- Up-to-date: /ros_ws/src/install/maneuver/include/maneuver/maneuver/srv/goto_point.h
[0.321s] -- Up-to-date: /ros_ws/src/install/maneuver/include/maneuver/maneuver/srv/lift_off.h
[0.321s] -- Up-to-date: /ros_ws/src/install/maneuver/include/maneuver/maneuver/srv/ellipse5_d.h
[0.321s] -- Up-to-date: /ros_ws/src/install/maneuver/include/maneuver/maneuver/srv/arm_disarm.h
[0.321s] -- Up-to-date: /ros_ws/src/install/maneuver/include/maneuver/maneuver/srv/goto6_d_point.h
[0.321s] -- Up-to-date: /ros_ws/src/install/maneuver/share/maneuver/environment/library_path.sh
[0.321s] -- Up-to-date: /ros_ws/src/install/maneuver/share/maneuver/environment/library_path.dsv
[0.321s] -- Up-to-date: /ros_ws/src/install/maneuver/lib/libmaneuver__rosidl_generator_c.so
[0.322s] -- Up-to-date: /ros_ws/src/install/maneuver/include/maneuver/maneuver
[0.322s] -- Up-to-date: /ros_ws/src/install/maneuver/include/maneuver/maneuver/msg
[0.322s] -- Up-to-date: /ros_ws/src/install/maneuver/include/maneuver/maneuver/msg/rosidl_typesupport_fastrtps_c__visibility_control.h
[0.322s] -- Up-to-date: /ros_ws/src/install/maneuver/include/maneuver/maneuver/msg/detail
[0.322s] -- Up-to-date: /ros_ws/src/install/maneuver/include/maneuver/maneuver/msg/detail/full_pose__rosidl_typesupport_fastrtps_c.h
[0.322s] -- Up-to-date: /ros_ws/src/install/maneuver/include/maneuver/maneuver/srv
[0.322s] -- Up-to-date: /ros_ws/src/install/maneuver/include/maneuver/maneuver/srv/detail
[0.322s] -- Up-to-date: /ros_ws/src/install/maneuver/include/maneuver/maneuver/srv/detail/land__rosidl_typesupport_fastrtps_c.h
[0.322s] -- Up-to-date: /ros_ws/src/install/maneuver/include/maneuver/maneuver/srv/detail/goto_point__rosidl_typesupport_fastrtps_c.h
[0.322s] -- Up-to-date: /ros_ws/src/install/maneuver/include/maneuver/maneuver/srv/detail/ellipse5_d__rosidl_typesupport_fastrtps_c.h
[0.322s] -- Up-to-date: /ros_ws/src/install/maneuver/include/maneuver/maneuver/srv/detail/lift_off__rosidl_typesupport_fastrtps_c.h
[0.322s] -- Up-to-date: /ros_ws/src/install/maneuver/include/maneuver/maneuver/srv/detail/arm_disarm__rosidl_typesupport_fastrtps_c.h
[0.322s] -- Up-to-date: /ros_ws/src/install/maneuver/include/maneuver/maneuver/srv/detail/goto6_d_point__rosidl_typesupport_fastrtps_c.h
[0.322s] -- Up-to-date: /ros_ws/src/install/maneuver/include/maneuver/maneuver/srv/detail/full_flip__rosidl_typesupport_fastrtps_c.h
[0.322s] -- Up-to-date: /ros_ws/src/install/maneuver/include/maneuver/maneuver/srv/detail/rotate_to__rosidl_typesupport_fastrtps_c.h
[0.322s] -- Up-to-date: /ros_ws/src/install/maneuver/lib/libmaneuver__rosidl_typesupport_fastrtps_c.so
[0.322s] -- Up-to-date: /ros_ws/src/install/maneuver/include/maneuver/maneuver
[0.322s] -- Up-to-date: /ros_ws/src/install/maneuver/include/maneuver/maneuver/msg
[0.322s] -- Up-to-date: /ros_ws/src/install/maneuver/include/maneuver/maneuver/msg/full_pose.hpp
[0.322s] -- Up-to-date: /ros_ws/src/install/maneuver/include/maneuver/maneuver/msg/detail
[0.322s] -- Up-to-date: /ros_ws/src/install/maneuver/include/maneuver/maneuver/msg/detail/full_pose__type_support.hpp
[0.322s] -- Up-to-date: /ros_ws/src/install/maneuver/include/maneuver/maneuver/msg/detail/full_pose__builder.hpp
[0.322s] -- Up-to-date: /ros_ws/src/install/maneuver/include/maneuver/maneuver/msg/detail/full_pose__struct.hpp
[0.323s] -- Up-to-date: /ros_ws/src/install/maneuver/include/maneuver/maneuver/msg/detail/full_pose__traits.hpp
[0.323s] -- Up-to-date: /ros_ws/src/install/maneuver/include/maneuver/maneuver/msg/rosidl_generator_cpp__visibility_control.hpp
[0.323s] -- Up-to-date: /ros_ws/src/install/maneuver/include/maneuver/maneuver/srv
[0.323s] -- Up-to-date: /ros_ws/src/install/maneuver/include/maneuver/maneuver/srv/goto_point.hpp
[0.323s] -- Up-to-date: /ros_ws/src/install/maneuver/include/maneuver/maneuver/srv/land.hpp
[0.323s] -- Up-to-date: /ros_ws/src/install/maneuver/include/maneuver/maneuver/srv/goto6_d_point.hpp
[0.323s] -- Up-to-date: /ros_ws/src/install/maneuver/include/maneuver/maneuver/srv/rotate_to.hpp
[0.323s] -- Up-to-date: /ros_ws/src/install/maneuver/include/maneuver/maneuver/srv/detail
[0.323s] -- Up-to-date: /ros_ws/src/install/maneuver/include/maneuver/maneuver/srv/detail/arm_disarm__traits.hpp
[0.323s] -- Up-to-date: /ros_ws/src/install/maneuver/include/maneuver/maneuver/srv/detail/rotate_to__type_support.hpp
[0.323s] -- Up-to-date: /ros_ws/src/install/maneuver/include/maneuver/maneuver/srv/detail/goto6_d_point__type_support.hpp
[0.323s] -- Up-to-date: /ros_ws/src/install/maneuver/include/maneuver/maneuver/srv/detail/goto_point__type_support.hpp
[0.323s] -- Up-to-date: /ros_ws/src/install/maneuver/include/maneuver/maneuver/srv/detail/lift_off__type_support.hpp
[0.323s] -- Up-to-date: /ros_ws/src/install/maneuver/include/maneuver/maneuver/srv/detail/goto6_d_point__builder.hpp
[0.323s] -- Up-to-date: /ros_ws/src/install/maneuver/include/maneuver/maneuver/srv/detail/land__traits.hpp
[0.323s] -- Up-to-date: /ros_ws/src/install/maneuver/include/maneuver/maneuver/srv/detail/goto_point__builder.hpp
[0.323s] -- Up-to-date: /ros_ws/src/install/maneuver/include/maneuver/maneuver/srv/detail/ellipse5_d__struct.hpp
[0.323s] -- Up-to-date: /ros_ws/src/install/maneuver/include/maneuver/maneuver/srv/detail/land__builder.hpp
[0.323s] -- Up-to-date: /ros_ws/src/install/maneuver/include/maneuver/maneuver/srv/detail/arm_disarm__builder.hpp
[0.323s] -- Up-to-date: /ros_ws/src/install/maneuver/include/maneuver/maneuver/srv/detail/arm_disarm__struct.hpp
[0.323s] -- Up-to-date: /ros_ws/src/install/maneuver/include/maneuver/maneuver/srv/detail/full_flip__type_support.hpp
[0.323s] -- Up-to-date: /ros_ws/src/install/maneuver/include/maneuver/maneuver/srv/detail/ellipse5_d__traits.hpp
[0.323s] -- Up-to-date: /ros_ws/src/install/maneuver/include/maneuver/maneuver/srv/detail/ellipse5_d__type_support.hpp
[0.323s] -- Up-to-date: /ros_ws/src/install/maneuver/include/maneuver/maneuver/srv/detail/lift_off__struct.hpp
[0.324s] -- Up-to-date: /ros_ws/src/install/maneuver/include/maneuver/maneuver/srv/detail/lift_off__traits.hpp
[0.324s] -- Up-to-date: /ros_ws/src/install/maneuver/include/maneuver/maneuver/srv/detail/land__struct.hpp
[0.324s] -- Up-to-date: /ros_ws/src/install/maneuver/include/maneuver/maneuver/srv/detail/land__type_support.hpp
[0.324s] -- Up-to-date: /ros_ws/src/install/maneuver/include/maneuver/maneuver/srv/detail/rotate_to__builder.hpp
[0.324s] -- Up-to-date: /ros_ws/src/install/maneuver/include/maneuver/maneuver/srv/detail/goto6_d_point__struct.hpp
[0.324s] -- Up-to-date: /ros_ws/src/install/maneuver/include/maneuver/maneuver/srv/detail/goto_point__traits.hpp
[0.324s] -- Up-to-date: /ros_ws/src/install/maneuver/include/maneuver/maneuver/srv/detail/rotate_to__struct.hpp
[0.324s] -- Up-to-date: /ros_ws/src/install/maneuver/include/maneuver/maneuver/srv/detail/lift_off__builder.hpp
[0.324s] -- Up-to-date: /ros_ws/src/install/maneuver/include/maneuver/maneuver/srv/detail/arm_disarm__type_support.hpp
[0.324s] -- Up-to-date: /ros_ws/src/install/maneuver/include/maneuver/maneuver/srv/detail/ellipse5_d__builder.hpp
[0.324s] -- Up-to-date: /ros_ws/src/install/maneuver/include/maneuver/maneuver/srv/detail/goto_point__struct.hpp
[0.324s] -- Up-to-date: /ros_ws/src/install/maneuver/include/maneuver/maneuver/srv/detail/full_flip__struct.hpp
[0.324s] -- Up-to-date: /ros_ws/src/install/maneuver/include/maneuver/maneuver/srv/detail/full_flip__traits.hpp
[0.324s] -- Up-to-date: /ros_ws/src/install/maneuver/include/maneuver/maneuver/srv/detail/full_flip__builder.hpp
[0.324s] -- Up-to-date: /ros_ws/src/install/maneuver/include/maneuver/maneuver/srv/detail/goto6_d_point__traits.hpp
[0.324s] -- Up-to-date: /ros_ws/src/install/maneuver/include/maneuver/maneuver/srv/detail/rotate_to__traits.hpp
[0.324s] -- Up-to-date: /ros_ws/src/install/maneuver/include/maneuver/maneuver/srv/ellipse5_d.hpp
[0.324s] -- Up-to-date: /ros_ws/src/install/maneuver/include/maneuver/maneuver/srv/arm_disarm.hpp
[0.324s] -- Up-to-date: /ros_ws/src/install/maneuver/include/maneuver/maneuver/srv/full_flip.hpp
[0.324s] -- Up-to-date: /ros_ws/src/install/maneuver/include/maneuver/maneuver/srv/lift_off.hpp
[0.324s] -- Up-to-date: /ros_ws/src/install/maneuver/include/maneuver/maneuver
[0.324s] -- Up-to-date: /ros_ws/src/install/maneuver/include/maneuver/maneuver/msg
[0.325s] -- Up-to-date: /ros_ws/src/install/maneuver/include/maneuver/maneuver/msg/rosidl_typesupport_fastrtps_cpp__visibility_control.h
[0.325s] -- Up-to-date: /ros_ws/src/install/maneuver/include/maneuver/maneuver/msg/detail
[0.325s] -- Up-to-date: /ros_ws/src/install/maneuver/include/maneuver/maneuver/msg/detail/full_pose__rosidl_typesupport_fastrtps_cpp.hpp
[0.325s] -- Up-to-date: /ros_ws/src/install/maneuver/include/maneuver/maneuver/msg/detail/dds_fastrtps
[0.325s] -- Up-to-date: /ros_ws/src/install/maneuver/include/maneuver/maneuver/srv
[0.325s] -- Up-to-date: /ros_ws/src/install/maneuver/include/maneuver/maneuver/srv/detail
[0.325s] -- Up-to-date: /ros_ws/src/install/maneuver/include/maneuver/maneuver/srv/detail/dds_fastrtps
[0.325s] -- Up-to-date: /ros_ws/src/install/maneuver/include/maneuver/maneuver/srv/detail/full_flip__rosidl_typesupport_fastrtps_cpp.hpp
[0.325s] -- Up-to-date: /ros_ws/src/install/maneuver/include/maneuver/maneuver/srv/detail/lift_off__rosidl_typesupport_fastrtps_cpp.hpp
[0.325s] -- Up-to-date: /ros_ws/src/install/maneuver/include/maneuver/maneuver/srv/detail/land__rosidl_typesupport_fastrtps_cpp.hpp
[0.325s] -- Up-to-date: /ros_ws/src/install/maneuver/include/maneuver/maneuver/srv/detail/rotate_to__rosidl_typesupport_fastrtps_cpp.hpp
[0.325s] -- Up-to-date: /ros_ws/src/install/maneuver/include/maneuver/maneuver/srv/detail/goto6_d_point__rosidl_typesupport_fastrtps_cpp.hpp
[0.325s] -- Up-to-date: /ros_ws/src/install/maneuver/include/maneuver/maneuver/srv/detail/arm_disarm__rosidl_typesupport_fastrtps_cpp.hpp
[0.325s] -- Up-to-date: /ros_ws/src/install/maneuver/include/maneuver/maneuver/srv/detail/goto_point__rosidl_typesupport_fastrtps_cpp.hpp
[0.325s] -- Up-to-date: /ros_ws/src/install/maneuver/include/maneuver/maneuver/srv/detail/ellipse5_d__rosidl_typesupport_fastrtps_cpp.hpp
[0.325s] -- Up-to-date: /ros_ws/src/install/maneuver/lib/libmaneuver__rosidl_typesupport_fastrtps_cpp.so
[0.325s] -- Up-to-date: /ros_ws/src/install/maneuver/include/maneuver/maneuver
[0.325s] -- Up-to-date: /ros_ws/src/install/maneuver/include/maneuver/maneuver/msg
[0.325s] -- Up-to-date: /ros_ws/src/install/maneuver/include/maneuver/maneuver/msg/rosidl_typesupport_introspection_c__visibility_control.h
[0.325s] -- Up-to-date: /ros_ws/src/install/maneuver/include/maneuver/maneuver/msg/detail
[0.325s] -- Up-to-date: /ros_ws/src/install/maneuver/include/maneuver/maneuver/msg/detail/full_pose__type_support.c
[0.325s] -- Up-to-date: /ros_ws/src/install/maneuver/include/maneuver/maneuver/msg/detail/full_pose__rosidl_typesupport_introspection_c.h
[0.325s] -- Up-to-date: /ros_ws/src/install/maneuver/include/maneuver/maneuver/srv
[0.325s] -- Up-to-date: /ros_ws/src/install/maneuver/include/maneuver/maneuver/srv/detail
[0.326s] -- Up-to-date: /ros_ws/src/install/maneuver/include/maneuver/maneuver/srv/detail/ellipse5_d__rosidl_typesupport_introspection_c.h
[0.326s] -- Up-to-date: /ros_ws/src/install/maneuver/include/maneuver/maneuver/srv/detail/full_flip__type_support.c
[0.326s] -- Up-to-date: /ros_ws/src/install/maneuver/include/maneuver/maneuver/srv/detail/goto6_d_point__rosidl_typesupport_introspection_c.h
[0.326s] -- Up-to-date: /ros_ws/src/install/maneuver/include/maneuver/maneuver/srv/detail/rotate_to__rosidl_typesupport_introspection_c.h
[0.326s] -- Up-to-date: /ros_ws/src/install/maneuver/include/maneuver/maneuver/srv/detail/lift_off__rosidl_typesupport_introspection_c.h
[0.326s] -- Up-to-date: /ros_ws/src/install/maneuver/include/maneuver/maneuver/srv/detail/goto6_d_point__type_support.c
[0.326s] -- Up-to-date: /ros_ws/src/install/maneuver/include/maneuver/maneuver/srv/detail/lift_off__type_support.c
[0.326s] -- Up-to-date: /ros_ws/src/install/maneuver/include/maneuver/maneuver/srv/detail/land__type_support.c
[0.326s] -- Up-to-date: /ros_ws/src/install/maneuver/include/maneuver/maneuver/srv/detail/ellipse5_d__type_support.c
[0.326s] -- Up-to-date: /ros_ws/src/install/maneuver/include/maneuver/maneuver/srv/detail/goto_point__rosidl_typesupport_introspection_c.h
[0.326s] -- Up-to-date: /ros_ws/src/install/maneuver/include/maneuver/maneuver/srv/detail/goto_point__type_support.c
[0.326s] -- Up-to-date: /ros_ws/src/install/maneuver/include/maneuver/maneuver/srv/detail/rotate_to__type_support.c
[0.326s] -- Up-to-date: /ros_ws/src/install/maneuver/include/maneuver/maneuver/srv/detail/land__rosidl_typesupport_introspection_c.h
[0.326s] -- Up-to-date: /ros_ws/src/install/maneuver/include/maneuver/maneuver/srv/detail/full_flip__rosidl_typesupport_introspection_c.h
[0.326s] -- Up-to-date: /ros_ws/src/install/maneuver/include/maneuver/maneuver/srv/detail/arm_disarm__type_support.c
[0.326s] -- Up-to-date: /ros_ws/src/install/maneuver/include/maneuver/maneuver/srv/detail/arm_disarm__rosidl_typesupport_introspection_c.h
[0.326s] -- Up-to-date: /ros_ws/src/install/maneuver/lib/libmaneuver__rosidl_typesupport_introspection_c.so
[0.326s] -- Up-to-date: /ros_ws/src/install/maneuver/lib/libmaneuver__rosidl_typesupport_c.so
[0.326s] -- Up-to-date: /ros_ws/src/install/maneuver/include/maneuver/maneuver
[0.326s] -- Up-to-date: /ros_ws/src/install/maneuver/include/maneuver/maneuver/msg
[0.326s] -- Up-to-date: /ros_ws/src/install/maneuver/include/maneuver/maneuver/msg/detail
[0.326s] -- Up-to-date: /ros_ws/src/install/maneuver/include/maneuver/maneuver/msg/detail/full_pose__rosidl_typesupport_introspection_cpp.hpp
[0.326s] -- Up-to-date: /ros_ws/src/install/maneuver/include/maneuver/maneuver/msg/detail/full_pose__type_support.cpp
[0.327s] -- Up-to-date: /ros_ws/src/install/maneuver/include/maneuver/maneuver/srv
[0.327s] -- Up-to-date: /ros_ws/src/install/maneuver/include/maneuver/maneuver/srv/detail
[0.327s] -- Up-to-date: /ros_ws/src/install/maneuver/include/maneuver/maneuver/srv/detail/goto_point__rosidl_typesupport_introspection_cpp.hpp
[0.327s] -- Up-to-date: /ros_ws/src/install/maneuver/include/maneuver/maneuver/srv/detail/arm_disarm__rosidl_typesupport_introspection_cpp.hpp
[0.327s] -- Up-to-date: /ros_ws/src/install/maneuver/include/maneuver/maneuver/srv/detail/rotate_to__rosidl_typesupport_introspection_cpp.hpp
[0.327s] -- Up-to-date: /ros_ws/src/install/maneuver/include/maneuver/maneuver/srv/detail/goto_point__type_support.cpp
[0.327s] -- Up-to-date: /ros_ws/src/install/maneuver/include/maneuver/maneuver/srv/detail/goto6_d_point__type_support.cpp
[0.327s] -- Up-to-date: /ros_ws/src/install/maneuver/include/maneuver/maneuver/srv/detail/lift_off__type_support.cpp
[0.327s] -- Up-to-date: /ros_ws/src/install/maneuver/include/maneuver/maneuver/srv/detail/full_flip__type_support.cpp
[0.327s] -- Up-to-date: /ros_ws/src/install/maneuver/include/maneuver/maneuver/srv/detail/ellipse5_d__type_support.cpp
[0.327s] -- Up-to-date: /ros_ws/src/install/maneuver/include/maneuver/maneuver/srv/detail/land__type_support.cpp
[0.327s] -- Up-to-date: /ros_ws/src/install/maneuver/include/maneuver/maneuver/srv/detail/goto6_d_point__rosidl_typesupport_introspection_cpp.hpp
[0.327s] -- Up-to-date: /ros_ws/src/install/maneuver/include/maneuver/maneuver/srv/detail/land__rosidl_typesupport_introspection_cpp.hpp
[0.327s] -- Up-to-date: /ros_ws/src/install/maneuver/include/maneuver/maneuver/srv/detail/ellipse5_d__rosidl_typesupport_introspection_cpp.hpp
[0.327s] -- Up-to-date: /ros_ws/src/install/maneuver/include/maneuver/maneuver/srv/detail/full_flip__rosidl_typesupport_introspection_cpp.hpp
[0.327s] -- Up-to-date: /ros_ws/src/install/maneuver/include/maneuver/maneuver/srv/detail/lift_off__rosidl_typesupport_introspection_cpp.hpp
[0.327s] -- Up-to-date: /ros_ws/src/install/maneuver/include/maneuver/maneuver/srv/detail/arm_disarm__type_support.cpp
[0.327s] -- Up-to-date: /ros_ws/src/install/maneuver/include/maneuver/maneuver/srv/detail/rotate_to__type_support.cpp
[0.327s] -- Up-to-date: /ros_ws/src/install/maneuver/lib/libmaneuver__rosidl_typesupport_introspection_cpp.so
[0.327s] -- Up-to-date: /ros_ws/src/install/maneuver/lib/libmaneuver__rosidl_typesupport_cpp.so
[0.327s] -- Up-to-date: /ros_ws/src/install/maneuver/share/maneuver/environment/pythonpath.sh
[0.327s] -- Up-to-date: /ros_ws/src/install/maneuver/share/maneuver/environment/pythonpath.dsv
[0.327s] -- Up-to-date: /ros_ws/src/install/maneuver/lib/python3.12/site-packages/maneuver-0.1.0-py3.12.egg-info
[0.327s] -- Installing: /ros_ws/src/install/maneuver/lib/python3.12/site-packages/maneuver-0.1.0-py3.12.egg-info/dependency_links.txt
[0.328s] -- Installing: /ros_ws/src/install/maneuver/lib/python3.12/site-packages/maneuver-0.1.0-py3.12.egg-info/SOURCES.txt
[0.328s] -- Installing: /ros_ws/src/install/maneuver/lib/python3.12/site-packages/maneuver-0.1.0-py3.12.egg-info/top_level.txt
[0.328s] -- Installing: /ros_ws/src/install/maneuver/lib/python3.12/site-packages/maneuver-0.1.0-py3.12.egg-info/PKG-INFO
[0.328s] -- Up-to-date: /ros_ws/src/install/maneuver/lib/python3.12/site-packages/maneuver
[0.328s] -- Up-to-date: /ros_ws/src/install/maneuver/lib/python3.12/site-packages/maneuver/maneuver_s__rosidl_typesupport_fastrtps_c.so
[0.328s] -- Up-to-date: /ros_ws/src/install/maneuver/lib/python3.12/site-packages/maneuver/_maneuver_s.ep.rosidl_typesupport_introspection_c.c
[0.328s] -- Up-to-date: /ros_ws/src/install/maneuver/lib/python3.12/site-packages/maneuver/msg
[0.328s] -- Up-to-date: /ros_ws/src/install/maneuver/lib/python3.12/site-packages/maneuver/msg/__init__.py
[0.328s] -- Up-to-date: /ros_ws/src/install/maneuver/lib/python3.12/site-packages/maneuver/msg/_full_pose_s.c
[0.328s] -- Up-to-date: /ros_ws/src/install/maneuver/lib/python3.12/site-packages/maneuver/msg/_full_pose.py
[0.328s] -- Up-to-date: /ros_ws/src/install/maneuver/lib/python3.12/site-packages/maneuver/_maneuver_s.ep.rosidl_typesupport_fastrtps_c.c
[0.328s] -- Up-to-date: /ros_ws/src/install/maneuver/lib/python3.12/site-packages/maneuver/__init__.py
[0.328s] -- Up-to-date: /ros_ws/src/install/maneuver/lib/python3.12/site-packages/maneuver/srv
[0.328s] -- Up-to-date: /ros_ws/src/install/maneuver/lib/python3.12/site-packages/maneuver/srv/_goto6_d_point_s.c
[0.328s] -- Up-to-date: /ros_ws/src/install/maneuver/lib/python3.12/site-packages/maneuver/srv/_goto6_d_point.py
[0.328s] -- Up-to-date: /ros_ws/src/install/maneuver/lib/python3.12/site-packages/maneuver/srv/_land_s.c
[0.328s] -- Up-to-date: /ros_ws/src/install/maneuver/lib/python3.12/site-packages/maneuver/srv/_lift_off_s.c
[0.328s] -- Up-to-date: /ros_ws/src/install/maneuver/lib/python3.12/site-packages/maneuver/srv/_goto_point.py
[0.328s] -- Up-to-date: /ros_ws/src/install/maneuver/lib/python3.12/site-packages/maneuver/srv/_ellipse5_d_s.c
[0.328s] -- Up-to-date: /ros_ws/src/install/maneuver/lib/python3.12/site-packages/maneuver/srv/_full_flip.py
[0.328s] -- Up-to-date: /ros_ws/src/install/maneuver/lib/python3.12/site-packages/maneuver/srv/_rotate_to.py
[0.328s] -- Up-to-date: /ros_ws/src/install/maneuver/lib/python3.12/site-packages/maneuver/srv/_rotate_to_s.c
[0.328s] -- Up-to-date: /ros_ws/src/install/maneuver/lib/python3.12/site-packages/maneuver/srv/_ellipse5_d.py
[0.329s] -- Up-to-date: /ros_ws/src/install/maneuver/lib/python3.12/site-packages/maneuver/srv/_arm_disarm.py
[0.329s] -- Up-to-date: /ros_ws/src/install/maneuver/lib/python3.12/site-packages/maneuver/srv/_arm_disarm_s.c
[0.329s] -- Up-to-date: /ros_ws/src/install/maneuver/lib/python3.12/site-packages/maneuver/srv/__init__.py
[0.329s] -- Up-to-date: /ros_ws/src/install/maneuver/lib/python3.12/site-packages/maneuver/srv/_goto_point_s.c
[0.329s] -- Up-to-date: /ros_ws/src/install/maneuver/lib/python3.12/site-packages/maneuver/srv/_full_flip_s.c
[0.329s] -- Up-to-date: /ros_ws/src/install/maneuver/lib/python3.12/site-packages/maneuver/srv/_lift_off.py
[0.329s] -- Up-to-date: /ros_ws/src/install/maneuver/lib/python3.12/site-packages/maneuver/srv/_land.py
[0.329s] -- Up-to-date: /ros_ws/src/install/maneuver/lib/python3.12/site-packages/maneuver/_maneuver_s.ep.rosidl_typesupport_c.c
[0.329s] -- Up-to-date: /ros_ws/src/install/maneuver/lib/python3.12/site-packages/maneuver/maneuver_s__rosidl_typesupport_c.so
[0.329s] -- Up-to-date: /ros_ws/src/install/maneuver/lib/python3.12/site-packages/maneuver/maneuver_s__rosidl_typesupport_introspection_c.so
[0.355s] Listing '/ros_ws/src/install/maneuver/lib/python3.12/site-packages/maneuver'...
[0.355s] Listing '/ros_ws/src/install/maneuver/lib/python3.12/site-packages/maneuver/msg'...
[0.355s] Listing '/ros_ws/src/install/maneuver/lib/python3.12/site-packages/maneuver/srv'...
[0.362s] -- Up-to-date: /ros_ws/src/install/maneuver/lib/python3.12/site-packages/maneuver/maneuver_s__rosidl_typesupport_fastrtps_c.so
[0.362s] -- Up-to-date: /ros_ws/src/install/maneuver/lib/python3.12/site-packages/maneuver/maneuver_s__rosidl_typesupport_introspection_c.so
[0.363s] -- Up-to-date: /ros_ws/src/install/maneuver/lib/python3.12/site-packages/maneuver/maneuver_s__rosidl_typesupport_c.so
[0.363s] -- Up-to-date: /ros_ws/src/install/maneuver/lib/libmaneuver__rosidl_generator_py.so
[0.363s] -- Up-to-date: /ros_ws/src/install/maneuver/share/maneuver/msg/FullPose.idl
[0.363s] -- Up-to-date: /ros_ws/src/install/maneuver/share/maneuver/srv/LiftOff.idl
[0.363s] -- Up-to-date: /ros_ws/src/install/maneuver/share/maneuver/srv/ArmDisarm.idl
[0.363s] -- Up-to-date: /ros_ws/src/install/maneuver/share/maneuver/srv/GotoPoint.idl
[0.363s] -- Up-to-date: /ros_ws/src/install/maneuver/share/maneuver/srv/Goto6DPoint.idl
[0.363s] -- Up-to-date: /ros_ws/src/install/maneuver/share/maneuver/srv/Ellipse5D.idl
[0.364s] -- Up-to-date: /ros_ws/src/install/maneuver/share/maneuver/srv/RotateTo.idl
[0.364s] -- Up-to-date: /ros_ws/src/install/maneuver/share/maneuver/srv/Land.idl
[0.364s] -- Up-to-date: /ros_ws/src/install/maneuver/share/maneuver/srv/FullFlip.idl
[0.364s] -- Up-to-date: /ros_ws/src/install/maneuver/share/maneuver/msg/FullPose.msg
[0.364s] -- Up-to-date: /ros_ws/src/install/maneuver/share/maneuver/srv/LiftOff.srv
[0.364s] -- Up-to-date: /ros_ws/src/install/maneuver/share/maneuver/srv/ArmDisarm.srv
[0.364s] -- Up-to-date: /ros_ws/src/install/maneuver/share/maneuver/srv/GotoPoint.srv
[0.364s] -- Up-to-date: /ros_ws/src/install/maneuver/share/maneuver/srv/Goto6DPoint.srv
[0.364s] -- Up-to-date: /ros_ws/src/install/maneuver/share/maneuver/srv/Ellipse5D.srv
[0.364s] -- Up-to-date: /ros_ws/src/install/maneuver/share/maneuver/srv/RotateTo.srv
[0.365s] -- Up-to-date: /ros_ws/src/install/maneuver/share/maneuver/srv/Land.srv
[0.365s] -- Up-to-date: /ros_ws/src/install/maneuver/share/maneuver/srv/FullFlip.srv
[0.365s] -- Up-to-date: /ros_ws/src/install/maneuver/lib/maneuver/maneuver_node
[0.365s] -- Up-to-date: /ros_ws/src/install/maneuver/share/maneuver//launch
[0.365s] -- Up-to-date: /ros_ws/src/install/maneuver/share/maneuver//launch/maneuver.launch.py
[0.365s] -- Up-to-date: /ros_ws/src/install/maneuver/share/ament_index/resource_index/package_run_dependencies/maneuver
[0.365s] -- Up-to-date: /ros_ws/src/install/maneuver/share/ament_index/resource_index/parent_prefix_path/maneuver
[0.365s] -- Up-to-date: /ros_ws/src/install/maneuver/share/maneuver/environment/ament_prefix_path.sh
[0.365s] -- Up-to-date: /ros_ws/src/install/maneuver/share/maneuver/environment/ament_prefix_path.dsv
[0.365s] -- Up-to-date: /ros_ws/src/install/maneuver/share/maneuver/environment/path.sh
[0.366s] -- Up-to-date: /ros_ws/src/install/maneuver/share/maneuver/environment/path.dsv
[0.366s] -- Up-to-date: /ros_ws/src/install/maneuver/share/maneuver/local_setup.bash
[0.366s] -- Up-to-date: /ros_ws/src/install/maneuver/share/maneuver/local_setup.sh
[0.366s] -- Up-to-date: /ros_ws/src/install/maneuver/share/maneuver/local_setup.zsh
[0.366s] -- Up-to-date: /ros_ws/src/install/maneuver/share/maneuver/local_setup.dsv
[0.366s] -- Up-to-date: /ros_ws/src/install/maneuver/share/maneuver/package.dsv
[0.366s] -- Up-to-date: /ros_ws/src/install/maneuver/share/ament_index/resource_index/packages/maneuver
[0.366s] -- Up-to-date: /ros_ws/src/install/maneuver/share/maneuver/cmake/export_maneuver__rosidl_generator_cExport.cmake
[0.366s] -- Up-to-date: /ros_ws/src/install/maneuver/share/maneuver/cmake/export_maneuver__rosidl_generator_cExport-noconfig.cmake
[0.366s] -- Up-to-date: /ros_ws/src/install/maneuver/share/maneuver/cmake/export_maneuver__rosidl_typesupport_fastrtps_cExport.cmake
[0.366s] -- Up-to-date: /ros_ws/src/install/maneuver/share/maneuver/cmake/export_maneuver__rosidl_typesupport_fastrtps_cExport-noconfig.cmake
[0.366s] -- Up-to-date: /ros_ws/src/install/maneuver/share/maneuver/cmake/export_maneuver__rosidl_generator_cppExport.cmake
[0.367s] -- Up-to-date: /ros_ws/src/install/maneuver/share/maneuver/cmake/export_maneuver__rosidl_typesupport_fastrtps_cppExport.cmake
[0.367s] -- Up-to-date: /ros_ws/src/install/maneuver/share/maneuver/cmake/export_maneuver__rosidl_typesupport_fastrtps_cppExport-noconfig.cmake
[0.367s] -- Up-to-date: /ros_ws/src/install/maneuver/share/maneuver/cmake/maneuver__rosidl_typesupport_introspection_cExport.cmake
[0.367s] -- Up-to-date: /ros_ws/src/install/maneuver/share/maneuver/cmake/maneuver__rosidl_typesupport_introspection_cExport-noconfig.cmake
[0.367s] -- Up-to-date: /ros_ws/src/install/maneuver/share/maneuver/cmake/maneuver__rosidl_typesupport_cExport.cmake
[0.367s] -- Up-to-date: /ros_ws/src/install/maneuver/share/maneuver/cmake/maneuver__rosidl_typesupport_cExport-noconfig.cmake
[0.367s] -- Up-to-date: /ros_ws/src/install/maneuver/share/maneuver/cmake/maneuver__rosidl_typesupport_introspection_cppExport.cmake
[0.367s] -- Up-to-date: /ros_ws/src/install/maneuver/share/maneuver/cmake/maneuver__rosidl_typesupport_introspection_cppExport-noconfig.cmake
[0.367s] -- Up-to-date: /ros_ws/src/install/maneuver/share/maneuver/cmake/maneuver__rosidl_typesupport_cppExport.cmake
[0.367s] -- Up-to-date: /ros_ws/src/install/maneuver/share/maneuver/cmake/maneuver__rosidl_typesupport_cppExport-noconfig.cmake
[0.367s] -- Up-to-date: /ros_ws/src/install/maneuver/share/maneuver/cmake/export_maneuver__rosidl_generator_pyExport.cmake
[0.367s] -- Up-to-date: /ros_ws/src/install/maneuver/share/maneuver/cmake/export_maneuver__rosidl_generator_pyExport-noconfig.cmake
[0.367s] -- Up-to-date: /ros_ws/src/install/maneuver/share/maneuver/cmake/rosidl_cmake-extras.cmake
[0.367s] -- Up-to-date: /ros_ws/src/install/maneuver/share/maneuver/cmake/ament_cmake_export_dependencies-extras.cmake
[0.367s] -- Up-to-date: /ros_ws/src/install/maneuver/share/maneuver/cmake/ament_cmake_export_include_directories-extras.cmake
[0.368s] -- Up-to-date: /ros_ws/src/install/maneuver/share/maneuver/cmake/ament_cmake_export_libraries-extras.cmake
[0.368s] -- Up-to-date: /ros_ws/src/install/maneuver/share/maneuver/cmake/ament_cmake_export_targets-extras.cmake
[0.368s] -- Up-to-date: /ros_ws/src/install/maneuver/share/maneuver/cmake/rosidl_cmake_export_typesupport_targets-extras.cmake
[0.368s] -- Up-to-date: /ros_ws/src/install/maneuver/share/maneuver/cmake/rosidl_cmake_export_typesupport_libraries-extras.cmake
[0.368s] -- Up-to-date: /ros_ws/src/install/maneuver/share/maneuver/cmake/maneuverConfig.cmake
[0.368s] -- Up-to-date: /ros_ws/src/install/maneuver/share/maneuver/cmake/maneuverConfig-version.cmake
[0.368s] -- Up-to-date: /ros_ws/src/install/maneuver/share/maneuver/package.xml
[0.369s] Invoked command in '/ros_ws/src/build/maneuver' returned '0': AMENT_PREFIX_PATH=/ros_ws/src/install/libkdtp:${AMENT_PREFIX_PATH} CMAKE_PREFIX_PATH=/ros_ws/src/install/libkdtp:/ros_ws/install/uav_simulator:/ros_ws/install/my_ros2_package:/ros_ws/install/controller:/ros_ws/install/maneuver:/ros_ws/install/libkdtp:/opt/ros/jazzy/opt/gz_math_vendor:/opt/ros/jazzy/opt/gz_utils_vendor:/opt/ros/jazzy/opt/gz_cmake_vendor:/opt/ros/jazzy LD_LIBRARY_PATH=/ros_ws/src/install/libkdtp/lib:${LD_LIBRARY_PATH} /usr/bin/cmake --install /ros_ws/src/build/maneuver
